Component: ARM Compiler 6.15 Tool: armlink [5dd79300]

==============================================================================

Section Cross References

    i2clib.o(.text.I2CSend) refers to i2c.o(i.I2CMasterSlaveAddrSet) for I2CMasterSlaveAddrSet
    i2clib.o(.text.I2CSend) refers to i2c.o(i.I2CMasterDataPut) for I2CMasterDataPut
    i2clib.o(.text.I2CSend) refers to i2c.o(i.I2CMasterControl) for I2CMasterControl
    i2clib.o(.text.I2CSend) refers to i2c.o(i.I2CMasterBusy) for I2CMasterBusy
    i2clib.o(.ARM.exidx.text.I2CSend) refers to i2clib.o(.text.I2CSend) for [Anonymous Symbol]
    i2clib.o(.text.I2CReceive) refers to i2c.o(i.I2CMasterSlaveAddrSet) for I2CMasterSlaveAddrSet
    i2clib.o(.text.I2CReceive) refers to i2c.o(i.I2CMasterDataPut) for I2CMasterDataPut
    i2clib.o(.text.I2CReceive) refers to i2c.o(i.I2CMasterControl) for I2CMasterControl
    i2clib.o(.text.I2CReceive) refers to i2c.o(i.I2CMasterBusy) for I2CMasterBusy
    i2clib.o(.text.I2CReceive) refers to i2c.o(i.I2CMasterDataGet) for I2CMasterDataGet
    i2clib.o(.ARM.exidx.text.I2CReceive) refers to i2clib.o(.text.I2CReceive) for [Anonymous Symbol]
    i2clib.o(.text.I2CWrite) refers to i2c.o(i.I2CMasterSlaveAddrSet) for I2CMasterSlaveAddrSet
    i2clib.o(.text.I2CWrite) refers to i2c.o(i.I2CMasterDataPut) for I2CMasterDataPut
    i2clib.o(.text.I2CWrite) refers to i2c.o(i.I2CMasterControl) for I2CMasterControl
    i2clib.o(.text.I2CWrite) refers to i2c.o(i.I2CMasterBusy) for I2CMasterBusy
    i2clib.o(.ARM.exidx.text.I2CWrite) refers to i2clib.o(.text.I2CWrite) for [Anonymous Symbol]
    i2clib.o(.text.I2CRead) refers to i2c.o(i.I2CMasterSlaveAddrSet) for I2CMasterSlaveAddrSet
    i2clib.o(.text.I2CRead) refers to i2c.o(i.I2CMasterDataPut) for I2CMasterDataPut
    i2clib.o(.text.I2CRead) refers to i2c.o(i.I2CMasterControl) for I2CMasterControl
    i2clib.o(.text.I2CRead) refers to i2c.o(i.I2CMasterBusy) for I2CMasterBusy
    i2clib.o(.text.I2CRead) refers to i2c.o(i.I2CMasterDataGet) for I2CMasterDataGet
    i2clib.o(.ARM.exidx.text.I2CRead) refers to i2clib.o(.text.I2CRead) for [Anonymous Symbol]
    main.o(.text.ConvertToC) refers to dflt_clz.o(x$fpl$dfltu) for __aeabi_ui2d
    main.o(.text.ConvertToC) refers to dmul.o(x$fpl$dmul) for __aeabi_dmul
    main.o(.text.ConvertToC) refers to daddsub_clz.o(x$fpl$dadd) for __aeabi_dadd
    main.o(.text.ConvertToC) refers to dfix.o(x$fpl$dfix) for __aeabi_d2iz
    main.o(.ARM.exidx.text.ConvertToC) refers to main.o(.text.ConvertToC) for [Anonymous Symbol]
    main.o(.text.ConvertToF) refers to main.o(.text.ConvertToC) for ConvertToC
    main.o(.text.ConvertToF) refers to dflt_clz.o(x$fpl$dfltu) for __aeabi_ui2d
    main.o(.text.ConvertToF) refers to dmul.o(x$fpl$dmul) for __aeabi_dmul
    main.o(.text.ConvertToF) refers to daddsub_clz.o(x$fpl$dadd) for __aeabi_dadd
    main.o(.text.ConvertToF) refers to dfix.o(x$fpl$dfix) for __aeabi_d2iz
    main.o(.ARM.exidx.text.ConvertToF) refers to main.o(.text.ConvertToF) for [Anonymous Symbol]
    main.o(.ARM.exidx.text.ConvertToRH) refers to main.o(.text.ConvertToRH) for [Anonymous Symbol]
    main.o(.text.ConfigureUSBUART0) refers to sysctl.o(i.SysCtlPeripheralEnable) for SysCtlPeripheralEnable
    main.o(.text.ConfigureUSBUART0) refers to gpio.o(i.GPIOPinConfigure) for GPIOPinConfigure
    main.o(.text.ConfigureUSBUART0) refers to gpio.o(i.GPIOPinTypeUART) for GPIOPinTypeUART
    main.o(.text.ConfigureUSBUART0) refers to uart.o(i.UARTClockSourceSet) for UARTClockSourceSet
    main.o(.text.ConfigureUSBUART0) refers to uartstdio.o(.text.UARTStdioConfig) for UARTStdioConfig
    main.o(.ARM.exidx.text.ConfigureUSBUART0) refers to main.o(.text.ConfigureUSBUART0) for [Anonymous Symbol]
    main.o(.text.ConfigureBluetoothUART1) refers to sysctl.o(i.SysCtlPeripheralEnable) for SysCtlPeripheralEnable
    main.o(.text.ConfigureBluetoothUART1) refers to gpio.o(i.GPIOPinConfigure) for GPIOPinConfigure
    main.o(.text.ConfigureBluetoothUART1) refers to gpio.o(i.GPIOPinTypeUART) for GPIOPinTypeUART
    main.o(.text.ConfigureBluetoothUART1) refers to sysctl.o(i.SysCtlClockGet) for SysCtlClockGet
    main.o(.text.ConfigureBluetoothUART1) refers to uart.o(i.UARTConfigSetExpClk) for UARTConfigSetExpClk
    main.o(.ARM.exidx.text.ConfigureBluetoothUART1) refers to main.o(.text.ConfigureBluetoothUART1) for [Anonymous Symbol]
    main.o(.text.ConfigureI2C0) refers to sysctl.o(i.SysCtlPeripheralEnable) for SysCtlPeripheralEnable
    main.o(.text.ConfigureI2C0) refers to sysctl.o(i.SysCtlPeripheralReset) for SysCtlPeripheralReset
    main.o(.text.ConfigureI2C0) refers to gpio.o(i.GPIOPinConfigure) for GPIOPinConfigure
    main.o(.text.ConfigureI2C0) refers to gpio.o(i.GPIOPinTypeI2CSCL) for GPIOPinTypeI2CSCL
    main.o(.text.ConfigureI2C0) refers to gpio.o(i.GPIOPinTypeI2C) for GPIOPinTypeI2C
    main.o(.text.ConfigureI2C0) refers to sysctl.o(i.SysCtlClockGet) for SysCtlClockGet
[...]
    .compoundliteral.59                      0x20000286   Data           8  oled_font_source_pro.o(.data..compoundliteral.59)
    [Anonymous Symbol]                       0x20000286   Section        0  oled_font_source_pro.o(.data..compoundliteral.59)
    .compoundliteral.6                       0x2000028e   Data          12  oled_font_source_pro.o(.data..compoundliteral.6)
    [Anonymous Symbol]                       0x2000028e   Section        0  oled_font_source_pro.o(.data..compoundliteral.6)
    .compoundliteral.60                      0x2000029a   Data          10  oled_font_source_pro.o(.data..compoundliteral.60)
    [Anonymous Symbol]                       0x2000029a   Section        0  oled_font_source_pro.o(.data..compoundliteral.60)
    .compoundliteral.61                      0x200002a4   Data          16  oled_font_source_pro.o(.data..compoundliteral.61)
    [Anonymous Symbol]                       0x200002a4   Section        0  oled_font_source_pro.o(.data..compoundliteral.61)
    .compoundliteral.62                      0x200002b4   Data           8  oled_font_source_pro.o(.data..compoundliteral.62)
    [Anonymous Symbol]                       0x200002b4   Section        0  oled_font_source_pro.o(.data..compoundliteral.62)
    .compoundliteral.63                      0x200002bc   Data          12  oled_font_source_pro.o(.data..compoundliteral.63)
    [Anonymous Symbol]                       0x200002bc   Section        0  oled_font_source_pro.o(.data..compoundliteral.63)
    .compoundliteral.64                      0x200002c8   Data          16  oled_font_source_pro.o(.data..compoundliteral.64)
    [Anonymous Symbol]                       0x200002c8   Section        0  oled_font_source_pro.o(.data..compoundliteral.64)
    .compoundliteral.65                      0x200002d8   Data          12  oled_font_source_pro.o(.data..compoundliteral.65)
    [Anonymous Symbol]                       0x200002d8   Section        0  oled_font_source_pro.o(.data..compoundliteral.65)
    .compoundliteral.66                      0x200002e4   Data          12  oled_font_source_pro.o(.data..compoundliteral.66)
    [Anonymous Symbol]                       0x200002e4   Section        0  oled_font_source_pro.o(.data..compoundliteral.66)
    .compoundliteral.67                      0x200002f0   Data          12  oled_font_source_pro.o(.data..compoundliteral.67)
    [Anonymous Symbol]                       0x200002f0   Section        0  oled_font_source_pro.o(.data..compoundliteral.67)
    .compoundliteral.68                      0x200002fc   Data          12  oled_font_source_pro.o(.data..compoundliteral.68)
    [Anonymous Symbol]                       0x200002fc   Section        0  oled_font_source_pro.o(.data..compoundliteral.68)
    .compoundliteral.69                      0x20000308   Data          12  oled_font_source_pro.o(.data..compoundliteral.69)
    [Anonymous Symbol]                       0x20000308   Section        0  oled_font_source_pro.o(.data..compoundliteral.69)
    .compoundliteral.7                       0x20000314   Data          16  oled_font_source_pro.o(.data..compoundliteral.7)
    [Anonymous Symbol]                       0x20000314   Section        0  oled_font_source_pro.o(.data..compoundliteral.7)
    .compoundliteral.70                      0x20000324   Data          12  oled_font_source_pro.o(.data..compoundliteral.70)
    [Anonymous Symbol]                       0x20000324   Section        0  oled_font_source_pro.o(.data..compoundliteral.70)
    .compoundliteral.71                      0x20000330   Data          12  oled_font_source_pro.o(.data..compoundliteral.71)
    [Anonymous Symbol]                       0x20000330   Section        0  oled_font_source_pro.o(.data..compoundliteral.71)
    .compoundliteral.72                      0x2000033c   Data          12  oled_font_source_pro.o(.data..compoundliteral.72)
    [Anonymous Symbol]                       0x2000033c   Section        0  oled_font_source_pro.o(.data..compoundliteral.72)
    .compoundliteral.73                      0x20000348   Data           8  oled_font_source_pro.o(.data..compoundliteral.73)
    [Anonymous Symbol]                       0x20000348   Section        0  oled_font_source_pro.o(.data..compoundliteral.73)
    .compoundliteral.74                      0x20000350   Data           8  oled_font_source_pro.o(.data..compoundliteral.74)
    [Anonymous Symbol]                       0x20000350   Section        0  oled_font_source_pro.o(.data..compoundliteral.74)
    .compoundliteral.75                      0x20000358   Data          12  oled_font_source_pro.o(.data..compoundliteral.75)
    [Anonymous Symbol]                       0x20000358   Section        0  oled_font_source_pro.o(.data..compoundliteral.75)
    .compoundliteral.76                      0x20000364   Data          12  oled_font_source_pro.o(.data..compoundliteral.76)
    [Anonymous Symbol]                       0x20000364   Section        0  oled_font_source_pro.o(.data..compoundliteral.76)
    .compoundliteral.77                      0x20000370   Data          12  oled_font_source_pro.o(.data..compoundliteral.77)
    [Anonymous Symbol]                       0x20000370   Section        0  oled_font_source_pro.o(.data..compoundliteral.77)
    .compoundliteral.78                      0x2000037c   Data          12  oled_font_source_pro.o(.data..compoundliteral.78)
    [Anonymous Symbol]                       0x2000037c   Section        0  oled_font_source_pro.o(.data..compoundliteral.78)
    .compoundliteral.79                      0x20000388   Data          12  oled_font_source_pro.o(.data..compoundliteral.79)
    [Anonymous Symbol]                       0x20000388   Section        0  oled_font_source_pro.o(.data..compoundliteral.79)
    .compoundliteral.8                       0x20000394   Data           6  oled_font_source_pro.o(.data..compoundliteral.8)
    [Anonymous Symbol]                       0x20000394   Section        0  oled_font_source_pro.o(.data..compoundliteral.8)
    .compoundliteral.80                      0x2000039a   Data          12  oled_font_source_pro.o(.data..compoundliteral.80)
    [Anonymous Symbol]                       0x2000039a   Section        0  oled_font_source_pro.o(.data..compoundliteral.80)
    .compoundliteral.81                      0x200003a6   Data          12  oled_font_source_pro.o(.data..compoundliteral.81)
    [Anonymous Symbol]                       0x200003a6   Section        0  oled_font_source_pro.o(.data..compoundliteral.81)
    .compoundliteral.82                      0x200003b2   Data          10  oled_font_source_pro.o(.data..compoundliteral.82)
    [Anonymous Symbol]                       0x200003b2   Section        0  oled_font_source_pro.o(.data..compoundliteral.82)
    .compoundliteral.83                      0x200003bc   Data          12  oled_font_source_pro.o(.data..compoundliteral.83)
    [Anonymous Symbol]                       0x200003bc   Section        0  oled_font_source_pro.o(.data..compoundliteral.83)
    .compoundliteral.84                      0x200003c8   Data          12  oled_font_source_pro.o(.data..compoundliteral.84)
    [Anonymous Symbol]                       0x200003c8   Section        0  oled_font_source_pro.o(.data..compoundliteral.84)
    .compoundliteral.85                      0x200003d4   Data          12  oled_font_source_pro.o(.data..compoundliteral.85)
    [Anonymous Symbol]                       0x200003d4   Section        0  oled_font_source_pro.o(.data..compoundliteral.85)
    .compoundliteral.86                      0x200003e0   Data          12  oled_font_source_pro.o(.data..compoundliteral.86)
    [Anonymous Symbol]                       0x200003e0   Section        0  oled_font_source_pro.o(.data..compoundliteral.86)
    .compoundliteral.87                      0x200003ec   Data          16  oled_font_source_pro.o(.data..compoundliteral.87)
    [Anonymous Symbol]                       0x200003ec   Section        0  oled_font_source_pro.o(.data..compoundliteral.87)
    .compoundliteral.88                      0x200003fc   Data          12  oled_font_source_pro.o(.data..compoundliteral.88)
    [Anonymous Symbol]                       0x200003fc   Section        0  oled_font_source_pro.o(.data..compoundliteral.88)
    .compoundliteral.89                      0x20000408   Data          12  oled_font_source_pro.o(.data..compoundliteral.89)
    [Anonymous Symbol]                       0x20000408   Section        0  oled_font_source_pro.o(.data..compoundliteral.89)
    .compoundliteral.9                       0x20000414   Data           6  oled_font_source_pro.o(.data..compoundliteral.9)
    [Anonymous Symbol]                       0x20000414   Section        0  oled_font_source_pro.o(.data..compoundliteral.9)
    .compoundliteral.90                      0x2000041a   Data          12  oled_font_source_pro.o(.data..compoundliteral.90)
    [Anonymous Symbol]                       0x2000041a   Section        0  oled_font_source_pro.o(.data..compoundliteral.90)
    .compoundliteral.91                      0x20000426   Data          10  oled_font_source_pro.o(.data..compoundliteral.91)
    [Anonymous Symbol]                       0x20000426   Section        0  oled_font_source_pro.o(.data..compoundliteral.91)
    .compoundliteral.92                      0x20000430   Data          16  oled_font_source_pro.o(.data..compoundliteral.92)
    [Anonymous Symbol]                       0x20000430   Section        0  oled_font_source_pro.o(.data..compoundliteral.92)
    .compoundliteral.93                      0x20000440   Data          10  oled_font_source_pro.o(.data..compoundliteral.93)
    [Anonymous Symbol]                       0x20000440   Section        0  oled_font_source_pro.o(.data..compoundliteral.93)
    .compoundliteral.94                      0x2000044a   Data          12  oled_font_source_pro.o(.data..compoundliteral.94)
    [Anonymous Symbol]                       0x2000044a   Section        0  oled_font_source_pro.o(.data..compoundliteral.94)
    g_pfnRAMVectors                          0x20000800   Data         620  interrupt.o(vtable)
    vtable                                   0x20000800   Section      620  interrupt.o(vtable)
    .bss                                     0x20000a70   Section       96  libspace.o(.bss)
    .compoundliteral                         0x20000ad0   Data          16  oled_font_source_pro.o(.bss..compoundliteral)
    [Anonymous Symbol]                       0x20000ad0   Section        0  oled_font_source_pro.o(.bss..compoundliteral)
    g_ui32Base                               0x20000ae0   Data           4  uartstdio.o(.bss.g_ui32Base)
    [Anonymous Symbol]                       0x20000ae0   Section        0  uartstdio.o(.bss.g_ui32Base)
    print.buf                                0x20000ae6   Data         256  main.o(.bss.print.buf)
    [Anonymous Symbol]                       0x20000ae6   Section        0  main.o(.bss.print.buf)
    HeapMem                                  0x20000bf0   Data           0  startup_rvmdk.o(HEAP)
    StackMem                                 0x20000bf0   Data           0  startup_rvmdk.o(STACK)
    HEAP                                     0x20000bf0   Section        0  startup_rvmdk.o(HEAP)
    STACK                                    0x20000bf0   Section      256  startup_rvmdk.o(STACK)

    Global Symbols

    Symbol Name                              Value     Ov Type        Size  Object(Section)

    BuildAttributes$$THM_ISAv4$E$P$D$K$B$S$7EM$VFPi3$EXTD16$VFPS$VFMA$PE$A:L22UL41UL21$X:L11$S22US41US21$IEEE1$IW$~IW$USESV6$~STKCKD$USESV7$~SHL$OTIME$ROPI$IEEEJ$EBA8$UX$STANDARDLIB$REQ8$PRES8$EABIv2 0x00000000   Number         0  anon$$obj.o ABSOLUTE
    __Vectors                                0x00000000   Data           0  startup_rvmdk.o(RESET)
    _printf_flags                            0x00000000   Number         0  printf_stubs.o ABSOLUTE
    _printf_return_value                     0x00000000   Number         0  printf_stubs.o ABSOLUTE
    _printf_sizespec                         0x00000000   Number         0  printf_stubs.o ABSOLUTE
    _printf_widthprec                        0x00000000   Number         0  printf_stubs.o ABSOLUTE
    __ARM_exceptions_init                     - Undefined Weak Reference
    __alloca_initialize                       - Undefined Weak Reference
    __arm_preinit_                            - Undefined Weak Reference
    __cpp_initialize__aeabi_                  - Undefined Weak Reference
    __cxa_finalize                            - Undefined Weak Reference
    __sigvec_lookup                           - Undefined Weak Reference
    _atexit_init                              - Undefined Weak Reference
    _call_atexit_fns                          - Undefined Weak Reference
    _clock_init                               - Undefined Weak Reference
    _fp_trap_init                             - Undefined Weak Reference
    _fp_trap_shutdown                         - Undefined Weak Reference
    _get_lc_collate                           - Undefined Weak Reference
    _get_lc_monetary                          - Undefined Weak Reference
    _get_lc_time                              - Undefined Weak Reference
    _getenv_init                              - Undefined Weak Reference
    _handle_redirection                       - Undefined Weak Reference
    _init_alloc                               - Undefined Weak Reference
    _init_user_alloc                          - Undefined Weak Reference
    _initio                                   - Undefined Weak Reference
    _printf_mbtowc                            - Undefined Weak Reference
    _printf_wc                                - Undefined Weak Reference
    _rand_init                                - Undefined Weak Reference
    _signal_finish                            - Undefined Weak Reference
    _signal_init                              - Undefined Weak Reference
    _terminate_alloc                          - Undefined Weak Reference
    _terminate_user_alloc                     - Undefined Weak Reference
    _terminateio                              - Undefined Weak Reference
    Reset_Handler                            0x0000026d   Thumb Code     0  startup_rvmdk.o(RESET)
    __main                                   0x00000289   Thumb Code     8  __main.o(!!!main)
    __scatterload                            0x00000291   Thumb Code     0  __scatter.o(!!!scatter)
    __scatterload_rt2                        0x00000291   Thumb Code    44  __scatter.o(!!!scatter)
    __scatterload_rt2_thumb_only             0x00000291   Thumb Code     0  __scatter.o(!!!scatter)
    __scatterload_null                       0x0000029f   Thumb Code     0  __scatter.o(!!!scatter)
    __decompress                             0x000002c5   Thumb Code    90  __dczerorl2.o(!!dczerorl2)
    __decompress1                            0x000002c5   Thumb Code     0  __dczerorl2.o(!!dczerorl2)
    __scatterload_zeroinit                   0x00000321   Thumb Code    28  __scatter_zi.o(!!handler_zi)
    _printf_n                                0x0000033d   Thumb Code     0  _printf_n.o(.ARM.Collect$$_printf_percent$$00000001)
    _printf_percent                          0x0000033d   Thumb Code     0  _printf_percent.o(.ARM.Collect$$_printf_percent$$00000000)
    _printf_p                                0x00000343   Thumb Code     0  _printf_p.o(.ARM.Collect$$_printf_percent$$00000002)
    _printf_f                                0x00000349   Thumb Code     0  _printf_f.o(.ARM.Collect$$_printf_percent$$00000003)
    _printf_e                                0x0000034f   Thumb Code     0  _printf_e.o(.ARM.Collect$$_printf_percent$$00000004)
    _printf_g                                0x00000355   Thumb Code     0  _printf_g.o(.ARM.Collect$$_printf_percent$$00000005)
    _printf_a                                0x0000035b   Thumb Code     0  _printf_a.o(.ARM.Collect$$_printf_percent$$00000006)
    _printf_ll                               0x00000361   Thumb Code     0  _printf_ll.o(.ARM.Collect$$_printf_percent$$00000007)
    _printf_i                                0x0000036b   Thumb Code     0  _printf_i.o(.ARM.Collect$$_printf_percent$$00000008)
    _printf_d                                0x00000371   Thumb Code     0  _printf_d.o(.ARM.Collect$$_printf_percent$$00000009)
    _printf_u                                0x00000377   Thumb Code     0  _printf_u.o(.ARM.Collect$$_printf_percent$$0000000A)
    _printf_o                                0x0000037d   Thumb Code     0  _printf_o.o(.ARM.Collect$$_printf_percent$$0000000B)
    _printf_x                                0x00000383   Thumb Code     0  _printf_x.o(.ARM.Collect$$_printf_percent$$0000000C)
    _printf_lli                              0x00000389   Thumb Code     0  _printf_lli.o(.ARM.Collect$$_printf_percent$$0000000D)
    _printf_lld                              0x0000038f   Thumb Code     0  _printf_lld.o(.ARM.Collect$$_printf_percent$$0000000E)
    _printf_llu                              0x00000395   Thumb Code     0  _printf_llu.o(.ARM.Collect$$_printf_percent$$0000000F)
    _printf_llo                              0x0000039b   Thumb Code     0  _printf_llo.o(.ARM.Collect$$_printf_percent$$00000010)
    _printf_llx                              0x000003a1   Thumb Code     0  _printf_llx.o(.ARM.Collect$$_printf_percent$$00000011)
    _printf_l                                0x000003a7   Thumb Code     0  _printf_l.o(.ARM.Collect$$_printf_percent$$00000012)
    _printf_c                                0x000003b1   Thumb Code     0  _printf_c.o(.ARM.Collect$$_printf_percent$$00000013)
    _printf_s                                0x000003b7   Thumb Code     0  _printf_s.o(.ARM.Collect$$_printf_percent$$00000014)
    _printf_lc                               0x000003bd   Thumb Code     0  _printf_lc.o(.ARM.Collect$$_printf_percent$$00000015)
    _printf_ls                               0x000003c3   Thumb Code     0  _printf_ls.o(.ARM.Collect$$_printf_percent$$00000016)
    _printf_percent_end                      0x000003c9   Thumb Code     0  _printf_percent_end.o(.ARM.Collect$$_printf_percent$$00000017)
    __rt_lib_init                            0x000003cd   Thumb Code     0  libinit.o(.ARM.Collect$$libinit$$00000000)
    __rt_lib_init_fp_1                       0x000003cf   Thumb Code     0  libinit2.o(.ARM.Collect$$libinit$$00000001)
    __rt_lib_init_heap_1                     0x000003d3   Thumb Code     0  libinit2.o(.ARM.Collect$$libinit$$0000000A)
    __rt_lib_init_lc_common                  0x000003d3   Thumb Code     0  libinit2.o(.ARM.Collect$$libinit$$0000000F)
    __rt_lib_init_preinit_1                  0x000003d3   Thumb Code     0  libinit2.o(.ARM.Collect$$libinit$$00000004)
    __rt_lib_init_rand_1                     0x000003d3   Thumb Code     0  libinit2.o(.ARM.Collect$$libinit$$0000000E)
    __rt_lib_init_user_alloc_1               0x000003d3   Thumb Code     0  libinit2.o(.ARM.Collect$$libinit$$0000000C)
    __rt_lib_init_lc_collate_1               0x000003d9   Thumb Code     0  libinit2.o(.ARM.Collect$$libinit$$00000011)
    __rt_lib_init_lc_ctype_2                 0x000003d9   Thumb Code     0  libinit2.o(.ARM.Collect$$libinit$$00000012)
    __rt_lib_init_lc_ctype_1                 0x000003e5   Thumb Code     0  libinit2.o(.ARM.Collect$$libinit$$00000013)
    __rt_lib_init_lc_monetary_1              0x000003e5   Thumb Code     0  libinit2.o(.ARM.Collect$$libinit$$00000015)
    __rt_lib_init_lc_numeric_2               0x000003e5   Thumb Code     0  libinit2.o(.ARM.Collect$$libinit$$00000016)
    __rt_lib_init_alloca_1                   0x000003ef   Thumb Code     0  libinit2.o(.ARM.Collect$$libinit$$0000002E)
    __rt_lib_init_argv_1                     0x000003ef   Thumb Code     0  libinit2.o(.ARM.Collect$$libinit$$0000002C)
    __rt_lib_init_atexit_1                   0x000003ef   Thumb Code     0  libinit2.o(.ARM.Collect$$libinit$$0000001B)
    __rt_lib_init_clock_1                    0x000003ef   Thumb Code     0  libinit2.o(.ARM.Collect$$libinit$$00000021)
    __rt_lib_init_cpp_1                      0x000003ef   Thumb Code     0  libinit2.o(.ARM.Collect$$libinit$$00000032)
    __rt_lib_init_exceptions_1               0x000003ef   Thumb Code     0  libinit2.o(.ARM.Collect$$libinit$$00000030)
    __rt_lib_init_fp_trap_1                  0x000003ef   Thumb Code     0  libinit2.o(.ARM.Collect$$libinit$$0000001F)
    __rt_lib_init_getenv_1                   0x000003ef   Thumb Code     0  libinit2.o(.ARM.Collect$$libinit$$00000023)
    __rt_lib_init_lc_numeric_1               0x000003ef   Thumb Code     0  libinit2.o(.ARM.Collect$$libinit$$00000017)
    __rt_lib_init_lc_time_1                  0x000003ef   Thumb Code     0  libinit2.o(.ARM.Collect$$libinit$$00000019)
    __rt_lib_init_return                     0x000003ef   Thumb Code     0  libinit2.o(.ARM.Collect$$libinit$$00000033)
    __rt_lib_init_signal_1                   0x000003ef   Thumb Code     0  libinit2.o(.ARM.Collect$$libinit$$0000001D)
    __rt_lib_init_stdio_1                    0x000003ef   Thumb Code     0  libinit2.o(.ARM.Collect$$libinit$$00000025)
    __rt_lib_shutdown                        0x000003f1   Thumb Code     0  libshutdown.o(.ARM.Collect$$libshutdown$$00000000)
    __rt_lib_shutdown_cpp_1                  0x000003f3   Thumb Code     0  libshutdown2.o(.ARM.Collect$$libshutdown$$00000002)
    __rt_lib_shutdown_fp_trap_1              0x000003f3   Thumb Code     0  libshutdown2.o(.ARM.Collect$$libshutdown$$00000007)
    __rt_lib_shutdown_heap_1                 0x000003f3   Thumb Code     0  libshutdown2.o(.ARM.Collect$$libshutdown$$0000000F)
    __rt_lib_shutdown_return                 0x000003f3   Thumb Code     0  libshutdown2.o(.ARM.Collect$$libshutdown$$00000010)
    __rt_lib_shutdown_signal_1               0x000003f3   Thumb Code     0  libshutdown2.o(.ARM.Collect$$libshutdown$$0000000A)
    __rt_lib_shutdown_stdio_1                0x000003f3   Thumb Code     0  libshutdown2.o(.ARM.Collect$$libshutdown$$00000004)
    __rt_lib_shutdown_user_alloc_1           0x000003f3   Thumb Code     0  libshutdown2.o(.ARM.Collect$$libshutdown$$0000000C)
    __rt_entry                               0x000003f5   Thumb Code     0  __rtentry.o(.ARM.Collect$$rtentry$$00000000)
    __rt_entry_presh_1                       0x000003f5   Thumb Code     0  __rtentry2.o(.ARM.Collect$$rtentry$$00000002)
    __rt_entry_sh                            0x000003f5   Thumb Code     0  __rtentry4.o(.ARM.Collect$$rtentry$$00000004)
    __rt_entry_li                            0x000003fb   Thumb Code     0  __rtentry2.o(.ARM.Collect$$rtentry$$0000000A)
    __rt_entry_postsh_1                      0x000003fb   Thumb Code     0  __rtentry2.o(.ARM.Collect$$rtentry$$00000009)
    __rt_entry_main                          0x000003ff   Thumb Code     0  __rtentry2.o(.ARM.Collect$$rtentry$$0000000D)
    __rt_entry_postli_1                      0x000003ff   Thumb Code     0  __rtentry2.o(.ARM.Collect$$rtentry$$0000000C)
    __rt_exit                                0x00000407   Thumb Code     0  rtexit.o(.ARM.Collect$$rtexit$$00000000)
    __rt_exit_ls                             0x00000409   Thumb Code     0  rtexit2.o(.ARM.Collect$$rtexit$$00000003)
    __rt_exit_prels_1                        0x00000409   Thumb Code     0  rtexit2.o(.ARM.Collect$$rtexit$$00000002)
    __rt_exit_exit                           0x0000040d   Thumb Code     0  rtexit2.o(.ARM.Collect$$rtexit$$00000004)
    CPUcpsid                                 0x00000415   Thumb Code     8  cpu.o(.emb_text)
    CPUprimask                               0x0000041d   Thumb Code     6  cpu.o(.emb_text)
    CPUcpsie                                 0x00000423   Thumb Code     8  cpu.o(.emb_text)
    CPUwfi                                   0x0000042b   Thumb Code     4  cpu.o(.emb_text)
    CPUbasepriSet                            0x0000042f   Thumb Code     6  cpu.o(.emb_text)
    CPUbasepriGet                            0x00000435   Thumb Code     6  cpu.o(.emb_text)
    __user_initial_stackheap                 0x0000043d   Thumb Code     0  startup_rvmdk.o(.text)
    vsnprintf                                0x00000455   Thumb Code    48  vsnprintf.o(.text)
    __aeabi_assert                           0x00000489   Thumb Code    86  assert.o(.text)
    __assert                                 0x00000489   Thumb Code     0  assert.o(.text)
    __aeabi_memset                           0x00000509   Thumb Code    16  aeabi_memset.o(.text)
    __use_two_region_memory                  0x00000519   Thumb Code     2  heapauxi.o(.text)
    __rt_heap_escrow$2region                 0x0000051b   Thumb Code     2  heapauxi.o(.text)
    __rt_heap_expand$2region                 0x0000051d   Thumb Code     2  heapauxi.o(.text)
    _printf_pre_padding                      0x0000051f   Thumb Code    44  _printf_pad.o(.text)
    _printf_post_padding                     0x0000054b   Thumb Code    34  _printf_pad.o(.text)
    _printf_truncate_signed                  0x0000056d   Thumb Code    18  _printf_truncate.o(.text)
    _printf_truncate_unsigned                0x0000057f   Thumb Code    18  _printf_truncate.o(.text)
    _printf_str                              0x00000591   Thumb Code    82  _printf_str.o(.text)
    _printf_int_dec                          0x000005e5   Thumb Code   104  _printf_dec.o(.text)
    _printf_charcount                        0x0000065d   Thumb Code    40  _printf_charcount.o(.text)
    _printf_char_common                      0x0000068f   Thumb Code    32  _printf_char_common.o(.text)
    _sputc                                   0x000006b5   Thumb Code    10  _sputc.o(.text)
    _snputc                                  0x000006bf   Thumb Code    16  _snputc.o(.text)
    _printf_wctomb                           0x000006d1   Thumb Code   182  _printf_wctomb.o(.text)
    _printf_longlong_dec                     0x0000078d   Thumb Code   108  _printf_longlong_dec.o(.text)
    _printf_longlong_oct                     0x00000809   Thumb Code    68  _printf_oct_int_ll.o(.text)
    _printf_int_oct                          0x0000084d   Thumb Code    24  _printf_oct_int_ll.o(.text)
    _printf_ll_oct                           0x00000865   Thumb Code    12  _printf_oct_int_ll.o(.text)
    _printf_longlong_hex                     0x00000879   Thumb Code    86  _printf_hex_int_ll_ptr.o(.text)
    _printf_int_hex                          0x000008cf   Thumb Code    28  _printf_hex_int_ll_ptr.o(.text)
    _printf_ll_hex                           0x000008eb   Thumb Code    12  _printf_hex_int_ll_ptr.o(.text)
    _printf_hex_ptr                          0x000008f7   Thumb Code    18  _printf_hex_int_ll_ptr.o(.text)
    __printf                                 0x0000090d   Thumb Code   388  __printf_flags_ss_wp.o(.text)
    abort                                    0x00000a95   Thumb Code    22  abort.o(.text)
    __assert_puts                            0x00000aab   Thumb Code    20  assert_puts.o(.text)
    __aeabi_memclr                           0x00000abf   Thumb Code     0  rt_memclr.o(.text)
    __rt_memclr                              0x00000abf   Thumb Code    68  rt_memclr.o(.text)
    _memset                                  0x00000ac3   Thumb Code     0  rt_memclr.o(.text)
    _ttywrch                                 0x00000b03   Thumb Code    14  sys_wrch.o(.text)
    _sys_exit                                0x00000b11   Thumb Code     8  sys_exit.o(.text)
    _ll_udiv10                               0x00000b1d   Thumb Code   138  lludiv10.o(.text)
    _printf_int_common                       0x00000ba7   Thumb Code   178  _printf_intcommon.o(.text)
    _printf_fp_dec_real                      0x00000e09   Thumb Code   620  _printf_fp_dec.o(.text)
    _printf_fp_hex_real                      0x00001075   Thumb Code   756  _printf_fp_hex.o(.text)
    _printf_cs_common                        0x00001371   Thumb Code    20  _printf_char.o(.text)
    _printf_char                             0x00001385   Thumb Code    16  _printf_char.o(.text)
    _printf_string                           0x00001395   Thumb Code     8  _printf_char.o(.text)
    _printf_lcs_common                       0x0000139d   Thumb Code    20  _printf_wchar.o(.text)
    _printf_wchar                            0x000013b1   Thumb Code    16  _printf_wchar.o(.text)
    _printf_wstring                          0x000013c1   Thumb Code     8  _printf_wchar.o(.text)
    _c16rtomb                                0x000013c9   Thumb Code    72  _c16rtomb.o(.text)
    _wcrtomb                                 0x000013c9   Thumb Code     0  _c16rtomb.o(.text)
    __rt_SIGABRT                             0x00001411   Thumb Code    14  defsig_abrt_outer.o(.text)
    __aeabi_memclr4                          0x0000141f   Thumb Code     0  rt_memclr_w.o(.text)
    __aeabi_memclr8                          0x0000141f   Thumb Code     0  rt_memclr_w.o(.text)
    __rt_memclr_w                            0x0000141f   Thumb Code    78  rt_memclr_w.o(.text)
    _memset_w                                0x00001423   Thumb Code     0  rt_memclr_w.o(.text)
    __I$use$semihosting                      0x0000146d   Thumb Code     0  use_no_semi.o(.text)
    __use_no_semihosting_swi                 0x0000146d   Thumb Code     2  use_no_semi.o(.text)
    __semihosting_library_function           0x0000146f   Thumb Code     0  indicate_semi.o(.text)
    __user_setup_stackheap                   0x0000146f   Thumb Code    74  sys_stackheap_outer.o(.text)
    __rt_ctype_table                         0x000014b9   Thumb Code    16  rt_ctype_table.o(.text)
    __rt_locale                              0x000014c9   Thumb Code     8  rt_locale_intlibspace.o(.text)
    _printf_fp_infnan                        0x000014d1   Thumb Code   112  _printf_fp_infnan.o(.text)
    _btod_etento                             0x00001551   Thumb Code   224  bigflt0.o(.text)
    exit                                     0x00001635   Thumb Code    18  exit.o(.text)
    __sig_exit                               0x00001647   Thumb Code    10  defsig_exit.o(.text)
    __rt_SIGABRT_inner                       0x00001651   Thumb Code    14  defsig_abrt_inner.o(.text)
    __user_libspace                          0x00001681   Thumb Code     8  libspace.o(.text)
    __user_perproc_libspace                  0x00001681   Thumb Code     0  libspace.o(.text)
    __user_perthread_libspace                0x00001681   Thumb Code     0  libspace.o(.text)
    __default_signal_display                 0x00001689   Thumb Code    50  defsig_general.o(.text)
    strcmp                                   0x000016c1   Thumb Code   124  strcmpv7em.o(.text)
    BluetoothPrint                           0x0000173d   Thumb Code    38  main.o(.text.BluetoothPrint)
    ConfigureBluetoothUART1                  0x00001765   Thumb Code    86  main.o(.text.ConfigureBluetoothUART1)
    ConfigureI2C0                            0x000017bd   Thumb Code   116  main.o(.text.ConfigureI2C0)
    ConfigureOutputPort                      0x00001831   Thumb Code    30  main.o(.text.ConfigureOutputPort)
    ConfigureUSBUART0                        0x00001851   Thumb Code    92  main.o(.text.ConfigureUSBUART0)
    ConvertToC                               0x000018b1   Thumb Code    72  main.o(.text.ConvertToC)
    ConvertToF                               0x000018f9   Thumb Code    56  main.o(.text.ConvertToF)
    ConvertToRH                              0x00001931   Thumb Code    44  main.o(.text.ConvertToRH)
    HTU21Receive                             0x0000195d   Thumb Code   110  main.o(.text.HTU21Receive)
    HTU21Send                                0x000019cd   Thumb Code    68  main.o(.text.HTU21Send)
    ResetTimer0A                             0x00001a11   Thumb Code    58  main.o(.text.ResetTimer0A)
    TIMER0A_ISR                              0x00001a4d   Thumb Code    94  main.o(.text.TIMER0A_ISR)
    TimerInterruptInit                       0x00001aad   Thumb Code    50  main.o(.text.TimerInterruptInit)
    UARTStdioConfig                          0x00001ae1   Thumb Code    92  uartstdio.o(.text.UARTStdioConfig)
    UARTprintf                               0x00001b3d   Thumb Code    32  uartstdio.o(.text.UARTprintf)
    UARTvprintf                              0x00001b5d   Thumb Code   700  uartstdio.o(.text.UARTvprintf)
    UARTwrite                                0x00001e19   Thumb Code    62  uartstdio.o(.text.UARTwrite)
    main                                     0x00001e59   Thumb Code   268  main.o(.text.main)
    print                                    0x00001f65   Thumb Code    90  main.o(.text.print)
    setColumnRange                           0x00001fc1   Thumb Code   148  ssd1306_utils.o(.text.setColumnRange)
    setPageRange                             0x00002055   Thumb Code   152  ssd1306_utils.o(.text.setPageRange)
    ssd1306AdjustContrast                    0x000020ed   Thumb Code    22  ssd1306.o(.text.ssd1306AdjustContrast)
    ssd1306BeginCom                          0x00002105   Thumb Code    46  ssd1306_utils.o(.text.ssd1306BeginCom)
    ssd1306ClearDisplay                      0x00002135   Thumb Code    46  ssd1306.o(.text.ssd1306ClearDisplay)
    ssd1306ContinueCom                       0x00002165   Thumb Code    30  ssd1306_utils.o(.text.ssd1306ContinueCom)
    ssd1306EndCom                            0x00002185   Thumb Code    34  ssd1306_utils.o(.text.ssd1306EndCom)
    ssd1306Init                              0x000021a9   Thumb Code   130  ssd1306.o(.text.ssd1306Init)
    ssd1306PrintString                       0x0000222d   Thumb Code   192  ssd1306.o(.text.ssd1306PrintString)
    ssd1306SwitchDisplay                     0x000022ed   Thumb Code    14  ssd1306.o(.text.ssd1306SwitchDisplay)
    ssd1306SwitchLine                        0x000022fd   Thumb Code    68  ssd1306.o(.text.ssd1306SwitchLine)
    ssd1306TurnOn                            0x00002341   Thumb Code   264  ssd1306.o(.text.ssd1306TurnOn)
    ssd1306WaitBus                           0x00002449   Thumb Code    20  ssd1306_utils.o(.text.ssd1306WaitBus)
    ssd1306WaitMaster                        0x0000245d   Thumb Code    20  ssd1306_utils.o(.text.ssd1306WaitMaster)
    ssd1306Write                             0x00002471   Thumb Code    72  ssd1306_utils.o(.text.ssd1306Write)
    _btod_d2e                                0x000024b9   Thumb Code    62  btod.o(CL$$btod_d2e)
    _d2e_denorm_low                          0x000024f7   Thumb Code    70  btod.o(CL$$btod_d2e_denorm_low)
    _d2e_norm_op1                            0x0000253d   Thumb Code    96  btod.o(CL$$btod_d2e_norm_op1)
    __btod_div_common                        0x0000259d   Thumb Code   696  btod.o(CL$$btod_div_common)
    _e2e                                     0x000028d5   Thumb Code   220  btod.o(CL$$btod_e2e)
    _btod_ediv                               0x000029b1   Thumb Code    42  btod.o(CL$$btod_ediv)
    _btod_emul                               0x000029db   Thumb Code    42  btod.o(CL$$btod_emul)
    __btod_mult_common                       0x00002a05   Thumb Code   580  btod.o(CL$$btod_mult_common)
    GPIODirModeSet                           0x00002c49   Thumb Code    40  gpio.o(i.GPIODirModeSet)
    GPIOPadConfigSet                         0x00002c71   Thumb Code   312  gpio.o(i.GPIOPadConfigSet)
    GPIOPinConfigure                         0x00002da9   Thumb Code    60  gpio.o(i.GPIOPinConfigure)
    GPIOPinTypeGPIOOutput                    0x00002ded   Thumb Code    28  gpio.o(i.GPIOPinTypeGPIOOutput)
    GPIOPinTypeI2C                           0x00002e09   Thumb Code    28  gpio.o(i.GPIOPinTypeI2C)
    GPIOPinTypeI2CSCL                        0x00002e25   Thumb Code    28  gpio.o(i.GPIOPinTypeI2CSCL)
    GPIOPinTypeUART                          0x00002e41   Thumb Code    28  gpio.o(i.GPIOPinTypeUART)
    GPIOPinWrite                             0x00002e5d   Thumb Code     6  gpio.o(i.GPIOPinWrite)
    I2CMasterBusBusy                         0x00002e63   Thumb Code    12  i2c.o(i.I2CMasterBusBusy)
    I2CMasterBusy                            0x00002e6f   Thumb Code    12  i2c.o(i.I2CMasterBusy)
    I2CMasterControl                         0x00002e7b   Thumb Code     4  i2c.o(i.I2CMasterControl)
    I2CMasterDataGet                         0x00002e7f   Thumb Code     4  i2c.o(i.I2CMasterDataGet)
    I2CMasterDataPut                         0x00002e83   Thumb Code     4  i2c.o(i.I2CMasterDataPut)
    I2CMasterInitExpClk                      0x00002e89   Thumb Code    72  i2c.o(i.I2CMasterInitExpClk)
    I2CMasterSlaveAddrSet                    0x00002edd   Thumb Code     8  i2c.o(i.I2CMasterSlaveAddrSet)
    IntEnable                                0x00002ee5   Thumb Code    92  interrupt.o(i.IntEnable)
    IntMasterEnable                          0x00002f49   Thumb Code    14  interrupt.o(i.IntMasterEnable)
    IntPendClear                             0x00002f59   Thumb Code    60  interrupt.o(i.IntPendClear)
    IntPrioritySet                           0x00002f9d   Thumb Code    36  interrupt.o(i.IntPrioritySet)
    IntRegister                              0x00002fc5   Thumb Code    44  interrupt.o(i.IntRegister)
    SysCtlClockFreqSet                       0x00002ff9   Thumb Code   700  sysctl.o(i.SysCtlClockFreqSet)
    SysCtlClockGet                           0x000032dd   Thumb Code   304  sysctl.o(i.SysCtlClockGet)
    SysCtlPeripheralClockGating              0x00003431   Thumb Code    58  sysctl.o(i.SysCtlPeripheralClockGating)
    SysCtlPeripheralEnable                   0x00003475   Thumb Code    36  sysctl.o(i.SysCtlPeripheralEnable)
    SysCtlPeripheralPresent                  0x0000349d   Thumb Code    40  sysctl.o(i.SysCtlPeripheralPresent)
    SysCtlPeripheralReady                    0x000034c9   Thumb Code    40  sysctl.o(i.SysCtlPeripheralReady)
    SysCtlPeripheralReset                    0x000034f5   Thumb Code    56  sysctl.o(i.SysCtlPeripheralReset)
    SysCtlPeripheralSleepDisable             0x00003531   Thumb Code    36  sysctl.o(i.SysCtlPeripheralSleepDisable)
    SysCtlPeripheralSleepEnable              0x00003559   Thumb Code    36  sysctl.o(i.SysCtlPeripheralSleepEnable)
    SysCtlSleep                              0x00003581   Thumb Code     4  sysctl.o(i.SysCtlSleep)
    TimerConfigure                           0x00003585   Thumb Code    88  timer.o(i.TimerConfigure)
    TimerDisable                             0x000035e5   Thumb Code    16  timer.o(i.TimerDisable)
    TimerEnable                              0x000035f5   Thumb Code    14  timer.o(i.TimerEnable)
    TimerIntClear                            0x00003603   Thumb Code     4  timer.o(i.TimerIntClear)
    TimerIntEnable                           0x00003607   Thumb Code     8  timer.o(i.TimerIntEnable)
    TimerLoadSet                             0x0000360f   Thumb Code    18  timer.o(i.TimerLoadSet)
    UARTCharPut                              0x00003621   Thumb Code    12  uart.o(i.UARTCharPut)
    UARTClockSourceSet                       0x0000362d   Thumb Code     6  uart.o(i.UARTClockSourceSet)
    UARTConfigSetExpClk                      0x00003633   Thumb Code   110  uart.o(i.UARTConfigSetExpClk)
    UARTEnable                               0x000036a1   Thumb Code    20  uart.o(i.UARTEnable)
    __ARM_fpclassify                         0x000036b5   Thumb Code    48  fpclassify.o(i.__ARM_fpclassify)
    _is_digit                                0x000036e5   Thumb Code    14  __printf_wp.o(i._is_digit)
    _get_lc_numeric                          0x000036f5   Thumb Code    44  lc_numeric_c.o(locale$$code)
    _get_lc_ctype                            0x00003721   Thumb Code    44  lc_ctype_c.o(locale$$code)
    __aeabi_dadd                             0x0000374d   Thumb Code     0  daddsub_clz.o(x$fpl$dadd)
    _dadd                                    0x0000374d   Thumb Code   332  daddsub_clz.o(x$fpl$dadd)
    __aeabi_d2iz                             0x0000389d   Thumb Code     0  dfix.o(x$fpl$dfix)
    _dfix                                    0x0000389d   Thumb Code    94  dfix.o(x$fpl$dfix)
    __aeabi_ui2d                             0x000038fb   Thumb Code     0  dflt_clz.o(x$fpl$dfltu)
    _dfltu                                   0x000038fb   Thumb Code    38  dflt_clz.o(x$fpl$dfltu)
    __aeabi_dmul                             0x00003921   Thumb Code     0  dmul.o(x$fpl$dmul)
    _dmul                                    0x00003921   Thumb Code   332  dmul.o(x$fpl$dmul)
    __fpl_dnaninf                            0x00003a75   Thumb Code   156  dnaninf.o(x$fpl$dnaninf)
    __fpl_dretinf                            0x00003b11   Thumb Code    12  dretinf.o(x$fpl$dretinf)
    __aeabi_dsub                             0x00003b1d   Thumb Code     0  daddsub_clz.o(x$fpl$dsub)
    _dsub                                    0x00003b1d   Thumb Code   464  daddsub_clz.o(x$fpl$dsub)
    _fp_init                                 0x00003cf1   Thumb Code    26  fpinit.o(x$fpl$fpinit)
    __fplib_config_fpu_vfp                   0x00003d09   Thumb Code     0  fpinit.o(x$fpl$fpinit)
    __fplib_config_pureend_doubles           0x00003d09   Thumb Code     0  fpinit.o(x$fpl$fpinit)
    _printf_fp_dec                           0x00003d0b   Thumb Code     4  printf1.o(x$fpl$printf1)
    _printf_fp_hex                           0x00003d0f   Thumb Code     4  printf2.o(x$fpl$printf2)
    __I$use$fp                               0x00003d12   Number         0  usenofp.o(x$fpl$usenofp)
    source_pro                               0x00004398   Data         760  oled_font_source_pro.o(.rodata.source_pro)
    source_pro_set                           0x00004690   Data          12  oled_font_source_pro.o(.rodata.source_pro_set)
    Region$$Table$$Base                      0x000046d0   Number         0  anon$$obj.o(Region$$Table)
    Region$$Table$$Limit                     0x000046f0   Number         0  anon$$obj.o(Region$$Table)
    __ctype                                  0x00004719   Data           0  lc_ctype_c.o(locale$$data)
    __libspace_start                         0x20000a70   Data          96  libspace.o(.bss)
    __temporary_stack_top$libspace           0x20000ad0   Data           0  libspace.o(.bss)
    humidity                                 0x20000ae4   Data           2  main.o(.bss.humidity)
    temperature                              0x20000be6   Data           2  main.o(.bss.temperature)
    wake_interval                            0x20000be8   Data           4  main.o(.bss.wake_interval)



==============================================================================

Memory Map of the image

  Image Entry point : 0x0000026d

  Load Region LR_1 (Base: 0x00000000, Size: 0x0000566c, Max: 0xffffffff, ABSOLUTE, COMPRESSED[0x00004ef0])

    Execution Region ER_RO (Exec base: 0x00000000, Load base: 0x00000000, Size: 0x0000481c, Max: 0xffffffff, ABSOLUTE)

    Exec Addr    Load Addr    Size         Type   Attr      Idx    E Section Name        Object

    0x00000000   0x00000000   0x00000288   Code   RO           67  * RESET               startup_rvmdk.o
    0x00000288   0x00000288   0x00000008   Code   RO         1941  * !!!main             c_w.l(__main.o)
    0x00000290   0x00000290   0x00000034   Code   RO         2314    !!!scatter          c_w.l(__scatter.o)
    0x000002c4   0x000002c4   0x0000005a   Code   RO         2312    !!dczerorl2         c_w.l(__dczerorl2.o)
    0x0000031e   0x0000031e   0x00000002   PAD
    0x00000320   0x00000320   0x0000001c   Code   RO         2316    !!handler_zi        c_w.l(__scatter_zi.o)
    0x0000033c   0x0000033c   0x00000000   Code   RO         2045    .ARM.Collect$$_printf_percent$$00000000  c_w.l(_printf_percent.o)
    0x0000033c   0x0000033c   0x00000006   Code   RO         2034    .ARM.Collect$$_printf_percent$$00000001  c_w.l(_printf_n.o)
    0x00000342   0x00000342   0x00000006   Code   RO         2036    .ARM.Collect$$_printf_percent$$00000002  c_w.l(_printf_p.o)
    0x00000348   0x00000348   0x00000006   Code   RO         2041    .ARM.Collect$$_printf_percent$$00000003  c_w.l(_printf_f.o)
    0x0000034e   0x0000034e   0x00000006   Code   RO         2042    .ARM.Collect$$_printf_percent$$00000004  c_w.l(_printf_e.o)
    0x00000354   0x00000354   0x00000006   Code   RO         2043    .ARM.Collect$$_printf_percent$$00000005  c_w.l(_printf_g.o)
    0x0000035a   0x0000035a   0x00000006   Code   RO         2044    .ARM.Collect$$_printf_percent$$00000006  c_w.l(_printf_a.o)
    0x00000360   0x00000360   0x0000000a   Code   RO         2049    .ARM.Collect$$_printf_percent$$00000007  c_w.l(_printf_ll.o)
    0x0000036a   0x0000036a   0x00000006   Code   RO         2038    .ARM.Collect$$_printf_percent$$00000008  c_w.l(_printf_i.o)
    0x00000370   0x00000370   0x00000006   Code   RO         2039    .ARM.Collect$$_printf_percent$$00000009  c_w.l(_printf_d.o)
    0x00000376   0x00000376   0x00000006   Code   RO         2040    .ARM.Collect$$_printf_percent$$0000000A  c_w.l(_printf_u.o)
    0x0000037c   0x0000037c   0x00000006   Code   RO         2037    .ARM.Collect$$_printf_percent$$0000000B  c_w.l(_printf_o.o)
    0x00000382   0x00000382   0x00000006   Code   RO         2035    .ARM.Collect$$_printf_percent$$0000000C  c_w.l(_printf_x.o)
    0x00000388   0x00000388   0x00000006   Code   RO         2046    .ARM.Collect$$_printf_percent$$0000000D  c_w.l(_printf_lli.o)
    0x0000038e   0x0000038e   0x00000006   Code   RO         2047    .ARM.Collect$$_printf_percent$$0000000E  c_w.l(_printf_lld.o)
    0x00000394   0x00000394   0x00000006   Code   RO         2048    .ARM.Collect$$_printf_percent$$0000000F  c_w.l(_printf_llu.o)
    0x0000039a   0x0000039a   0x00000006   Code   RO         2053    .ARM.Collect$$_printf_percent$$00000010  c_w.l(_printf_llo.o)
    0x000003a0   0x000003a0   0x00000006   Code   RO         2054    .ARM.Collect$$_printf_percent$$00000011  c_w.l(_printf_llx.o)
    0x000003a6   0x000003a6   0x0000000a   Code   RO         2050    .ARM.Collect$$_printf_percent$$00000012  c_w.l(_printf_l.o)
    0x000003b0   0x000003b0   0x00000006   Code   RO         2032    .ARM.Collect$$_printf_percent$$00000013  c_w.l(_printf_c.o)
    0x000003b6   0x000003b6   0x00000006   Code   RO         2033    .ARM.Collect$$_printf_percent$$00000014  c_w.l(_printf_s.o)
    0x000003bc   0x000003bc   0x00000006   Code   RO         2051    .ARM.Collect$$_printf_percent$$00000015  c_w.l(_printf_lc.o)
    0x000003c2   0x000003c2   0x00000006   Code   RO         2052    .ARM.Collect$$_printf_percent$$00000016  c_w.l(_printf_ls.o)
    0x000003c8   0x000003c8   0x00000004   Code   RO         2114    .ARM.Collect$$_printf_percent$$00000017  c_w.l(_printf_percent_end.o)
    0x000003cc   0x000003cc   0x00000002   Code   RO         2180    .ARM.Collect$$libinit$$00000000  c_w.l(libinit.o)
    0x000003ce   0x000003ce   0x00000004   Code   RO         2201    .ARM.Collect$$libinit$$00000001  c_w.l(libinit2.o)
    0x000003d2   0x000003d2   0x00000000   Code   RO         2204    .ARM.Collect$$libinit$$00000004  c_w.l(libinit2.o)
    0x000003d2   0x000003d2   0x00000000   Code   RO         2207    .ARM.Collect$$libinit$$0000000A  c_w.l(libinit2.o)
    0x000003d2   0x000003d2   0x00000000   Code   RO         2209    .ARM.Collect$$libinit$$0000000C  c_w.l(libinit2.o)
    0x000003d2   0x000003d2   0x00000000   Code   RO         2211    .ARM.Collect$$libinit$$0000000E  c_w.l(libinit2.o)
    0x000003d2   0x000003d2   0x00000006   Code   RO         2212    .ARM.Collect$$libinit$$0000000F  c_w.l(libinit2.o)
    0x000003d8   0x000003d8   0x00000000   Code   RO         2214    .ARM.Collect$$libinit$$00000011  c_w.l(libinit2.o)
    0x000003d8   0x000003d8   0x0000000c   Code   RO         2215    .ARM.Collect$$libinit$$00000012  c_w.l(libinit2.o)
    0x000003e4   0x000003e4   0x00000000   Code   RO         2216    .ARM.Collect$$libinit$$00000013  c_w.l(libinit2.o)
    0x000003e4   0x000003e4   0x00000000   Code   RO         2218    .ARM.Collect$$libinit$$00000015  c_w.l(libinit2.o)
    0x000003e4   0x000003e4   0x0000000a   Code   RO         2219    .ARM.Collect$$libinit$$00000016  c_w.l(libinit2.o)
    0x000003ee   0x000003ee   0x00000000   Code   RO         2220    .ARM.Collect$$libinit$$00000017  c_w.l(libinit2.o)
    0x000003ee   0x000003ee   0x00000000   Code   RO         2222    .ARM.Collect$$libinit$$00000019  c_w.l(libinit2.o)
    0x000003ee   0x000003ee   0x00000000   Code   RO         2224    .ARM.Collect$$libinit$$0000001B  c_w.l(libinit2.o)
    0x000003ee   0x000003ee   0x00000000   Code   RO         2226    .ARM.Collect$$libinit$$0000001D  c_w.l(libinit2.o)
    0x000003ee   0x000003ee   0x00000000   Code   RO         2228    .ARM.Collect$$libinit$$0000001F  c_w.l(libinit2.o)
    0x000003ee   0x000003ee   0x00000000   Code   RO         2230    .ARM.Collect$$libinit$$00000021  c_w.l(libinit2.o)
    0x000003ee   0x000003ee   0x00000000   Code   RO         2232    .ARM.Collect$$libinit$$00000023  c_w.l(libinit2.o)
    0x000003ee   0x000003ee   0x00000000   Code   RO         2234    .ARM.Collect$$libinit$$00000025  c_w.l(libinit2.o)
    0x000003ee   0x000003ee   0x00000000   Code   RO         2238    .ARM.Collect$$libinit$$0000002C  c_w.l(libinit2.o)
    0x000003ee   0x000003ee   0x00000000   Code   RO         2240    .ARM.Collect$$libinit$$0000002E  c_w.l(libinit2.o)
    0x000003ee   0x000003ee   0x00000000   Code   RO         2242    .ARM.Collect$$libinit$$00000030  c_w.l(libinit2.o)
    0x000003ee   0x000003ee   0x00000000   Code   RO         2244    .ARM.Collect$$libinit$$00000032  c_w.l(libinit2.o)
    0x000003ee   0x000003ee   0x00000002   Code   RO         2245    .ARM.Collect$$libinit$$00000033  c_w.l(libinit2.o)
    0x000003f0   0x000003f0   0x00000002   Code   RO         2283    .ARM.Collect$$libshutdown$$00000000  c_w.l(libshutdown.o)
    0x000003f2   0x000003f2   0x00000000   Code   RO         2295    .ARM.Collect$$libshutdown$$00000002  c_w.l(libshutdown2.o)
    0x000003f2   0x000003f2   0x00000000   Code   RO         2297    .ARM.Collect$$libshutdown$$00000004  c_w.l(libshutdown2.o)
    0x000003f2   0x000003f2   0x00000000   Code   RO         2300    .ARM.Collect$$libshutdown$$00000007  c_w.l(libshutdown2.o)
    0x000003f2   0x000003f2   0x00000000   Code   RO         2303    .ARM.Collect$$libshutdown$$0000000A  c_w.l(libshutdown2.o)
    0x000003f2   0x000003f2   0x00000000   Code   RO         2305    .ARM.Collect$$libshutdown$$0000000C  c_w.l(libshutdown2.o)
    0x000003f2   0x000003f2   0x00000000   Code   RO         2308    .ARM.Collect$$libshutdown$$0000000F  c_w.l(libshutdown2.o)
    0x000003f2   0x000003f2   0x00000002   Code   RO         2309    .ARM.Collect$$libshutdown$$00000010  c_w.l(libshutdown2.o)
    0x000003f4   0x000003f4   0x00000000   Code   RO         1961    .ARM.Collect$$rtentry$$00000000  c_w.l(__rtentry.o)
    0x000003f4   0x000003f4   0x00000000   Code   RO         2083    .ARM.Collect$$rtentry$$00000002  c_w.l(__rtentry2.o)
    0x000003f4   0x000003f4   0x00000006   Code   RO         2095    .ARM.Collect$$rtentry$$00000004  c_w.l(__rtentry4.o)
    0x000003fa   0x000003fa   0x00000000   Code   RO         2085    .ARM.Collect$$rtentry$$00000009  c_w.l(__rtentry2.o)
    0x000003fa   0x000003fa   0x00000004   Code   RO         2086    .ARM.Collect$$rtentry$$0000000A  c_w.l(__rtentry2.o)
    0x000003fe   0x000003fe   0x00000000   Code   RO         2088    .ARM.Collect$$rtentry$$0000000C  c_w.l(__rtentry2.o)
    0x000003fe   0x000003fe   0x00000008   Code   RO         2089    .ARM.Collect$$rtentry$$0000000D  c_w.l(__rtentry2.o)
    0x00000406   0x00000406   0x00000002   Code   RO         2188    .ARM.Collect$$rtexit$$00000000  c_w.l(rtexit.o)
    0x00000408   0x00000408   0x00000000   Code   RO         2247    .ARM.Collect$$rtexit$$00000002  c_w.l(rtexit2.o)
    0x00000408   0x00000408   0x00000004   Code   RO         2248    .ARM.Collect$$rtexit$$00000003  c_w.l(rtexit2.o)
    0x0000040c   0x0000040c   0x00000006   Code   RO         2249    .ARM.Collect$$rtexit$$00000004  c_w.l(rtexit2.o)
    0x00000412   0x00000412   0x00000002   PAD
    0x00000414   0x00000414   0x00000026   Code   RO         1921    .emb_text           driverlib.lib(cpu.o)
    0x0000043a   0x0000043a   0x00000002   PAD
    0x0000043c   0x0000043c   0x00000018   Code   RO           68    .text               startup_rvmdk.o
    0x00000454   0x00000454   0x00000034   Code   RO         1933    .text               c_w.l(vsnprintf.o)
    0x00000488   0x00000488   0x00000080   Code   RO         1935    .text               c_w.l(assert.o)
    0x00000508   0x00000508   0x00000010   Code   RO         1937    .text               c_w.l(aeabi_memset.o)
    0x00000518   0x00000518   0x00000006   Code   RO         1939    .text               c_w.l(heapauxi.o)
    0x0000051e   0x0000051e   0x0000004e   Code   RO         1964    .text               c_w.l(_printf_pad.o)
    0x0000056c   0x0000056c   0x00000024   Code   RO         1966    .text               c_w.l(_printf_truncate.o)
    0x00000590   0x00000590   0x00000052   Code   RO         1968    .text               c_w.l(_printf_str.o)
    0x000005e2   0x000005e2   0x00000002   PAD
    0x000005e4   0x000005e4   0x00000078   Code   RO         1970    .text               c_w.l(_printf_dec.o)
    0x0000065c   0x0000065c   0x00000028   Code   RO         1972    .text               c_w.l(_printf_charcount.o)
    0x00000684   0x00000684   0x00000030   Code   RO         1974    .text               c_w.l(_printf_char_common.o)
    0x000006b4   0x000006b4   0x0000000a   Code   RO         1976    .text               c_w.l(_sputc.o)
    0x000006be   0x000006be   0x00000010   Code   RO         1978    .text               c_w.l(_snputc.o)
    0x000006ce   0x000006ce   0x00000002   PAD
    0x000006d0   0x000006d0   0x000000bc   Code   RO         1980    .text               c_w.l(_printf_wctomb.o)
    0x0000078c   0x0000078c   0x0000007c   Code   RO         1983    .text               c_w.l(_printf_longlong_dec.o)
    0x00000808   0x00000808   0x00000070   Code   RO         1989    .text               c_w.l(_printf_oct_int_ll.o)
    0x00000878   0x00000878   0x00000094   Code   RO         2009    .text               c_w.l(_printf_hex_int_ll_ptr.o)
    0x0000090c   0x0000090c   0x00000188   Code   RO         2029    .text               c_w.l(__printf_flags_ss_wp.o)
    0x00000a94   0x00000a94   0x00000016   Code   RO         2055    .text               c_w.l(abort.o)
    0x00000aaa   0x00000aaa   0x00000014   Code   RO         2057    .text               c_w.l(assert_puts.o)
    0x00000abe   0x00000abe   0x00000044   Code   RO         2059    .text               c_w.l(rt_memclr.o)
    0x00000b02   0x00000b02   0x0000000e   Code   RO         2074    .text               c_w.l(sys_wrch.o)
    0x00000b10   0x00000b10   0x0000000c   Code   RO         2076    .text               c_w.l(sys_exit.o)
    0x00000b1c   0x00000b1c   0x0000008a   Code   RO         2097    .text               c_w.l(lludiv10.o)
    0x00000ba6   0x00000ba6   0x000000b2   Code   RO         2099    .text               c_w.l(_printf_intcommon.o)
    0x00000c58   0x00000c58   0x0000041c   Code   RO         2101    .text               c_w.l(_printf_fp_dec.o)
    0x00001074   0x00001074   0x000002fc   Code   RO         2105    .text               c_w.l(_printf_fp_hex.o)
    0x00001370   0x00001370   0x0000002c   Code   RO         2110    .text               c_w.l(_printf_char.o)
    0x0000139c   0x0000139c   0x0000002c   Code   RO         2112    .text               c_w.l(_printf_wchar.o)
    0x000013c8   0x000013c8   0x00000048   Code   RO         2115    .text               c_w.l(_c16rtomb.o)
    0x00001410   0x00001410   0x0000000e   Code   RO         2117    .text               c_w.l(defsig_abrt_outer.o)
    0x0000141e   0x0000141e   0x0000004e   Code   RO         2121    .text               c_w.l(rt_memclr_w.o)
    0x0000146c   0x0000146c   0x00000002   Code   RO         2123    .text               c_w.l(use_no_semi.o)
    0x0000146e   0x0000146e   0x00000000   Code   RO         2125    .text               c_w.l(indicate_semi.o)
    0x0000146e   0x0000146e   0x0000004a   Code   RO         2126    .text               c_w.l(sys_stackheap_outer.o)
    0x000014b8   0x000014b8   0x00000010   Code   RO         2128    .text               c_w.l(rt_ctype_table.o)
    0x000014c8   0x000014c8   0x00000008   Code   RO         2135    .text               c_w.l(rt_locale_intlibspace.o)
    0x000014d0   0x000014d0   0x00000080   Code   RO         2137    .text               c_w.l(_printf_fp_infnan.o)
    0x00001550   0x00001550   0x000000e4   Code   RO         2139    .text               c_w.l(bigflt0.o)
    0x00001634   0x00001634   0x00000012   Code   RO         2169    .text               c_w.l(exit.o)
    0x00001646   0x00001646   0x0000000a   Code   RO         2171    .text               c_w.l(defsig_exit.o)
    0x00001650   0x00001650   0x00000030   Code   RO         2173    .text               c_w.l(defsig_abrt_inner.o)
    0x00001680   0x00001680   0x00000008   Code   RO         2185    .text               c_w.l(libspace.o)
    0x00001688   0x00001688   0x00000032   Code   RO         2197    .text               c_w.l(defsig_general.o)
    0x000016ba   0x000016ba   0x00000006   PAD
    0x000016c0   0x000016c0   0x0000007c   Code   RO         2199    .text               c_w.l(strcmpv7em.o)
    0x0000173c   0x0000173c   0x00000026   Code   RO           30    .text.BluetoothPrint  main.o
    0x00001762   0x00001762   0x00000002   PAD
    0x00001764   0x00001764   0x00000056   Code   RO           26    .text.ConfigureBluetoothUART1  main.o
    0x000017ba   0x000017ba   0x00000002   PAD
    0x000017bc   0x000017bc   0x00000074   Code   RO           28    .text.ConfigureI2C0  main.o
    0x00001830   0x00001830   0x0000001e   Code   RO           44    .text.ConfigureOutputPort  main.o
    0x0000184e   0x0000184e   0x00000002   PAD
    0x00001850   0x00001850   0x0000005c   Code   RO           24    .text.ConfigureUSBUART0  main.o
    0x000018ac   0x000018ac   0x00000004   PAD
    0x000018b0   0x000018b0   0x00000048   Code   RO           18    .text.ConvertToC    main.o
    0x000018f8   0x000018f8   0x00000038   Code   RO           20    .text.ConvertToF    main.o
    0x00001930   0x00001930   0x0000002c   Code   RO           22    .text.ConvertToRH   main.o
    0x0000195c   0x0000195c   0x0000006e   Code   RO           42    .text.HTU21Receive  main.o
    0x000019ca   0x000019ca   0x00000002   PAD
    0x000019cc   0x000019cc   0x00000044   Code   RO           40    .text.HTU21Send     main.o
    0x00001a10   0x00001a10   0x0000003a   Code   RO           38    .text.ResetTimer0A  main.o
    0x00001a4a   0x00001a4a   0x00000002   PAD
    0x00001a4c   0x00001a4c   0x0000005e   Code   RO           36    .text.TIMER0A_ISR   main.o
    0x00001aaa   0x00001aaa   0x00000002   PAD
    0x00001aac   0x00001aac   0x00000032   Code   RO           34    .text.TimerInterruptInit  main.o
    0x00001ade   0x00001ade   0x00000002   PAD
    0x00001ae0   0x00001ae0   0x0000005c   Code   RO          230    .text.UARTStdioConfig  uartstdio.o
    0x00001b3c   0x00001b3c   0x00000020   Code   RO          240    .text.UARTprintf    uartstdio.o
    0x00001b5c   0x00001b5c   0x000002bc   Code   RO          238    .text.UARTvprintf   uartstdio.o
    0x00001e18   0x00001e18   0x0000003e   Code   RO          232    .text.UARTwrite     uartstdio.o
    0x00001e56   0x00001e56   0x00000002   PAD
    0x00001e58   0x00001e58   0x0000010c   Code   RO           46    .text.main          main.o
    0x00001f64   0x00001f64   0x0000005a   Code   RO           32    .text.print         main.o
    0x00001fbe   0x00001fbe   0x00000002   PAD
    0x00001fc0   0x00001fc0   0x00000094   Code   RO          217    .text.setColumnRange  ssd1306_utils.o
    0x00002054   0x00002054   0x00000098   Code   RO          219    .text.setPageRange  ssd1306_utils.o
    0x000020ec   0x000020ec   0x00000016   Code   RO          184    .text.ssd1306AdjustContrast  ssd1306.o
    0x00002102   0x00002102   0x00000002   PAD
    0x00002104   0x00002104   0x0000002e   Code   RO          209    .text.ssd1306BeginCom  ssd1306_utils.o
    0x00002132   0x00002132   0x00000002   PAD
    0x00002134   0x00002134   0x0000002e   Code   RO          186    .text.ssd1306ClearDisplay  ssd1306.o
    0x00002162   0x00002162   0x00000002   PAD
    0x00002164   0x00002164   0x0000001e   Code   RO          213    .text.ssd1306ContinueCom  ssd1306_utils.o
    0x00002182   0x00002182   0x00000002   PAD
    0x00002184   0x00002184   0x00000022   Code   RO          211    .text.ssd1306EndCom  ssd1306_utils.o
    0x000021a6   0x000021a6   0x00000002   PAD
    0x000021a8   0x000021a8   0x00000082   Code   RO          178    .text.ssd1306Init   ssd1306.o
    0x0000222a   0x0000222a   0x00000002   PAD
    0x0000222c   0x0000222c   0x000000c0   Code   RO          192    .text.ssd1306PrintString  ssd1306.o
    0x000022ec   0x000022ec   0x0000000e   Code   RO          180    .text.ssd1306SwitchDisplay  ssd1306.o
    0x000022fa   0x000022fa   0x00000002   PAD
    0x000022fc   0x000022fc   0x00000044   Code   RO          188    .text.ssd1306SwitchLine  ssd1306.o
    0x00002340   0x00002340   0x00000108   Code   RO          182    .text.ssd1306TurnOn  ssd1306.o
    0x00002448   0x00002448   0x00000014   Code   RO          205    .text.ssd1306WaitBus  ssd1306_utils.o
    0x0000245c   0x0000245c   0x00000014   Code   RO          207    .text.ssd1306WaitMaster  ssd1306_utils.o
    0x00002470   0x00002470   0x00000048   Code   RO          203    .text.ssd1306Write  ssd1306_utils.o
    0x000024b8   0x000024b8   0x0000003e   Code   RO         2142    CL$$btod_d2e        c_w.l(btod.o)
    0x000024f6   0x000024f6   0x00000046   Code   RO         2144    CL$$btod_d2e_denorm_low  c_w.l(btod.o)
    0x0000253c   0x0000253c   0x00000060   Code   RO         2143    CL$$btod_d2e_norm_op1  c_w.l(btod.o)
    0x0000259c   0x0000259c   0x00000338   Code   RO         2152    CL$$btod_div_common  c_w.l(btod.o)
    0x000028d4   0x000028d4   0x000000dc   Code   RO         2149    CL$$btod_e2e        c_w.l(btod.o)
    0x000029b0   0x000029b0   0x0000002a   Code   RO         2146    CL$$btod_ediv       c_w.l(btod.o)
    0x000029da   0x000029da   0x0000002a   Code   RO         2145    CL$$btod_emul       c_w.l(btod.o)
    0x00002a04   0x00002a04   0x00000244   Code   RO         2151    CL$$btod_mult_common  c_w.l(btod.o)
    0x00002c48   0x00002c48   0x00000028   Code   RO          256    i.GPIODirModeSet    driverlib.lib(gpio.o)
    0x00002c70   0x00002c70   0x00000138   Code   RO          268    i.GPIOPadConfigSet  driverlib.lib(gpio.o)
    0x00002da8   0x00002da8   0x00000044   Code   RO          269    i.GPIOPinConfigure  driverlib.lib(gpio.o)
    0x00002dec   0x00002dec   0x0000001c   Code   RO          280    i.GPIOPinTypeGPIOOutput  driverlib.lib(gpio.o)
    0x00002e08   0x00002e08   0x0000001c   Code   RO          283    i.GPIOPinTypeI2C    driverlib.lib(gpio.o)
    0x00002e24   0x00002e24   0x0000001c   Code   RO          284    i.GPIOPinTypeI2CSCL  driverlib.lib(gpio.o)
    0x00002e40   0x00002e40   0x0000001c   Code   RO          292    i.GPIOPinTypeUART   driverlib.lib(gpio.o)
    0x00002e5c   0x00002e5c   0x00000006   Code   RO          298    i.GPIOPinWrite      driverlib.lib(gpio.o)
    0x00002e62   0x00002e62   0x0000000c   Code   RO          593    i.I2CMasterBusBusy  driverlib.lib(i2c.o)
    0x00002e6e   0x00002e6e   0x0000000c   Code   RO          594    i.I2CMasterBusy     driverlib.lib(i2c.o)
    0x00002e7a   0x00002e7a   0x00000004   Code   RO          595    i.I2CMasterControl  driverlib.lib(i2c.o)
    0x00002e7e   0x00002e7e   0x00000004   Code   RO          596    i.I2CMasterDataGet  driverlib.lib(i2c.o)
    0x00002e82   0x00002e82   0x00000004   Code   RO          597    i.I2CMasterDataPut  driverlib.lib(i2c.o)
    0x00002e86   0x00002e86   0x00000002   PAD
    0x00002e88   0x00002e88   0x00000054   Code   RO          602    i.I2CMasterInitExpClk  driverlib.lib(i2c.o)
    0x00002edc   0x00002edc   0x00000008   Code   RO          612    i.I2CMasterSlaveAddrSet  driverlib.lib(i2c.o)
    0x00002ee4   0x00002ee4   0x00000064   Code   RO          921    i.IntEnable         driverlib.lib(interrupt.o)
    0x00002f48   0x00002f48   0x0000000e   Code   RO          924    i.IntMasterEnable   driverlib.lib(interrupt.o)
    0x00002f56   0x00002f56   0x00000002   PAD
    0x00002f58   0x00002f58   0x00000044   Code   RO          925    i.IntPendClear      driverlib.lib(interrupt.o)
    0x00002f9c   0x00002f9c   0x00000028   Code   RO          932    i.IntPrioritySet    driverlib.lib(interrupt.o)
    0x00002fc4   0x00002fc4   0x00000034   Code   RO          933    i.IntRegister       driverlib.lib(interrupt.o)
    0x00002ff8   0x00002ff8   0x000002e4   Code   RO         1038    i.SysCtlClockFreqSet  driverlib.lib(sysctl.o)
    0x000032dc   0x000032dc   0x00000154   Code   RO         1039    i.SysCtlClockGet    driverlib.lib(sysctl.o)
    0x00003430   0x00003430   0x00000044   Code   RO         1066    i.SysCtlPeripheralClockGating  driverlib.lib(sysctl.o)
    0x00003474   0x00003474   0x00000028   Code   RO         1070    i.SysCtlPeripheralEnable  driverlib.lib(sysctl.o)
    0x0000349c   0x0000349c   0x0000002c   Code   RO         1073    i.SysCtlPeripheralPresent  driverlib.lib(sysctl.o)
    0x000034c8   0x000034c8   0x0000002c   Code   RO         1074    i.SysCtlPeripheralReady  driverlib.lib(sysctl.o)
    0x000034f4   0x000034f4   0x0000003c   Code   RO         1075    i.SysCtlPeripheralReset  driverlib.lib(sysctl.o)
    0x00003530   0x00003530   0x00000028   Code   RO         1076    i.SysCtlPeripheralSleepDisable  driverlib.lib(sysctl.o)
    0x00003558   0x00003558   0x00000028   Code   RO         1077    i.SysCtlPeripheralSleepEnable  driverlib.lib(sysctl.o)
    0x00003580   0x00003580   0x00000004   Code   RO         1084    i.SysCtlSleep       driverlib.lib(sysctl.o)
    0x00003584   0x00003584   0x00000060   Code   RO         1388    i.TimerConfigure    driverlib.lib(timer.o)
    0x000035e4   0x000035e4   0x00000010   Code   RO         1396    i.TimerDisable      driverlib.lib(timer.o)
    0x000035f4   0x000035f4   0x0000000e   Code   RO         1397    i.TimerEnable       driverlib.lib(timer.o)
    0x00003602   0x00003602   0x00000004   Code   RO         1398    i.TimerIntClear     driverlib.lib(timer.o)
    0x00003606   0x00003606   0x00000008   Code   RO         1400    i.TimerIntEnable    driverlib.lib(timer.o)
    0x0000360e   0x0000360e   0x00000012   Code   RO         1406    i.TimerLoadSet      driverlib.lib(timer.o)
    0x00003620   0x00003620   0x0000000c   Code   RO         1634    i.UARTCharPut       driverlib.lib(uart.o)
    0x0000362c   0x0000362c   0x00000006   Code   RO         1638    i.UARTClockSourceSet  driverlib.lib(uart.o)
    0x00003632   0x00003632   0x0000006e   Code   RO         1640    i.UARTConfigSetExpClk  driverlib.lib(uart.o)
    0x000036a0   0x000036a0   0x00000014   Code   RO         1645    i.UARTEnable        driverlib.lib(uart.o)
    0x000036b4   0x000036b4   0x00000030   Code   RO         2183    i.__ARM_fpclassify  m_wm.l(fpclassify.o)
    0x000036e4   0x000036e4   0x0000000e   Code   RO         2022    i._is_digit         c_w.l(__printf_wp.o)
    0x000036f2   0x000036f2   0x00000002   PAD
    0x000036f4   0x000036f4   0x0000002c   Code   RO         2167    locale$$code        c_w.l(lc_numeric_c.o)
    0x00003720   0x00003720   0x0000002c   Code   RO         2193    locale$$code        c_w.l(lc_ctype_c.o)
    0x0000374c   0x0000374c   0x00000150   Code   RO         1943    x$fpl$dadd          fz_wm.l(daddsub_clz.o)
    0x0000389c   0x0000389c   0x0000005e   Code   RO         1949    x$fpl$dfix          fz_wm.l(dfix.o)
    0x000038fa   0x000038fa   0x00000026   Code   RO         1953    x$fpl$dfltu         fz_wm.l(dflt_clz.o)
    0x00003920   0x00003920   0x00000154   Code   RO         1959    x$fpl$dmul          fz_wm.l(dmul.o)
    0x00003a74   0x00003a74   0x0000009c   Code   RO         2061    x$fpl$dnaninf       fz_wm.l(dnaninf.o)
    0x00003b10   0x00003b10   0x0000000c   Code   RO         2063    x$fpl$dretinf       fz_wm.l(dretinf.o)
    0x00003b1c   0x00003b1c   0x000001d4   Code   RO         1945    x$fpl$dsub          fz_wm.l(daddsub_clz.o)
    0x00003cf0   0x00003cf0   0x0000001a   Code   RO         2259    x$fpl$fpinit        fz_wm.l(fpinit.o)
    0x00003d0a   0x00003d0a   0x00000004   Code   RO         2065    x$fpl$printf1       fz_wm.l(printf1.o)
    0x00003d0e   0x00003d0e   0x00000004   Code   RO         2067    x$fpl$printf2       fz_wm.l(printf2.o)
    0x00003d12   0x00003d12   0x00000000   Code   RO         2073    x$fpl$usenofp       fz_wm.l(usenofp.o)
    0x00003d12   0x00003d12   0x00000002   PAD
    0x00003d14   0x00003d14   0x00000228   Data   RO          300    .constdata          driverlib.lib(gpio.o)
    0x00003f3c   0x00003f3c   0x0000010c   Data   RO          937    .constdata          driverlib.lib(interrupt.o)
    0x00004048   0x00004048   0x00000254   Data   RO         1092    .constdata          driverlib.lib(sysctl.o)
    0x0000429c   0x0000429c   0x00000008   Data   RO         1981    .constdata          c_w.l(_printf_wctomb.o)
    0x000042a4   0x000042a4   0x00000028   Data   RO         2010    .constdata          c_w.l(_printf_hex_int_ll_ptr.o)
    0x000042cc   0x000042cc   0x00000011   Data   RO         2030    .constdata          c_w.l(__printf_flags_ss_wp.o)
    0x000042dd   0x000042dd   0x00000026   Data   RO         2106    .constdata          c_w.l(_printf_fp_hex.o)
    0x00004303   0x00004303   0x00000001   PAD
    0x00004304   0x00004304   0x00000094   Data   RO         2140    .constdata          c_w.l(bigflt0.o)
    0x00004398   0x00004398   0x000002f8   Data   RO          171    .rodata.source_pro  oled_font_source_pro.o
    0x00004690   0x00004690   0x0000000c   Data   RO          172    .rodata.source_pro_set  oled_font_source_pro.o
    0x0000469c   0x0000469c   0x00000017   Data   RO          194    .rodata.str1.1      ssd1306.o
    0x000046b3   0x000046b3   0x0000001d   Data   RO          221    .rodata.str1.1      ssd1306_utils.o
    0x000046d0   0x000046d0   0x00000020   Data   RO         2311    Region$$Table       anon$$obj.o
    0x000046f0   0x000046f0   0x0000001c   Data   RO         2166    locale$$data        c_w.l(lc_numeric_c.o)
    0x0000470c   0x0000470c   0x00000110   Data   RO         2192    locale$$data        c_w.l(lc_ctype_c.o)


    Execution Region ER_RW (Exec base: 0x20000000, Load base: 0x00004c00, Size: 0x00000a6c, Max: 0xffffffff, ABSOLUTE, COMPRESSED[0x000002f0])

    Exec Addr    Load Addr    Size         Type   Attr      Idx    E Section Name        Object

    0x20000000   COMPRESSED   0x00000010   Data   RW           77    .data..compoundliteral.1  oled_font_source_pro.o
    0x20000010   COMPRESSED   0x00000008   Data   RW           86    .data..compoundliteral.10  oled_font_source_pro.o
    0x20000018   COMPRESSED   0x0000000c   Data   RW           87    .data..compoundliteral.11  oled_font_source_pro.o
    0x20000024   COMPRESSED   0x00000010   Data   RW           88    .data..compoundliteral.12  oled_font_source_pro.o
    0x20000034   COMPRESSED   0x0000000c   Data   RW           89    .data..compoundliteral.13  oled_font_source_pro.o
    0x20000040   COMPRESSED   0x00000010   Data   RW           90    .data..compoundliteral.14  oled_font_source_pro.o
    0x20000050   COMPRESSED   0x0000000a   Data   RW           91    .data..compoundliteral.15  oled_font_source_pro.o
    0x2000005a   COMPRESSED   0x0000000c   Data   RW           92    .data..compoundliteral.16  oled_font_source_pro.o
    0x20000066   COMPRESSED   0x0000000c   Data   RW           93    .data..compoundliteral.17  oled_font_source_pro.o
    0x20000072   COMPRESSED   0x0000000c   Data   RW           94    .data..compoundliteral.18  oled_font_source_pro.o
    0x2000007e   COMPRESSED   0x0000000c   Data   RW           95    .data..compoundliteral.19  oled_font_source_pro.o
    0x2000008a   COMPRESSED   0x00000008   Data   RW           78    .data..compoundliteral.2  oled_font_source_pro.o
    0x20000092   COMPRESSED   0x0000000c   Data   RW           96    .data..compoundliteral.20  oled_font_source_pro.o
    0x2000009e   COMPRESSED   0x0000000c   Data   RW           97    .data..compoundliteral.21  oled_font_source_pro.o
    0x200000aa   COMPRESSED   0x0000000c   Data   RW           98    .data..compoundliteral.22  oled_font_source_pro.o
    0x200000b6   COMPRESSED   0x0000000c   Data   RW           99    .data..compoundliteral.23  oled_font_source_pro.o
    0x200000c2   COMPRESSED   0x0000000c   Data   RW          100    .data..compoundliteral.24  oled_font_source_pro.o
    0x200000ce   COMPRESSED   0x0000000c   Data   RW          101    .data..compoundliteral.25  oled_font_source_pro.o
    0x200000da   COMPRESSED   0x00000010   Data   RW          102    .data..compoundliteral.26  oled_font_source_pro.o
    0x200000ea   COMPRESSED   0x00000010   Data   RW          103    .data..compoundliteral.27  oled_font_source_pro.o
    0x200000fa   COMPRESSED   0x00000008   Data   RW          104    .data..compoundliteral.28  oled_font_source_pro.o
    0x20000102   COMPRESSED   0x0000000c   Data   RW          105    .data..compoundliteral.29  oled_font_source_pro.o
    0x2000010e   COMPRESSED   0x0000000c   Data   RW           79    .data..compoundliteral.3  oled_font_source_pro.o
    0x2000011a   COMPRESSED   0x00000008   Data   RW          106    .data..compoundliteral.30  oled_font_source_pro.o
    0x20000122   COMPRESSED   0x00000008   Data   RW          107    .data..compoundliteral.31  oled_font_source_pro.o
    0x2000012a   COMPRESSED   0x0000000c   Data   RW          108    .data..compoundliteral.32  oled_font_source_pro.o
    0x20000136   COMPRESSED   0x0000000c   Data   RW          109    .data..compoundliteral.33  oled_font_source_pro.o
    0x20000142   COMPRESSED   0x0000000c   Data   RW          110    .data..compoundliteral.34  oled_font_source_pro.o
    0x2000014e   COMPRESSED   0x0000000c   Data   RW          111    .data..compoundliteral.35  oled_font_source_pro.o
    0x2000015a   COMPRESSED   0x0000000c   Data   RW          112    .data..compoundliteral.36  oled_font_source_pro.o
    0x20000166   COMPRESSED   0x0000000a   Data   RW          113    .data..compoundliteral.37  oled_font_source_pro.o
    0x20000170   COMPRESSED   0x0000000a   Data   RW          114    .data..compoundliteral.38  oled_font_source_pro.o
    0x2000017a   COMPRESSED   0x0000000c   Data   RW          115    .data..compoundliteral.39  oled_font_source_pro.o
    0x20000186   COMPRESSED   0x0000000c   Data   RW           80    .data..compoundliteral.4  oled_font_source_pro.o
    0x20000192   COMPRESSED   0x0000000c   Data   RW          116    .data..compoundliteral.40  oled_font_source_pro.o
    0x2000019e   COMPRESSED   0x0000000c   Data   RW          117    .data..compoundliteral.41  oled_font_source_pro.o
    0x200001aa   COMPRESSED   0x0000000a   Data   RW          118    .data..compoundliteral.42  oled_font_source_pro.o
    0x200001b4   COMPRESSED   0x0000000c   Data   RW          119    .data..compoundliteral.43  oled_font_source_pro.o
    0x200001c0   COMPRESSED   0x0000000a   Data   RW          120    .data..compoundliteral.44  oled_font_source_pro.o
    0x200001ca   COMPRESSED   0x0000000c   Data   RW          121    .data..compoundliteral.45  oled_font_source_pro.o
    0x200001d6   COMPRESSED   0x0000000c   Data   RW          122    .data..compoundliteral.46  oled_font_source_pro.o
    0x200001e2   COMPRESSED   0x0000000c   Data   RW          123    .data..compoundliteral.47  oled_font_source_pro.o
    0x200001ee   COMPRESSED   0x0000000c   Data   RW          124    .data..compoundliteral.48  oled_font_source_pro.o
    0x200001fa   COMPRESSED   0x0000000c   Data   RW          125    .data..compoundliteral.49  oled_font_source_pro.o
    0x20000206   COMPRESSED   0x00000010   Data   RW           81    .data..compoundliteral.5  oled_font_source_pro.o
    0x20000216   COMPRESSED   0x0000000c   Data   RW          126    .data..compoundliteral.50  oled_font_source_pro.o
    0x20000222   COMPRESSED   0x0000000c   Data   RW          127    .data..compoundliteral.51  oled_font_source_pro.o
    0x2000022e   COMPRESSED   0x0000000c   Data   RW          128    .data..compoundliteral.52  oled_font_source_pro.o
    0x2000023a   COMPRESSED   0x0000000c   Data   RW          129    .data..compoundliteral.53  oled_font_source_pro.o
    0x20000246   COMPRESSED   0x0000000c   Data   RW          130    .data..compoundliteral.54  oled_font_source_pro.o
    0x20000252   COMPRESSED   0x00000010   Data   RW          131    .data..compoundliteral.55  oled_font_source_pro.o
    0x20000262   COMPRESSED   0x0000000c   Data   RW          132    .data..compoundliteral.56  oled_font_source_pro.o
    0x2000026e   COMPRESSED   0x0000000c   Data   RW          133    .data..compoundliteral.57  oled_font_source_pro.o
    0x2000027a   COMPRESSED   0x0000000c   Data   RW          134    .data..compoundliteral.58  oled_font_source_pro.o
    0x20000286   COMPRESSED   0x00000008   Data   RW          135    .data..compoundliteral.59  oled_font_source_pro.o
    0x2000028e   COMPRESSED   0x0000000c   Data   RW           82    .data..compoundliteral.6  oled_font_source_pro.o
    0x2000029a   COMPRESSED   0x0000000a   Data   RW          136    .data..compoundliteral.60  oled_font_source_pro.o
    0x200002a4   COMPRESSED   0x00000010   Data   RW          137    .data..compoundliteral.61  oled_font_source_pro.o
    0x200002b4   COMPRESSED   0x00000008   Data   RW          138    .data..compoundliteral.62  oled_font_source_pro.o
    0x200002bc   COMPRESSED   0x0000000c   Data   RW          139    .data..compoundliteral.63  oled_font_source_pro.o
    0x200002c8   COMPRESSED   0x00000010   Data   RW          140    .data..compoundliteral.64  oled_font_source_pro.o
    0x200002d8   COMPRESSED   0x0000000c   Data   RW          141    .data..compoundliteral.65  oled_font_source_pro.o
    0x200002e4   COMPRESSED   0x0000000c   Data   RW          142    .data..compoundliteral.66  oled_font_source_pro.o
    0x200002f0   COMPRESSED   0x0000000c   Data   RW          143    .data..compoundliteral.67  oled_font_source_pro.o
    0x200002fc   COMPRESSED   0x0000000c   Data   RW          144    .data..compoundliteral.68  oled_font_source_pro.o
    0x20000308   COMPRESSED   0x0000000c   Data   RW          145    .data..compoundliteral.69  oled_font_source_pro.o
    0x20000314   COMPRESSED   0x00000010   Data   RW           83    .data..compoundliteral.7  oled_font_source_pro.o
    0x20000324   COMPRESSED   0x0000000c   Data   RW          146    .data..compoundliteral.70  oled_font_source_pro.o
    0x20000330   COMPRESSED   0x0000000c   Data   RW          147    .data..compoundliteral.71  oled_font_source_pro.o
    0x2000033c   COMPRESSED   0x0000000c   Data   RW          148    .data..compoundliteral.72  oled_font_source_pro.o
    0x20000348   COMPRESSED   0x00000008   Data   RW          149    .data..compoundliteral.73  oled_font_source_pro.o
    0x20000350   COMPRESSED   0x00000008   Data   RW          150    .data..compoundliteral.74  oled_font_source_pro.o
    0x20000358   COMPRESSED   0x0000000c   Data   RW          151    .data..compoundliteral.75  oled_font_source_pro.o
    0x20000364   COMPRESSED   0x0000000c   Data   RW          152    .data..compoundliteral.76  oled_font_source_pro.o
    0x20000370   COMPRESSED   0x0000000c   Data   RW          153    .data..compoundliteral.77  oled_font_source_pro.o
    0x2000037c   COMPRESSED   0x0000000c   Data   RW          154    .data..compoundliteral.78  oled_font_source_pro.o
    0x20000388   COMPRESSED   0x0000000c   Data   RW          155    .data..compoundliteral.79  oled_font_source_pro.o
    0x20000394   COMPRESSED   0x00000006   Data   RW           84    .data..compoundliteral.8  oled_font_source_pro.o
    0x2000039a   COMPRESSED   0x0000000c   Data   RW          156    .data..compoundliteral.80  oled_font_source_pro.o
    0x200003a6   COMPRESSED   0x0000000c   Data   RW          157    .data..compoundliteral.81  oled_font_source_pro.o
    0x200003b2   COMPRESSED   0x0000000a   Data   RW          158    .data..compoundliteral.82  oled_font_source_pro.o
    0x200003bc   COMPRESSED   0x0000000c   Data   RW          159    .data..compoundliteral.83  oled_font_source_pro.o
    0x200003c8   COMPRESSED   0x0000000c   Data   RW          160    .data..compoundliteral.84  oled_font_source_pro.o
    0x200003d4   COMPRESSED   0x0000000c   Data   RW          161    .data..compoundliteral.85  oled_font_source_pro.o
    0x200003e0   COMPRESSED   0x0000000c   Data   RW          162    .data..compoundliteral.86  oled_font_source_pro.o
    0x200003ec   COMPRESSED   0x00000010   Data   RW          163    .data..compoundliteral.87  oled_font_source_pro.o
    0x200003fc   COMPRESSED   0x0000000c   Data   RW          164    .data..compoundliteral.88  oled_font_source_pro.o
    0x20000408   COMPRESSED   0x0000000c   Data   RW          165    .data..compoundliteral.89  oled_font_source_pro.o
    0x20000414   COMPRESSED   0x00000006   Data   RW           85    .data..compoundliteral.9  oled_font_source_pro.o
    0x2000041a   COMPRESSED   0x0000000c   Data   RW          166    .data..compoundliteral.90  oled_font_source_pro.o
    0x20000426   COMPRESSED   0x0000000a   Data   RW          167    .data..compoundliteral.91  oled_font_source_pro.o
    0x20000430   COMPRESSED   0x00000010   Data   RW          168    .data..compoundliteral.92  oled_font_source_pro.o
    0x20000440   COMPRESSED   0x0000000a   Data   RW          169    .data..compoundliteral.93  oled_font_source_pro.o
    0x2000044a   COMPRESSED   0x0000000c   Data   RW          170    .data..compoundliteral.94  oled_font_source_pro.o
    0x20000456   COMPRESSED   0x000003aa   PAD
    0x20000800   COMPRESSED   0x0000026c   Data   RW          938    vtable              driverlib.lib(interrupt.o)


    Execution Region ER_ZI (Exec base: 0x20000a70, Load base: 0x00004ef0, Size: 0x00000280, Max: 0xffffffff, ABSOLUTE)

    Exec Addr    Load Addr    Size         Type   Attr      Idx    E Section Name        Object

    0x20000a70        -       0x00000060   Zero   RW         2186    .bss                c_w.l(libspace.o)
    0x20000ad0        -       0x00000010   Zero   RW           76    .bss..compoundliteral  oled_font_source_pro.o
    0x20000ae0        -       0x00000004   Zero   RW          242    .bss.g_ui32Base     uartstdio.o
    0x20000ae4        -       0x00000002   Zero   RW           51    .bss.humidity       main.o
    0x20000ae6        -       0x00000100   Zero   RW           48    .bss.print.buf      main.o
    0x20000be6        -       0x00000002   Zero   RW           52    .bss.temperature    main.o
    0x20000be8        -       0x00000004   Zero   RW           49    .bss.wake_interval  main.o
    0x20000bec   0x00004ef0   0x00000004   PAD
    0x20000bf0        -       0x00000000   Zero   RW           66    HEAP                startup_rvmdk.o
    0x20000bf0        -       0x00000100   Zero   RW           65    STACK               startup_rvmdk.o


==============================================================================

Image component sizes


      Code (inc. data)   RO Data    RW Data    ZI Data      Debug   Object Name

      1272         88          0          0        264       3435   main.o
         0          0        772       1110         16        816   oled_font_source_pro.o
       736         56         23          0          0       3195   ssd1306.o
       522        156         29          0          0       2777   ssd1306_utils.o
       672        636          0          0        256        484   startup_rvmdk.o
       886        224          0          0          4       4433   uartstdio.o

    ----------------------------------------------------------------------
      4124       1160        856       2048        544      15140   Object Totals
         0          0         32          0          0          0   (incl. Generated)
        36          0          0        938          4          0   (incl. Padding)

    ----------------------------------------------------------------------

      Code (inc. data)   RO Data    RW Data    ZI Data      Debug   Library Member Name

        90          0          0          0          0          0   __dczerorl2.o
         8          0          0          0          0         68   __main.o
       392          4         17          0          0         92   __printf_flags_ss_wp.o
        14          0          0          0          0         68   __printf_wp.o
         0          0          0          0          0          0   __rtentry.o
        12          0          0          0          0          0   __rtentry2.o
         6          0          0          0          0          0   __rtentry4.o
        52          8          0          0          0          0   __scatter.o
        28          0          0          0          0          0   __scatter_zi.o
        72          0          0          0          0         96   _c16rtomb.o
         6          0          0          0          0          0   _printf_a.o
         6          0          0          0          0          0   _printf_c.o
        44          0          0          0          0        108   _printf_char.o
        48          6          0          0          0         96   _printf_char_common.o
        40          0          0          0          0         68   _printf_charcount.o
         6          0          0          0          0          0   _printf_d.o
       120         16          0          0          0         92   _printf_dec.o
         6          0          0          0          0          0   _printf_e.o
         6          0          0          0          0          0   _printf_f.o
      1052          0          0          0          0        148   _printf_fp_dec.o
       764          8         38          0          0        100   _printf_fp_hex.o
       128         16          0          0          0         84   _printf_fp_infnan.o
         6          0          0          0          0          0   _printf_g.o
       148          4         40          0          0        160   _printf_hex_int_ll_ptr.o
         6          0          0          0          0          0   _printf_i.o
       178          0          0          0          0         88   _printf_intcommon.o
        10          0          0          0          0          0   _printf_l.o
         6          0          0          0          0          0   _printf_lc.o
        10          0          0          0          0          0   _printf_ll.o
         6          0          0          0          0          0   _printf_lld.o
         6          0          0          0          0          0   _printf_lli.o
         6          0          0          0          0          0   _printf_llo.o
         6          0          0          0          0          0   _printf_llu.o
         6          0          0          0          0          0   _printf_llx.o
       124         16          0          0          0         92   _printf_longlong_dec.o
         6          0          0          0          0          0   _printf_ls.o
         6          0          0          0          0          0   _printf_n.o
         6          0          0          0          0          0   _printf_o.o
       112          8          0          0          0        124   _printf_oct_int_ll.o
         6          0          0          0          0          0   _printf_p.o
        78          0          0          0          0        108   _printf_pad.o
         0          0          0          0          0          0   _printf_percent.o
         4          0          0          0          0          0   _printf_percent_end.o
         6          0          0          0          0          0   _printf_s.o
        82          0          0          0          0         80   _printf_str.o
        36          0          0          0          0         84   _printf_truncate.o
         6          0          0          0          0          0   _printf_u.o
        44          0          0          0          0        108   _printf_wchar.o
       188          6          8          0          0         92   _printf_wctomb.o
         6          0          0          0          0          0   _printf_x.o
        16          0          0          0          0         68   _snputc.o
        10          0          0          0          0         68   _sputc.o
        22          0          0          0          0         80   abort.o
        16          0          0          0          0         68   aeabi_memset.o
       128         42          0          0          0         76   assert.o
        20          0          0          0          0         76   assert_puts.o
       228          4        148          0          0         96   bigflt0.o
      1936        128          0          0          0        672   btod.o
        48         34          0          0          0         76   defsig_abrt_inner.o
        14          0          0          0          0         80   defsig_abrt_outer.o
        10          0          0          0          0         68   defsig_exit.o
        50          0          0          0          0         88   defsig_general.o
        18          0          0          0          0         80   exit.o
         6          0          0          0          0        152   heapauxi.o
         0          0          0          0          0          0   indicate_semi.o
        44         10        272          0          0         76   lc_ctype_c.o
        44         10         28          0          0         76   lc_numeric_c.o
         2          0          0          0          0          0   libinit.o
        34          0          0          0          0          0   libinit2.o
         2          0          0          0          0          0   libshutdown.o
         2          0          0          0          0          0   libshutdown2.o
         8          4          0          0         96         68   libspace.o
       138          0          0          0          0         80   lludiv10.o
        16          4          0          0          0         76   rt_ctype_table.o
         8          4          0          0          0         68   rt_locale_intlibspace.o
        68          0          0          0          0         68   rt_memclr.o
        78          0          0          0          0         80   rt_memclr_w.o
         2          0          0          0          0          0   rtexit.o
        10          0          0          0          0          0   rtexit2.o
       124          0          0          0          0         88   strcmpv7em.o
        12          4          0          0          0         68   sys_exit.o
        74          0          0          0          0         80   sys_stackheap_outer.o
        14          0          0          0          0         76   sys_wrch.o
         2          0          0          0          0         68   use_no_semi.o
        52          4          0          0          0         80   vsnprintf.o
        38          0          0          0          0        572   cpu.o
       538          8        552          0          0      10189   gpio.o
       128         12          0          0          0       4483   i2c.o
       274         28        268        620          0       3740   interrupt.o
      1420        110        596          0          0       8570   sysctl.o
       156          8          0          0          0       3078   timer.o
       148          0          0          0          0       2986   uart.o
       804         16          0          0          0        376   daddsub_clz.o
        94          4          0          0          0        140   dfix.o
        38          0          0          0          0        116   dflt_clz.o
       340         12          0          0          0        152   dmul.o
       156          4          0          0          0        140   dnaninf.o
        12          0          0          0          0        116   dretinf.o
        26          0          0          0          0        116   fpinit.o
         4          0          0          0          0        116   printf1.o
         4          0          0          0          0        116   printf2.o
         0          0          0          0          0          0   usenofp.o
        48          0          0          0          0        124   fpclassify.o

    ----------------------------------------------------------------------
     11512        542       1968        620         96      39886   Library Totals
        24          0          1          0          0          0   (incl. Padding)

    ----------------------------------------------------------------------

      Code (inc. data)   RO Data    RW Data    ZI Data      Debug   Library Name

      7260        340        551          0         96       4756   c_w.l
      2702        166       1416        620          0      33618   driverlib.lib
      1478         36          0          0          0       1388   fz_wm.l
        48          0          0          0          0        124   m_wm.l

    ----------------------------------------------------------------------
     11512        542       1968        620         96      39886   Library Totals

    ----------------------------------------------------------------------

==============================================================================


      Code (inc. data)   RO Data    RW Data    ZI Data      Debug   

     15636       1702       2824       2668        640      47926   Grand Totals
     15636       1702       2824        752        640      47926   ELF Image Totals (compressed)
     15636       1702       2824        752          0          0   ROM Totals

==============================================================================

    Total RO  Size (Code + RO Data)                18460 (  18.03kB)
    Total RW  Size (RW Data + ZI Data)              3308 (   3.23kB)
    Total ROM Size (Code + RO Data + RW Data)      19212 (  18.76kB)

==============================================================================

