Component: ARM Compiler 5.06 update 7 (build 960) Tool: armlink [4d3601]

==============================================================================

Section Cross References

    i2clib.o(i.I2CRead) refers to i2c.o(i.I2CMasterSlaveAddrSet) for I2CMasterSlaveAddrSet
    i2clib.o(i.I2CRead) refers to i2c.o(i.I2CMasterDataPut) for I2CMasterDataPut
    i2clib.o(i.I2CRead) refers to i2c.o(i.I2CMasterControl) for I2CMasterControl
    i2clib.o(i.I2CRead) refers to i2c.o(i.I2CMasterBusy) for I2CMasterBusy
    i2clib.o(i.I2CRead) refers to i2c.o(i.I2CMasterDataGet) for I2CMasterDataGet
    i2clib.o(i.I2CReceive) refers to i2c.o(i.I2CMasterSlaveAddrSet) for I2CMasterSlaveAddrSet
    i2clib.o(i.I2CReceive) refers to i2c.o(i.I2CMasterDataPut) for I2CMasterDataPut
    i2clib.o(i.I2CReceive) refers to i2c.o(i.I2CMasterControl) for I2CMasterControl
    i2clib.o(i.I2CReceive) refers to i2c.o(i.I2CMasterBusy) for I2CMasterBusy
    i2clib.o(i.I2CReceive) refers to i2c.o(i.I2CMasterDataGet) for I2CMasterDataGet
    i2clib.o(i.I2CSend) refers to i2c.o(i.I2CMasterSlaveAddrSet) for I2CMasterSlaveAddrSet
    i2clib.o(i.I2CSend) refers to i2c.o(i.I2CMasterDataPut) for I2CMasterDataPut
    i2clib.o(i.I2CSend) refers to i2c.o(i.I2CMasterControl) for I2CMasterControl
    i2clib.o(i.I2CSend) refers to i2c.o(i.I2CMasterBusy) for I2CMasterBusy
    i2clib.o(i.I2CWrite) refers to i2c.o(i.I2CMasterSlaveAddrSet) for I2CMasterSlaveAddrSet
    i2clib.o(i.I2CWrite) refers to i2c.o(i.I2CMasterDataPut) for I2CMasterDataPut
    i2clib.o(i.I2CWrite) refers to i2c.o(i.I2CMasterControl) for I2CMasterControl
    i2clib.o(i.I2CWrite) refers to i2c.o(i.I2CMasterBusy) for I2CMasterBusy
    main.o(i.ADC0_Handler) refers to uartstdio.o(i.UARTprintf) for UARTprintf
    main.o(i.ADC0_Handler) refers to adc.o(i.ADCIntClear) for ADCIntClear
    main.o(i.ADC0_Handler) refers to adc.o(i.ADCSequenceDataGet) for ADCSequenceDataGet
    main.o(i.ADC0_Handler) refers to main.o(.data) for lightValue
    main.o(i.ADC0_Init) refers to sysctl.o(i.SysCtlPeripheralEnable) for SysCtlPeripheralEnable
    main.o(i.ADC0_Init) refers to sysctl.o(.emb_text) for SysCtlDelay
    main.o(i.ADC0_Init) refers to adc.o(i.ADCSequenceDisable) for ADCSequenceDisable
    main.o(i.ADC0_Init) refers to adc.o(i.ADCSequenceConfigure) for ADCSequenceConfigure
    main.o(i.ADC0_Init) refers to adc.o(i.ADCSequenceStepConfigure) for ADCSequenceStepConfigure
    main.o(i.ADC0_Init) refers to interrupt.o(i.IntPrioritySet) for IntPrioritySet
    main.o(i.ADC0_Init) refers to interrupt.o(i.IntEnable) for IntEnable
    main.o(i.ADC0_Init) refers to adc.o(i.ADCIntEnableEx) for ADCIntEnableEx
    main.o(i.ADC0_Init) refers to adc.o(i.ADCSequenceEnable) for ADCSequenceEnable
    main.o(i.BluetoothPrint) refers to uart.o(i.UARTCharPut) for UARTCharPut
    main.o(i.ConfigureBluetoothUART1) refers to sysctl.o(i.SysCtlPeripheralEnable) for SysCtlPeripheralEnable
    main.o(i.ConfigureBluetoothUART1) refers to gpio.o(i.GPIOPinConfigure) for GPIOPinConfigure
    main.o(i.ConfigureBluetoothUART1) refers to gpio.o(i.GPIOPinTypeUART) for GPIOPinTypeUART
    main.o(i.ConfigureBluetoothUART1) refers to sysctl.o(i.SysCtlClockGet) for SysCtlClockGet
    main.o(i.ConfigureBluetoothUART1) refers to uart.o(i.UARTConfigSetExpClk) for UARTConfigSetExpClk
    main.o(i.ConfigureGPIOPortE) refers to sysctl.o(i.SysCtlPeripheralEnable) for SysCtlPeripheralEnable
    main.o(i.ConfigureGPIOPortE) refers to gpio.o(i.GPIOPinConfigure) for GPIOPinConfigure
    main.o(i.ConfigureGPIOPortE) refers to gpio.o(i.GPIOPinTypeGPIOInput) for GPIOPinTypeGPIOInput
    main.o(i.ConfigureI2C0) refers to sysctl.o(i.SysCtlPeripheralEnable) for SysCtlPeripheralEnable
    main.o(i.ConfigureI2C0) refers to sysctl.o(i.SysCtlPeripheralReset) for SysCtlPeripheralReset
    main.o(i.ConfigureI2C0) refers to gpio.o(i.GPIOPinConfigure) for GPIOPinConfigure
    main.o(i.ConfigureI2C0) refers to gpio.o(i.GPIOPinTypeI2CSCL) for GPIOPinTypeI2CSCL
    main.o(i.ConfigureI2C0) refers to gpio.o(i.GPIOPinTypeI2C) for GPIOPinTypeI2C
    main.o(i.ConfigureI2C0) refers to sysctl.o(i.SysCtlClockGet) for SysCtlClockGet
    main.o(i.ConfigureI2C0) refers to i2c.o(i.I2CMasterInitExpClk) for I2CMasterInitExpClk
    main.o(i.ConfigureOutputPort) refers to sysctl.o(i.SysCtlPeripheralEnable) for SysCtlPeripheralEnable
    main.o(i.ConfigureOutputPort) refers to gpio.o(i.GPIOPinTypeGPIOOutput) for GPIOPinTypeGPIOOutput
    main.o(i.ConfigureUSBUART0) refers to sysctl.o(i.SysCtlPeripheralEnable) for SysCtlPeripheralEnable
    main.o(i.ConfigureUSBUART0) refers to gpio.o(i.GPIOPinConfigure) for GPIOPinConfigure
    main.o(i.ConfigureUSBUART0) refers to gpio.o(i.GPIOPinTypeUART) for GPIOPinTypeUART
    main.o(i.ConfigureUSBUART0) refers to uart.o(i.UARTClockSourceSet) for UARTClockSourceSet
    main.o(i.ConfigureUSBUART0) refers to uartstdio.o(i.UARTStdioConfig) for UARTStdioConfig
    main.o(i.ConvertToC) refers to dflt_clz.o(x$fpl$dfltu) for __aeabi_ui2d
[...]
    i.ssd1306AdjustContrast                  0x00003520   Section        0  ssd1306.o(i.ssd1306AdjustContrast)
    i.ssd1306BeginCom                        0x00003538   Section        0  ssd1306_utils.o(i.ssd1306BeginCom)
    i.ssd1306ClearDisplay                    0x00003564   Section        0  ssd1306.o(i.ssd1306ClearDisplay)
    i.ssd1306ContinueCom                     0x00003598   Section        0  ssd1306_utils.o(i.ssd1306ContinueCom)
    i.ssd1306EndCom                          0x000035b8   Section        0  ssd1306_utils.o(i.ssd1306EndCom)
    i.ssd1306Init                            0x000035dc   Section        0  ssd1306.o(i.ssd1306Init)
    i.ssd1306PrintString                     0x00003658   Section        0  ssd1306.o(i.ssd1306PrintString)
    i.ssd1306SwitchDisplay                   0x0000372c   Section        0  ssd1306.o(i.ssd1306SwitchDisplay)
    i.ssd1306SwitchLine                      0x0000373c   Section        0  ssd1306.o(i.ssd1306SwitchLine)
    i.ssd1306TurnOn                          0x0000379c   Section        0  ssd1306.o(i.ssd1306TurnOn)
    i.ssd1306WaitBus                         0x000038bc   Section        0  ssd1306_utils.o(i.ssd1306WaitBus)
    i.ssd1306WaitMaster                      0x000038d0   Section        0  ssd1306_utils.o(i.ssd1306WaitMaster)
    i.ssd1306Write                           0x000038e4   Section        0  ssd1306_utils.o(i.ssd1306Write)
    locale$$code                             0x0000392c   Section       44  lc_numeric_c.o(locale$$code)
    locale$$code                             0x00003958   Section       44  lc_ctype_c.o(locale$$code)
    x$fpl$dadd                               0x00003984   Section      336  daddsub_clz.o(x$fpl$dadd)
    $v0                                      0x00003984   Number         0  daddsub_clz.o(x$fpl$dadd)
    _dadd1                                   0x00003995   Thumb Code     0  daddsub_clz.o(x$fpl$dadd)
    x$fpl$ddiv                               0x00003ad4   Section      688  ddiv.o(x$fpl$ddiv)
    $v0                                      0x00003ad4   Number         0  ddiv.o(x$fpl$ddiv)
    ddiv_entry                               0x00003adb   Thumb Code     0  ddiv.o(x$fpl$ddiv)
    x$fpl$dfixu                              0x00003d84   Section       90  dfixu.o(x$fpl$dfixu)
    $v0                                      0x00003d84   Number         0  dfixu.o(x$fpl$dfixu)
    x$fpl$dfltu                              0x00003dde   Section       38  dflt_clz.o(x$fpl$dfltu)
    $v0                                      0x00003dde   Number         0  dflt_clz.o(x$fpl$dfltu)
    x$fpl$dmul                               0x00003e04   Section      340  dmul.o(x$fpl$dmul)
    $v0                                      0x00003e04   Number         0  dmul.o(x$fpl$dmul)
    x$fpl$dnaninf                            0x00003f58   Section      156  dnaninf.o(x$fpl$dnaninf)
    $v0                                      0x00003f58   Number         0  dnaninf.o(x$fpl$dnaninf)
    x$fpl$dretinf                            0x00003ff4   Section       12  dretinf.o(x$fpl$dretinf)
    $v0                                      0x00003ff4   Number         0  dretinf.o(x$fpl$dretinf)
    x$fpl$dsub                               0x00004000   Section      468  daddsub_clz.o(x$fpl$dsub)
    $v0                                      0x00004000   Number         0  daddsub_clz.o(x$fpl$dsub)
    _dsub1                                   0x00004011   Thumb Code     0  daddsub_clz.o(x$fpl$dsub)
    x$fpl$fpinit                             0x000041d4   Section       10  fpinit.o(x$fpl$fpinit)
    $v0                                      0x000041d4   Number         0  fpinit.o(x$fpl$fpinit)
    x$fpl$printf1                            0x000041de   Section        4  printf1.o(x$fpl$printf1)
    $v0                                      0x000041de   Number         0  printf1.o(x$fpl$printf1)
    x$fpl$printf2                            0x000041e2   Section        4  printf2.o(x$fpl$printf2)
    $v0                                      0x000041e2   Number         0  printf2.o(x$fpl$printf2)
    x$fpl$usenofp                            0x000041e6   Section        0  usenofp.o(x$fpl$usenofp)
    .constdata                               0x000041e8   Section      772  oled_font_source_pro.o(.constdata)
    .constdata                               0x000044ec   Section       28  uartstdio.o(.constdata)
    g_pcHex                                  0x000044ec   Data           4  uartstdio.o(.constdata)
    g_ui32UARTBase                           0x000044f0   Data          12  uartstdio.o(.constdata)
    g_ui32UARTPeriph                         0x000044fc   Data          12  uartstdio.o(.constdata)
    .constdata                               0x00004508   Section      552  gpio.o(.constdata)
    g_ppui32GPIOIntMapBlizzard               0x00004508   Data         192  gpio.o(.constdata)
    g_ppui32GPIOIntMapSnowflake              0x000045c8   Data         216  gpio.o(.constdata)
    g_pui32GPIOBaseAddrs                     0x000046a0   Data         144  gpio.o(.constdata)
    .constdata                               0x00004730   Section      268  interrupt.o(.constdata)
    g_pui32Priority                          0x00004730   Data          32  interrupt.o(.constdata)
    g_pui32Regs                              0x00004750   Data         156  interrupt.o(.constdata)
    g_pui32EnRegs                            0x000047ec   Data          20  interrupt.o(.constdata)
    g_pui32Dii16Regs                         0x00004800   Data          20  interrupt.o(.constdata)
    g_pui32PendRegs                          0x00004814   Data          20  interrupt.o(.constdata)
    g_pui32UnpendRegs                        0x00004828   Data          20  interrupt.o(.constdata)
    .constdata                               0x0000483c   Section      596  sysctl.o(.constdata)
    g_pui32VCOFrequencies                    0x0000483c   Data           8  sysctl.o(.constdata)
    g_pui32Xtals                             0x00004844   Data         108  sysctl.o(.constdata)
    g_pppui32XTALtoVCO                       0x000048b0   Data         432  sysctl.o(.constdata)
    g_sXTALtoMEMTIM                          0x00004a60   Data          48  sysctl.o(.constdata)
    .constdata                               0x00004a90   Section        8  _printf_wctomb.o(.constdata)
    initial_mbstate                          0x00004a90   Data           8  _printf_wctomb.o(.constdata)
    .constdata                               0x00004a98   Section       40  _printf_hex_int_ll_ptr.o(.constdata)
    uc_hextab                                0x00004a98   Data          20  _printf_hex_int_ll_ptr.o(.constdata)
    lc_hextab                                0x00004aac   Data          20  _printf_hex_int_ll_ptr.o(.constdata)
    .constdata                               0x00004ac0   Section       17  __printf_flags_ss_wp.o(.constdata)
    maptable                                 0x00004ac0   Data          17  __printf_flags_ss_wp.o(.constdata)
    .constdata                               0x00004ad1   Section       38  _printf_fp_hex.o(.constdata)
    lc_hextab                                0x00004ad1   Data          19  _printf_fp_hex.o(.constdata)
    uc_hextab                                0x00004ae4   Data          19  _printf_fp_hex.o(.constdata)
    .constdata                               0x00004af8   Section      148  bigflt0.o(.constdata)
    tenpwrs_x                                0x00004af8   Data          60  bigflt0.o(.constdata)
    tenpwrs_i                                0x00004b34   Data          64  bigflt0.o(.constdata)
    .conststring                             0x00004b8c   Section       17  uartstdio.o(.conststring)
    locale$$data                             0x00004bc0   Section       28  lc_numeric_c.o(locale$$data)
    __lcnum_c_name                           0x00004bc4   Data           2  lc_numeric_c.o(locale$$data)
    __lcnum_c_start                          0x00004bcc   Data           0  lc_numeric_c.o(locale$$data)
    __lcnum_c_point                          0x00004bd8   Data           0  lc_numeric_c.o(locale$$data)
    __lcnum_c_thousands                      0x00004bda   Data           0  lc_numeric_c.o(locale$$data)
    __lcnum_c_grouping                       0x00004bdb   Data           0  lc_numeric_c.o(locale$$data)
    locale$$data                             0x00004bdc   Section      272  lc_ctype_c.o(locale$$data)
    __lcnum_c_end                            0x00004bdc   Data           0  lc_numeric_c.o(locale$$data)
    __lcctype_c_name                         0x00004be0   Data           2  lc_ctype_c.o(locale$$data)
    __lcctype_c_start                        0x00004be8   Data           0  lc_ctype_c.o(locale$$data)
    __lcctype_c_end                          0x00004cec   Data           0  lc_ctype_c.o(locale$$data)
    .data                                    0x20000000   Section       21  main.o(.data)
    .data                                    0x20000015   Section     1110  oled_font_source_pro.o(.data)
    <Data2>                                  0x20000015   Data          16  oled_font_source_pro.o(.data)
    <Data3>                                  0x20000025   Data           8  oled_font_source_pro.o(.data)
    <Data4>                                  0x2000002d   Data          12  oled_font_source_pro.o(.data)
    <Data5>                                  0x20000039   Data          12  oled_font_source_pro.o(.data)
    <Data6>                                  0x20000045   Data          16  oled_font_source_pro.o(.data)
    <Data7>                                  0x20000055   Data          12  oled_font_source_pro.o(.data)
    <Data8>                                  0x20000061   Data          16  oled_font_source_pro.o(.data)
    <Data9>                                  0x20000071   Data           6  oled_font_source_pro.o(.data)
    <Data10>                                 0x20000077   Data           6  oled_font_source_pro.o(.data)
    <Data11>                                 0x2000007d   Data           8  oled_font_source_pro.o(.data)
    <Data12>                                 0x20000085   Data          12  oled_font_source_pro.o(.data)
    <Data13>                                 0x20000091   Data          16  oled_font_source_pro.o(.data)
    <Data14>                                 0x200000a1   Data          12  oled_font_source_pro.o(.data)
    <Data15>                                 0x200000ad   Data          16  oled_font_source_pro.o(.data)
    <Data16>                                 0x200000bd   Data          10  oled_font_source_pro.o(.data)
    <Data17>                                 0x200000c7   Data          12  oled_font_source_pro.o(.data)
    <Data18>                                 0x200000d3   Data          12  oled_font_source_pro.o(.data)
    <Data19>                                 0x200000df   Data          12  oled_font_source_pro.o(.data)
    <Data20>                                 0x200000eb   Data          12  oled_font_source_pro.o(.data)
    <Data21>                                 0x200000f7   Data          12  oled_font_source_pro.o(.data)
    <Data22>                                 0x20000103   Data          12  oled_font_source_pro.o(.data)
    <Data23>                                 0x2000010f   Data          12  oled_font_source_pro.o(.data)
    <Data24>                                 0x2000011b   Data          12  oled_font_source_pro.o(.data)
    <Data25>                                 0x20000127   Data          12  oled_font_source_pro.o(.data)
    <Data26>                                 0x20000133   Data          12  oled_font_source_pro.o(.data)
    <Data27>                                 0x2000013f   Data          16  oled_font_source_pro.o(.data)
    <Data28>                                 0x2000014f   Data          16  oled_font_source_pro.o(.data)
    <Data29>                                 0x2000015f   Data           8  oled_font_source_pro.o(.data)
    <Data30>                                 0x20000167   Data          12  oled_font_source_pro.o(.data)
    <Data31>                                 0x20000173   Data           8  oled_font_source_pro.o(.data)
    <Data32>                                 0x2000017b   Data           8  oled_font_source_pro.o(.data)
    <Data33>                                 0x20000183   Data          12  oled_font_source_pro.o(.data)
    <Data34>                                 0x2000018f   Data          12  oled_font_source_pro.o(.data)
    <Data35>                                 0x2000019b   Data          12  oled_font_source_pro.o(.data)
    <Data36>                                 0x200001a7   Data          12  oled_font_source_pro.o(.data)
    <Data37>                                 0x200001b3   Data          12  oled_font_source_pro.o(.data)
    <Data38>                                 0x200001bf   Data          10  oled_font_source_pro.o(.data)
    <Data39>                                 0x200001c9   Data          10  oled_font_source_pro.o(.data)
    <Data40>                                 0x200001d3   Data          12  oled_font_source_pro.o(.data)
    <Data41>                                 0x200001df   Data          12  oled_font_source_pro.o(.data)
    <Data42>                                 0x200001eb   Data          12  oled_font_source_pro.o(.data)
    <Data43>                                 0x200001f7   Data          10  oled_font_source_pro.o(.data)
    <Data44>                                 0x20000201   Data          12  oled_font_source_pro.o(.data)
    <Data45>                                 0x2000020d   Data          10  oled_font_source_pro.o(.data)
    <Data46>                                 0x20000217   Data          12  oled_font_source_pro.o(.data)
    <Data47>                                 0x20000223   Data          12  oled_font_source_pro.o(.data)
    <Data48>                                 0x2000022f   Data          12  oled_font_source_pro.o(.data)
    <Data49>                                 0x2000023b   Data          12  oled_font_source_pro.o(.data)
    <Data50>                                 0x20000247   Data          12  oled_font_source_pro.o(.data)
    <Data51>                                 0x20000253   Data          12  oled_font_source_pro.o(.data)
    <Data52>                                 0x2000025f   Data          12  oled_font_source_pro.o(.data)
    <Data53>                                 0x2000026b   Data          12  oled_font_source_pro.o(.data)
    <Data54>                                 0x20000277   Data          12  oled_font_source_pro.o(.data)
    <Data55>                                 0x20000283   Data          12  oled_font_source_pro.o(.data)
    <Data56>                                 0x2000028f   Data          16  oled_font_source_pro.o(.data)
    <Data57>                                 0x2000029f   Data          12  oled_font_source_pro.o(.data)
    <Data58>                                 0x200002ab   Data          12  oled_font_source_pro.o(.data)
    <Data59>                                 0x200002b7   Data          12  oled_font_source_pro.o(.data)
    <Data60>                                 0x200002c3   Data           8  oled_font_source_pro.o(.data)
    <Data61>                                 0x200002cb   Data          10  oled_font_source_pro.o(.data)
    <Data62>                                 0x200002d5   Data          16  oled_font_source_pro.o(.data)
    <Data63>                                 0x200002e5   Data           8  oled_font_source_pro.o(.data)
    <Data64>                                 0x200002ed   Data          12  oled_font_source_pro.o(.data)
    <Data65>                                 0x200002f9   Data          16  oled_font_source_pro.o(.data)
    <Data66>                                 0x20000309   Data          12  oled_font_source_pro.o(.data)
    <Data67>                                 0x20000315   Data          12  oled_font_source_pro.o(.data)
    <Data68>                                 0x20000321   Data          12  oled_font_source_pro.o(.data)
    <Data69>                                 0x2000032d   Data          12  oled_font_source_pro.o(.data)
    <Data70>                                 0x20000339   Data          12  oled_font_source_pro.o(.data)
    <Data71>                                 0x20000345   Data          12  oled_font_source_pro.o(.data)
    <Data72>                                 0x20000351   Data          12  oled_font_source_pro.o(.data)
    <Data73>                                 0x2000035d   Data          12  oled_font_source_pro.o(.data)
    <Data74>                                 0x20000369   Data           8  oled_font_source_pro.o(.data)
    <Data75>                                 0x20000371   Data           8  oled_font_source_pro.o(.data)
    <Data76>                                 0x20000379   Data          12  oled_font_source_pro.o(.data)
    <Data77>                                 0x20000385   Data          12  oled_font_source_pro.o(.data)
    <Data78>                                 0x20000391   Data          12  oled_font_source_pro.o(.data)
    <Data79>                                 0x2000039d   Data          12  oled_font_source_pro.o(.data)
    <Data80>                                 0x200003a9   Data          12  oled_font_source_pro.o(.data)
    <Data81>                                 0x200003b5   Data          12  oled_font_source_pro.o(.data)
    <Data82>                                 0x200003c1   Data          12  oled_font_source_pro.o(.data)
    <Data83>                                 0x200003cd   Data          10  oled_font_source_pro.o(.data)
    <Data84>                                 0x200003d7   Data          12  oled_font_source_pro.o(.data)
    <Data85>                                 0x200003e3   Data          12  oled_font_source_pro.o(.data)
    <Data86>                                 0x200003ef   Data          12  oled_font_source_pro.o(.data)
    <Data87>                                 0x200003fb   Data          12  oled_font_source_pro.o(.data)
    <Data88>                                 0x20000407   Data          16  oled_font_source_pro.o(.data)
    <Data89>                                 0x20000417   Data          12  oled_font_source_pro.o(.data)
    <Data90>                                 0x20000423   Data          12  oled_font_source_pro.o(.data)
    <Data91>                                 0x2000042f   Data          12  oled_font_source_pro.o(.data)
    <Data92>                                 0x2000043b   Data          10  oled_font_source_pro.o(.data)
    <Data93>                                 0x20000445   Data          16  oled_font_source_pro.o(.data)
    <Data94>                                 0x20000455   Data          10  oled_font_source_pro.o(.data)
    <Data95>                                 0x2000045f   Data          12  oled_font_source_pro.o(.data)
    .data                                    0x2000046c   Section        5  uartstdio.o(.data)
    g_ui32Base                               0x2000046c   Data           4  uartstdio.o(.data)
    bLastWasCR                               0x20000470   Data           1  uartstdio.o(.data)
    vtable                                   0x20000800   Section      620  interrupt.o(vtable)
    g_pfnRAMVectors                          0x20000800   Data         620  interrupt.o(vtable)
    .bss                                     0x20000a6c   Section      256  main.o(.bss)
    buf                                      0x20000a6c   Data         256  main.o(.bss)
    .bss                                     0x20000b6c   Section       16  oled_font_source_pro.o(.bss)
    <Data1>                                  0x20000b6c   Data          16  oled_font_source_pro.o(.bss)
    .bss                                     0x20000b7c   Section       96  libspace.o(.bss)
    HEAP                                     0x20000be0   Section        0  startup_rvmdk.o(HEAP)
    STACK                                    0x20000be0   Section      256  startup_rvmdk.o(STACK)
    HeapMem                                  0x20000be0   Data           0  startup_rvmdk.o(HEAP)
    StackMem                                 0x20000be0   Data           0  startup_rvmdk.o(STACK)

    Global Symbols

    Symbol Name                              Value     Ov Type        Size  Object(Section)

    BuildAttributes$$THM_ISAv4$E$P$D$K$B$S$7EM$VFPi3$EXTD16$VFPS$VFMA$PE$A:L22UL41UL21$X:L11$S22US41US21$IEEE1$IW$USESV6$~STKCKD$USESV7$~SHL$OTIME$ROPI$IEEEJ$EBA8$UX$STANDARDLIB$REQ8$PRES8$EABIv2 0x00000000   Number         0  anon$$obj.o ABSOLUTE
    __ARM_use_no_argv                        0x00000000   Number         0  main.o ABSOLUTE
    __Vectors                                0x00000000   Data           0  startup_rvmdk.o(RESET)
    _printf_flags                            0x00000000   Number         0  printf_stubs.o ABSOLUTE
    _printf_return_value                     0x00000000   Number         0  printf_stubs.o ABSOLUTE
    _printf_sizespec                         0x00000000   Number         0  printf_stubs.o ABSOLUTE
    _printf_widthprec                        0x00000000   Number         0  printf_stubs.o ABSOLUTE
    __ARM_exceptions_init                     - Undefined Weak Reference
    __alloca_initialize                       - Undefined Weak Reference
    __arm_fini_                               - Undefined Weak Reference
    __arm_preinit_                            - Undefined Weak Reference
    __cpp_initialize__aeabi_                  - Undefined Weak Reference
    __cxa_finalize                            - Undefined Weak Reference
    __sigvec_lookup                           - Undefined Weak Reference
    _atexit_init                              - Undefined Weak Reference
    _call_atexit_fns                          - Undefined Weak Reference
    _clock_init                               - Undefined Weak Reference
    _fp_trap_init                             - Undefined Weak Reference
    _fp_trap_shutdown                         - Undefined Weak Reference
    _get_lc_collate                           - Undefined Weak Reference
    _get_lc_monetary                          - Undefined Weak Reference
    _get_lc_time                              - Undefined Weak Reference
    _getenv_init                              - Undefined Weak Reference
    _handle_redirection                       - Undefined Weak Reference
    _init_alloc                               - Undefined Weak Reference
    _init_user_alloc                          - Undefined Weak Reference
    _initio                                   - Undefined Weak Reference
    _printf_mbtowc                            - Undefined Weak Reference
    _printf_wc                                - Undefined Weak Reference
    _rand_init                                - Undefined Weak Reference
    _signal_finish                            - Undefined Weak Reference
    _signal_init                              - Undefined Weak Reference
    _terminate_alloc                          - Undefined Weak Reference
    _terminate_user_alloc                     - Undefined Weak Reference
    _terminateio                              - Undefined Weak Reference
    Reset_Handler                            0x0000026d   Thumb Code     0  startup_rvmdk.o(RESET)
    __main                                   0x00000289   Thumb Code     8  __main.o(!!!main)
    __scatterload                            0x00000291   Thumb Code     0  __scatter.o(!!!scatter)
    __scatterload_rt2                        0x00000291   Thumb Code    44  __scatter.o(!!!scatter)
    __scatterload_rt2_thumb_only             0x00000291   Thumb Code     0  __scatter.o(!!!scatter)
    __scatterload_null                       0x0000029f   Thumb Code     0  __scatter.o(!!!scatter)
    __decompress                             0x000002c5   Thumb Code    90  __dczerorl2.o(!!dczerorl2)
    __decompress1                            0x000002c5   Thumb Code     0  __dczerorl2.o(!!dczerorl2)
    __scatterload_zeroinit                   0x00000321   Thumb Code    28  __scatter_zi.o(!!handler_zi)
    _printf_n                                0x0000033d   Thumb Code     0  _printf_n.o(.ARM.Collect$$_printf_percent$$00000001)
    _printf_percent                          0x0000033d   Thumb Code     0  _printf_percent.o(.ARM.Collect$$_printf_percent$$00000000)
    _printf_p                                0x00000343   Thumb Code     0  _printf_p.o(.ARM.Collect$$_printf_percent$$00000002)
    _printf_f                                0x00000349   Thumb Code     0  _printf_f.o(.ARM.Collect$$_printf_percent$$00000003)
    _printf_e                                0x0000034f   Thumb Code     0  _printf_e.o(.ARM.Collect$$_printf_percent$$00000004)
    _printf_g                                0x00000355   Thumb Code     0  _printf_g.o(.ARM.Collect$$_printf_percent$$00000005)
    _printf_a                                0x0000035b   Thumb Code     0  _printf_a.o(.ARM.Collect$$_printf_percent$$00000006)
    _printf_ll                               0x00000361   Thumb Code     0  _printf_ll.o(.ARM.Collect$$_printf_percent$$00000007)
    _printf_i                                0x0000036b   Thumb Code     0  _printf_i.o(.ARM.Collect$$_printf_percent$$00000008)
    _printf_d                                0x00000371   Thumb Code     0  _printf_d.o(.ARM.Collect$$_printf_percent$$00000009)
    _printf_u                                0x00000377   Thumb Code     0  _printf_u.o(.ARM.Collect$$_printf_percent$$0000000A)
    _printf_o                                0x0000037d   Thumb Code     0  _printf_o.o(.ARM.Collect$$_printf_percent$$0000000B)
    _printf_x                                0x00000383   Thumb Code     0  _printf_x.o(.ARM.Collect$$_printf_percent$$0000000C)
    _printf_lli                              0x00000389   Thumb Code     0  _printf_lli.o(.ARM.Collect$$_printf_percent$$0000000D)
    _printf_lld                              0x0000038f   Thumb Code     0  _printf_lld.o(.ARM.Collect$$_printf_percent$$0000000E)
    _printf_llu                              0x00000395   Thumb Code     0  _printf_llu.o(.ARM.Collect$$_printf_percent$$0000000F)
    _printf_llo                              0x0000039b   Thumb Code     0  _printf_llo.o(.ARM.Collect$$_printf_percent$$00000010)
    _printf_llx                              0x000003a1   Thumb Code     0  _printf_llx.o(.ARM.Collect$$_printf_percent$$00000011)
    _printf_l                                0x000003a7   Thumb Code     0  _printf_l.o(.ARM.Collect$$_printf_percent$$00000012)
    _printf_c                                0x000003b1   Thumb Code     0  _printf_c.o(.ARM.Collect$$_printf_percent$$00000013)
    _printf_s                                0x000003b7   Thumb Code     0  _printf_s.o(.ARM.Collect$$_printf_percent$$00000014)
    _printf_lc                               0x000003bd   Thumb Code     0  _printf_lc.o(.ARM.Collect$$_printf_percent$$00000015)
    _printf_ls                               0x000003c3   Thumb Code     0  _printf_ls.o(.ARM.Collect$$_printf_percent$$00000016)
    _printf_percent_end                      0x000003c9   Thumb Code     0  _printf_percent_end.o(.ARM.Collect$$_printf_percent$$00000017)
    __rt_lib_init                            0x000003cd   Thumb Code     0  libinit.o(.ARM.Collect$$libinit$$00000000)
    __rt_lib_init_fp_1                       0x000003cf   Thumb Code     0  libinit2.o(.ARM.Collect$$libinit$$00000001)
    __rt_lib_init_heap_1                     0x000003d3   Thumb Code     0  libinit2.o(.ARM.Collect$$libinit$$0000000A)
    __rt_lib_init_lc_common                  0x000003d3   Thumb Code     0  libinit2.o(.ARM.Collect$$libinit$$0000000F)
    __rt_lib_init_preinit_1                  0x000003d3   Thumb Code     0  libinit2.o(.ARM.Collect$$libinit$$00000004)
    __rt_lib_init_rand_1                     0x000003d3   Thumb Code     0  libinit2.o(.ARM.Collect$$libinit$$0000000E)
    __rt_lib_init_user_alloc_1               0x000003d3   Thumb Code     0  libinit2.o(.ARM.Collect$$libinit$$0000000C)
    __rt_lib_init_lc_collate_1               0x000003d9   Thumb Code     0  libinit2.o(.ARM.Collect$$libinit$$00000011)
    __rt_lib_init_lc_ctype_2                 0x000003d9   Thumb Code     0  libinit2.o(.ARM.Collect$$libinit$$00000012)
    __rt_lib_init_lc_ctype_1                 0x000003e5   Thumb Code     0  libinit2.o(.ARM.Collect$$libinit$$00000013)
    __rt_lib_init_lc_monetary_1              0x000003e5   Thumb Code     0  libinit2.o(.ARM.Collect$$libinit$$00000015)
    __rt_lib_init_lc_numeric_2               0x000003e5   Thumb Code     0  libinit2.o(.ARM.Collect$$libinit$$00000016)
    __rt_lib_init_alloca_1                   0x000003ef   Thumb Code     0  libinit2.o(.ARM.Collect$$libinit$$0000002E)
    __rt_lib_init_argv_1                     0x000003ef   Thumb Code     0  libinit2.o(.ARM.Collect$$libinit$$0000002C)
    __rt_lib_init_atexit_1                   0x000003ef   Thumb Code     0  libinit2.o(.ARM.Collect$$libinit$$0000001B)
    __rt_lib_init_clock_1                    0x000003ef   Thumb Code     0  libinit2.o(.ARM.Collect$$libinit$$00000021)
    __rt_lib_init_cpp_1                      0x000003ef   Thumb Code     0  libinit2.o(.ARM.Collect$$libinit$$00000032)
    __rt_lib_init_exceptions_1               0x000003ef   Thumb Code     0  libinit2.o(.ARM.Collect$$libinit$$00000030)
    __rt_lib_init_fp_trap_1                  0x000003ef   Thumb Code     0  libinit2.o(.ARM.Collect$$libinit$$0000001F)
    __rt_lib_init_getenv_1                   0x000003ef   Thumb Code     0  libinit2.o(.ARM.Collect$$libinit$$00000023)
    __rt_lib_init_lc_numeric_1               0x000003ef   Thumb Code     0  libinit2.o(.ARM.Collect$$libinit$$00000017)
    __rt_lib_init_lc_time_1                  0x000003ef   Thumb Code     0  libinit2.o(.ARM.Collect$$libinit$$00000019)
    __rt_lib_init_return                     0x000003ef   Thumb Code     0  libinit2.o(.ARM.Collect$$libinit$$00000033)
    __rt_lib_init_signal_1                   0x000003ef   Thumb Code     0  libinit2.o(.ARM.Collect$$libinit$$0000001D)
    __rt_lib_init_stdio_1                    0x000003ef   Thumb Code     0  libinit2.o(.ARM.Collect$$libinit$$00000025)
    __rt_lib_shutdown                        0x000003f1   Thumb Code     0  libshutdown.o(.ARM.Collect$$libshutdown$$00000000)
    __rt_lib_shutdown_cpp_1                  0x000003f3   Thumb Code     0  libshutdown2.o(.ARM.Collect$$libshutdown$$00000004)
    __rt_lib_shutdown_fini_1                 0x000003f3   Thumb Code     0  libshutdown2.o(.ARM.Collect$$libshutdown$$00000002)
    __rt_lib_shutdown_fp_trap_1              0x000003f3   Thumb Code     0  libshutdown2.o(.ARM.Collect$$libshutdown$$00000009)
    __rt_lib_shutdown_heap_1                 0x000003f3   Thumb Code     0  libshutdown2.o(.ARM.Collect$$libshutdown$$00000011)
    __rt_lib_shutdown_return                 0x000003f3   Thumb Code     0  libshutdown2.o(.ARM.Collect$$libshutdown$$00000012)
    __rt_lib_shutdown_signal_1               0x000003f3   Thumb Code     0  libshutdown2.o(.ARM.Collect$$libshutdown$$0000000C)
    __rt_lib_shutdown_stdio_1                0x000003f3   Thumb Code     0  libshutdown2.o(.ARM.Collect$$libshutdown$$00000006)
    __rt_lib_shutdown_user_alloc_1           0x000003f3   Thumb Code     0  libshutdown2.o(.ARM.Collect$$libshutdown$$0000000E)
    __rt_entry                               0x000003f5   Thumb Code     0  __rtentry.o(.ARM.Collect$$rtentry$$00000000)
    __rt_entry_presh_1                       0x000003f5   Thumb Code     0  __rtentry2.o(.ARM.Collect$$rtentry$$00000002)
    __rt_entry_sh                            0x000003f5   Thumb Code     0  __rtentry4.o(.ARM.Collect$$rtentry$$00000004)
    __rt_entry_li                            0x000003fb   Thumb Code     0  __rtentry2.o(.ARM.Collect$$rtentry$$0000000A)
    __rt_entry_postsh_1                      0x000003fb   Thumb Code     0  __rtentry2.o(.ARM.Collect$$rtentry$$00000009)
    __rt_entry_main                          0x000003ff   Thumb Code     0  __rtentry2.o(.ARM.Collect$$rtentry$$0000000D)
    __rt_entry_postli_1                      0x000003ff   Thumb Code     0  __rtentry2.o(.ARM.Collect$$rtentry$$0000000C)
    __rt_exit                                0x00000407   Thumb Code     0  rtexit.o(.ARM.Collect$$rtexit$$00000000)
    __rt_exit_ls                             0x00000409   Thumb Code     0  rtexit2.o(.ARM.Collect$$rtexit$$00000003)
    __rt_exit_prels_1                        0x00000409   Thumb Code     0  rtexit2.o(.ARM.Collect$$rtexit$$00000002)
    __rt_exit_exit                           0x0000040d   Thumb Code     0  rtexit2.o(.ARM.Collect$$rtexit$$00000004)
    SysCtlDelay                              0x00000415   Thumb Code     6  sysctl.o(.emb_text)
    CPUcpsid                                 0x0000041d   Thumb Code     8  cpu.o(.emb_text)
    CPUprimask                               0x00000425   Thumb Code     6  cpu.o(.emb_text)
    CPUcpsie                                 0x0000042b   Thumb Code     8  cpu.o(.emb_text)
    CPUwfi                                   0x00000433   Thumb Code     4  cpu.o(.emb_text)
    CPUbasepriSet                            0x00000437   Thumb Code     6  cpu.o(.emb_text)
    CPUbasepriGet                            0x0000043d   Thumb Code     6  cpu.o(.emb_text)
    __user_initial_stackheap                 0x00000445   Thumb Code     0  startup_rvmdk.o(.text)
    vsnprintf                                0x0000045d   Thumb Code    48  vsnprintf.o(.text)
    __aeabi_assert                           0x00000491   Thumb Code    86  assert.o(.text)
    __assert                                 0x00000491   Thumb Code     0  assert.o(.text)
    __use_two_region_memory                  0x00000511   Thumb Code     2  heapauxi.o(.text)
    __rt_heap_escrow$2region                 0x00000513   Thumb Code     2  heapauxi.o(.text)
    __rt_heap_expand$2region                 0x00000515   Thumb Code     2  heapauxi.o(.text)
    _printf_pre_padding                      0x00000517   Thumb Code    44  _printf_pad.o(.text)
    _printf_post_padding                     0x00000543   Thumb Code    34  _printf_pad.o(.text)
    _printf_truncate_signed                  0x00000565   Thumb Code    18  _printf_truncate.o(.text)
    _printf_truncate_unsigned                0x00000577   Thumb Code    18  _printf_truncate.o(.text)
    _printf_str                              0x00000589   Thumb Code    82  _printf_str.o(.text)
    _printf_int_dec                          0x000005dd   Thumb Code   104  _printf_dec.o(.text)
    _printf_charcount                        0x00000655   Thumb Code    40  _printf_charcount.o(.text)
    _printf_char_common                      0x00000687   Thumb Code    32  _printf_char_common.o(.text)
    _sputc                                   0x000006ad   Thumb Code    10  _sputc.o(.text)
    _snputc                                  0x000006b7   Thumb Code    16  _snputc.o(.text)
    _printf_wctomb                           0x000006c9   Thumb Code   182  _printf_wctomb.o(.text)
    _printf_longlong_dec                     0x00000785   Thumb Code   108  _printf_longlong_dec.o(.text)
    _printf_longlong_oct                     0x00000801   Thumb Code    66  _printf_oct_int_ll.o(.text)
    _printf_int_oct                          0x00000843   Thumb Code    24  _printf_oct_int_ll.o(.text)
    _printf_ll_oct                           0x0000085b   Thumb Code    12  _printf_oct_int_ll.o(.text)
    _printf_longlong_hex                     0x00000871   Thumb Code    86  _printf_hex_int_ll_ptr.o(.text)
    _printf_int_hex                          0x000008c7   Thumb Code    28  _printf_hex_int_ll_ptr.o(.text)
    _printf_ll_hex                           0x000008e3   Thumb Code    12  _printf_hex_int_ll_ptr.o(.text)
    _printf_hex_ptr                          0x000008ef   Thumb Code    18  _printf_hex_int_ll_ptr.o(.text)
    __printf                                 0x00000905   Thumb Code   388  __printf_flags_ss_wp.o(.text)
    abort                                    0x00000a8d   Thumb Code    22  abort.o(.text)
    __assert_puts                            0x00000aa3   Thumb Code    20  assert_puts.o(.text)
    _ttywrch                                 0x00000ab7   Thumb Code    14  sys_wrch.o(.text)
    _sys_exit                                0x00000ac5   Thumb Code     8  sys_exit.o(.text)
    _ll_udiv10                               0x00000ad1   Thumb Code   138  lludiv10.o(.text)
    _printf_int_common                       0x00000b5b   Thumb Code   178  _printf_intcommon.o(.text)
    __lib_sel_fp_printf                      0x00000c0d   Thumb Code     2  _printf_fp_dec.o(.text)
    _printf_fp_dec_real                      0x00000dbf   Thumb Code   620  _printf_fp_dec.o(.text)
    _printf_fp_hex_real                      0x0000102d   Thumb Code   756  _printf_fp_hex.o(.text)
    _printf_cs_common                        0x00001329   Thumb Code    20  _printf_char.o(.text)
    _printf_char                             0x0000133d   Thumb Code    16  _printf_char.o(.text)
    _printf_string                           0x0000134d   Thumb Code     8  _printf_char.o(.text)
    _printf_lcs_common                       0x00001355   Thumb Code    20  _printf_wchar.o(.text)
    _printf_wchar                            0x00001369   Thumb Code    16  _printf_wchar.o(.text)
    _printf_wstring                          0x00001379   Thumb Code     8  _printf_wchar.o(.text)
    _wcrtomb                                 0x00001381   Thumb Code    64  _wcrtomb.o(.text)
    __rt_SIGABRT                             0x000013c1   Thumb Code    14  defsig_abrt_outer.o(.text)
    __I$use$semihosting                      0x000013cf   Thumb Code     0  use_no_semi.o(.text)
    __use_no_semihosting_swi                 0x000013cf   Thumb Code     2  use_no_semi.o(.text)
    __semihosting_library_function           0x000013d1   Thumb Code     0  indicate_semi.o(.text)
    __user_setup_stackheap                   0x000013d1   Thumb Code    74  sys_stackheap_outer.o(.text)
    __rt_ctype_table                         0x0000141d   Thumb Code    16  rt_ctype_table.o(.text)
    __rt_locale                              0x0000142d   Thumb Code     8  rt_locale_intlibspace.o(.text)
    _printf_fp_infnan                        0x00001435   Thumb Code   112  _printf_fp_infnan.o(.text)
    _btod_etento                             0x000014b5   Thumb Code   224  bigflt0.o(.text)
    exit                                     0x00001599   Thumb Code    18  exit.o(.text)
    __sig_exit                               0x000015ab   Thumb Code    10  defsig_exit.o(.text)
    __rt_SIGABRT_inner                       0x000015b5   Thumb Code    14  defsig_abrt_inner.o(.text)
    __user_libspace                          0x000015e5   Thumb Code     8  libspace.o(.text)
    __user_perproc_libspace                  0x000015e5   Thumb Code     0  libspace.o(.text)
    __user_perthread_libspace                0x000015e5   Thumb Code     0  libspace.o(.text)
    __default_signal_display                 0x000015ed   Thumb Code    50  defsig_general.o(.text)
    strcmp                                   0x00001621   Thumb Code   128  strcmpv7m.o(.text)
    _btod_d2e                                0x000016a1   Thumb Code    62  btod.o(CL$$btod_d2e)
    _d2e_denorm_low                          0x000016df   Thumb Code    70  btod.o(CL$$btod_d2e_denorm_low)
    _d2e_norm_op1                            0x00001725   Thumb Code    96  btod.o(CL$$btod_d2e_norm_op1)
    __btod_div_common                        0x00001785   Thumb Code   696  btod.o(CL$$btod_div_common)
    _e2e                                     0x00001abd   Thumb Code   220  btod.o(CL$$btod_e2e)
    _btod_ediv                               0x00001b99   Thumb Code    42  btod.o(CL$$btod_ediv)
    _btod_emul                               0x00001bc3   Thumb Code    42  btod.o(CL$$btod_emul)
    __btod_mult_common                       0x00001bed   Thumb Code   580  btod.o(CL$$btod_mult_common)
    ADC0_Handler                             0x00001e31   Thumb Code    84  main.o(i.ADC0_Handler)
    ADC0_Init                                0x00001ee5   Thumb Code    78  main.o(i.ADC0_Init)
    ADCIntClear                              0x00001f3d   Thumb Code    10  adc.o(i.ADCIntClear)
    ADCIntEnableEx                           0x00001f47   Thumb Code     8  adc.o(i.ADCIntEnableEx)
    ADCProcessorTrigger                      0x00001f4f   Thumb Code    26  adc.o(i.ADCProcessorTrigger)
    ADCSequenceConfigure                     0x00001f69   Thumb Code    96  adc.o(i.ADCSequenceConfigure)
    ADCSequenceDataGet                       0x00001fc9   Thumb Code    36  adc.o(i.ADCSequenceDataGet)
    ADCSequenceDisable                       0x00001fed   Thumb Code    16  adc.o(i.ADCSequenceDisable)
    ADCSequenceEnable                        0x00001ffd   Thumb Code    14  adc.o(i.ADCSequenceEnable)
    ADCSequenceStepConfigure                 0x0000200b   Thumb Code   154  adc.o(i.ADCSequenceStepConfigure)
    BluetoothPrint                           0x000020a5   Thumb Code    26  main.o(i.BluetoothPrint)
    ConfigureBluetoothUART1                  0x000020c5   Thumb Code    56  main.o(i.ConfigureBluetoothUART1)
    ConfigureGPIOPortE                       0x00002115   Thumb Code    24  main.o(i.ConfigureGPIOPortE)
    ConfigureI2C0                            0x00002135   Thumb Code    72  main.o(i.ConfigureI2C0)
    ConfigureOutputPort                      0x0000219d   Thumb Code    18  main.o(i.ConfigureOutputPort)
    ConfigureUSBUART0                        0x000021b9   Thumb Code    70  main.o(i.ConfigureUSBUART0)
    ConvertToC                               0x00002211   Thumb Code    78  main.o(i.ConvertToC)
    ConvertToF                               0x00002279   Thumb Code    68  main.o(i.ConvertToF)
    ConvertToRH                              0x000022cd   Thumb Code    46  main.o(i.ConvertToRH)
    GPIODirModeSet                           0x00002301   Thumb Code    40  gpio.o(i.GPIODirModeSet)
    GPIOPadConfigSet                         0x00002329   Thumb Code   312  gpio.o(i.GPIOPadConfigSet)
    GPIOPinConfigure                         0x00002461   Thumb Code    60  gpio.o(i.GPIOPinConfigure)
    GPIOPinTypeGPIOInput                     0x000024a5   Thumb Code    28  gpio.o(i.GPIOPinTypeGPIOInput)
    GPIOPinTypeGPIOOutput                    0x000024c1   Thumb Code    28  gpio.o(i.GPIOPinTypeGPIOOutput)
    GPIOPinTypeI2C                           0x000024dd   Thumb Code    28  gpio.o(i.GPIOPinTypeI2C)
    GPIOPinTypeI2CSCL                        0x000024f9   Thumb Code    28  gpio.o(i.GPIOPinTypeI2CSCL)
    GPIOPinTypeUART                          0x00002515   Thumb Code    28  gpio.o(i.GPIOPinTypeUART)
    GPIOPinWrite                             0x00002531   Thumb Code     6  gpio.o(i.GPIOPinWrite)
    HTU21Receive                             0x00002539   Thumb Code   102  main.o(i.HTU21Receive)
    HTU21Send                                0x000025a9   Thumb Code    56  main.o(i.HTU21Send)
    I2CMasterBusBusy                         0x000025e9   Thumb Code    12  i2c.o(i.I2CMasterBusBusy)
    I2CMasterBusy                            0x000025f5   Thumb Code    12  i2c.o(i.I2CMasterBusy)
    I2CMasterControl                         0x00002601   Thumb Code     4  i2c.o(i.I2CMasterControl)
    I2CMasterDataGet                         0x00002605   Thumb Code     4  i2c.o(i.I2CMasterDataGet)
    I2CMasterDataPut                         0x00002609   Thumb Code     4  i2c.o(i.I2CMasterDataPut)
    I2CMasterInitExpClk                      0x0000260d   Thumb Code    72  i2c.o(i.I2CMasterInitExpClk)
    I2CMasterSlaveAddrSet                    0x00002661   Thumb Code     8  i2c.o(i.I2CMasterSlaveAddrSet)
    IntEnable                                0x00002669   Thumb Code    92  interrupt.o(i.IntEnable)
    IntMasterEnable                          0x000026cd   Thumb Code    14  interrupt.o(i.IntMasterEnable)
    IntPendClear                             0x000026dd   Thumb Code    60  interrupt.o(i.IntPendClear)
    IntPrioritySet                           0x00002721   Thumb Code    36  interrupt.o(i.IntPrioritySet)
    IntRegister                              0x00002749   Thumb Code    44  interrupt.o(i.IntRegister)
    ResetTimer0A                             0x0000277d   Thumb Code    40  main.o(i.ResetTimer0A)
    SysCtlClockFreqSet                       0x000027b1   Thumb Code   700  sysctl.o(i.SysCtlClockFreqSet)
    SysCtlClockGet                           0x00002a95   Thumb Code   304  sysctl.o(i.SysCtlClockGet)
    SysCtlPeripheralClockGating              0x00002be9   Thumb Code    58  sysctl.o(i.SysCtlPeripheralClockGating)
    SysCtlPeripheralEnable                   0x00002c2d   Thumb Code    36  sysctl.o(i.SysCtlPeripheralEnable)
    SysCtlPeripheralPresent                  0x00002c55   Thumb Code    40  sysctl.o(i.SysCtlPeripheralPresent)
    SysCtlPeripheralReady                    0x00002c81   Thumb Code    40  sysctl.o(i.SysCtlPeripheralReady)
    SysCtlPeripheralReset                    0x00002cad   Thumb Code    56  sysctl.o(i.SysCtlPeripheralReset)
    SysCtlPeripheralSleepDisable             0x00002ce9   Thumb Code    36  sysctl.o(i.SysCtlPeripheralSleepDisable)
    SysCtlPeripheralSleepEnable              0x00002d11   Thumb Code    36  sysctl.o(i.SysCtlPeripheralSleepEnable)
    SysCtlSleep                              0x00002d39   Thumb Code     4  sysctl.o(i.SysCtlSleep)
    TIMER0A_ISR                              0x00002d3d   Thumb Code   104  main.o(i.TIMER0A_ISR)
    TimerConfigure                           0x00002de1   Thumb Code    88  timer.o(i.TimerConfigure)
    TimerDisable                             0x00002e41   Thumb Code    16  timer.o(i.TimerDisable)
    TimerEnable                              0x00002e51   Thumb Code    14  timer.o(i.TimerEnable)
    TimerIntClear                            0x00002e5f   Thumb Code     4  timer.o(i.TimerIntClear)
    TimerIntEnable                           0x00002e63   Thumb Code     8  timer.o(i.TimerIntEnable)
    TimerInterruptInit                       0x00002e6d   Thumb Code    40  main.o(i.TimerInterruptInit)
    TimerLoadSet                             0x00002e9d   Thumb Code    18  timer.o(i.TimerLoadSet)
    UARTCharPut                              0x00002eaf   Thumb Code    12  uart.o(i.UARTCharPut)
    UARTClockSourceSet                       0x00002ebb   Thumb Code     6  uart.o(i.UARTClockSourceSet)
    UARTConfigSetExpClk                      0x00002ec1   Thumb Code   110  uart.o(i.UARTConfigSetExpClk)
    UARTEnable                               0x00002f2f   Thumb Code    20  uart.o(i.UARTEnable)
    UARTStdioConfig                          0x00002f45   Thumb Code    68  uartstdio.o(i.UARTStdioConfig)
    UARTprintf                               0x00002f95   Thumb Code    26  uartstdio.o(i.UARTprintf)
    UARTvprintf                              0x00002fb1   Thumb Code   574  uartstdio.o(i.UARTvprintf)
    UARTwrite                                0x00003201   Thumb Code    46  uartstdio.o(i.UARTwrite)
    __ARM_fpclassify                         0x00003235   Thumb Code    48  fpclassify.o(i.__ARM_fpclassify)
    _is_digit                                0x00003265   Thumb Code    14  __printf_wp.o(i._is_digit)
    main                                     0x00003275   Thumb Code   168  main.o(i.main)
    print                                    0x00003375   Thumb Code    72  main.o(i.print)
    setColumnRange                           0x000033c5   Thumb Code    64  ssd1306_utils.o(i.setColumnRange)
    setPageRange                             0x00003471   Thumb Code    64  ssd1306_utils.o(i.setPageRange)
    ssd1306AdjustContrast                    0x00003521   Thumb Code    22  ssd1306.o(i.ssd1306AdjustContrast)
    ssd1306BeginCom                          0x00003539   Thumb Code    40  ssd1306_utils.o(i.ssd1306BeginCom)
    ssd1306ClearDisplay                      0x00003565   Thumb Code    50  ssd1306.o(i.ssd1306ClearDisplay)
    ssd1306ContinueCom                       0x00003599   Thumb Code    26  ssd1306_utils.o(i.ssd1306ContinueCom)
    ssd1306EndCom                            0x000035b9   Thumb Code    30  ssd1306_utils.o(i.ssd1306EndCom)
    ssd1306Init                              0x000035dd   Thumb Code   100  ssd1306.o(i.ssd1306Init)
    ssd1306PrintString                       0x00003659   Thumb Code   160  ssd1306.o(i.ssd1306PrintString)
    ssd1306SwitchDisplay                     0x0000372d   Thumb Code    16  ssd1306.o(i.ssd1306SwitchDisplay)
    ssd1306SwitchLine                        0x0000373d   Thumb Code    42  ssd1306.o(i.ssd1306SwitchLine)
    ssd1306TurnOn                            0x0000379d   Thumb Code   286  ssd1306.o(i.ssd1306TurnOn)
    ssd1306WaitBus                           0x000038bd   Thumb Code    16  ssd1306_utils.o(i.ssd1306WaitBus)
    ssd1306WaitMaster                        0x000038d1   Thumb Code    16  ssd1306_utils.o(i.ssd1306WaitMaster)
    ssd1306Write                             0x000038e5   Thumb Code    66  ssd1306_utils.o(i.ssd1306Write)
    _get_lc_numeric                          0x0000392d   Thumb Code    44  lc_numeric_c.o(locale$$code)
    _get_lc_ctype                            0x00003959   Thumb Code    44  lc_ctype_c.o(locale$$code)
    __aeabi_dadd                             0x00003985   Thumb Code     0  daddsub_clz.o(x$fpl$dadd)
    _dadd                                    0x00003985   Thumb Code   332  daddsub_clz.o(x$fpl$dadd)
    __aeabi_ddiv                             0x00003ad5   Thumb Code     0  ddiv.o(x$fpl$ddiv)
    _ddiv                                    0x00003ad5   Thumb Code   552  ddiv.o(x$fpl$ddiv)
    __aeabi_d2uiz                            0x00003d85   Thumb Code     0  dfixu.o(x$fpl$dfixu)
    _dfixu                                   0x00003d85   Thumb Code    90  dfixu.o(x$fpl$dfixu)
    __aeabi_ui2d                             0x00003ddf   Thumb Code     0  dflt_clz.o(x$fpl$dfltu)
    _dfltu                                   0x00003ddf   Thumb Code    38  dflt_clz.o(x$fpl$dfltu)
    __aeabi_dmul                             0x00003e05   Thumb Code     0  dmul.o(x$fpl$dmul)
    _dmul                                    0x00003e05   Thumb Code   332  dmul.o(x$fpl$dmul)
    __fpl_dnaninf                            0x00003f59   Thumb Code   156  dnaninf.o(x$fpl$dnaninf)
    __fpl_dretinf                            0x00003ff5   Thumb Code    12  dretinf.o(x$fpl$dretinf)
    __aeabi_dsub                             0x00004001   Thumb Code     0  daddsub_clz.o(x$fpl$dsub)
    _dsub                                    0x00004001   Thumb Code   464  daddsub_clz.o(x$fpl$dsub)
    _fp_init                                 0x000041d5   Thumb Code    10  fpinit.o(x$fpl$fpinit)
    __fplib_config_fpu_vfp                   0x000041dd   Thumb Code     0  fpinit.o(x$fpl$fpinit)
    __fplib_config_pureend_doubles           0x000041dd   Thumb Code     0  fpinit.o(x$fpl$fpinit)
    _printf_fp_dec                           0x000041df   Thumb Code     4  printf1.o(x$fpl$printf1)
    _printf_fp_hex                           0x000041e3   Thumb Code     4  printf2.o(x$fpl$printf2)
    __I$use$fp                               0x000041e6   Number         0  usenofp.o(x$fpl$usenofp)
    source_pro                               0x000041e8   Data         760  oled_font_source_pro.o(.constdata)
    source_pro_set                           0x000044e0   Data          12  oled_font_source_pro.o(.constdata)
    Region$$Table$$Base                      0x00004ba0   Number         0  anon$$obj.o(Region$$Table)
    Region$$Table$$Limit                     0x00004bc0   Number         0  anon$$obj.o(Region$$Table)
    __ctype                                  0x00004be9   Data           0  lc_ctype_c.o(locale$$data)
    wake_interval                            0x20000000   Data           4  main.o(.data)
    humidity                                 0x20000004   Data           2  main.o(.data)
    temperature                              0x20000006   Data           2  main.o(.data)
    configuration                            0x20000008   Data           2  main.o(.data)
    resolution                               0x2000000a   Data           1  main.o(.data)
    vdd_status                               0x2000000b   Data           1  main.o(.data)
    heater_status                            0x2000000c   Data           1  main.o(.data)
    lightValue                               0x20000010   Data           4  main.o(.data)
    i                                        0x20000014   Data           1  main.o(.data)
    __libspace_start                         0x20000b7c   Data          96  libspace.o(.bss)
    __temporary_stack_top$libspace           0x20000bdc   Data           0  libspace.o(.bss)



==============================================================================

Memory Map of the image

  Image Entry point : 0x0000026d

  Load Region LR_1 (Base: 0x00000000, Size: 0x00005758, Max: 0xffffffff, ABSOLUTE, COMPRESSED[0x00004fdc])

    Execution Region ER_RO (Exec base: 0x00000000, Load base: 0x00000000, Size: 0x00004cec, Max: 0xffffffff, ABSOLUTE)

    Exec Addr    Load Addr    Size         Type   Attr      Idx    E Section Name        Object

    0x00000000   0x00000000   0x00000288   Code   RO          242  * RESET               startup_rvmdk.o
    0x00000288   0x00000288   0x00000008   Code   RO         2398  * !!!main             c_w.l(__main.o)
    0x00000290   0x00000290   0x00000034   Code   RO         2759    !!!scatter          c_w.l(__scatter.o)
    0x000002c4   0x000002c4   0x0000005a   Code   RO         2757    !!dczerorl2         c_w.l(__dczerorl2.o)
    0x0000031e   0x0000031e   0x00000002   PAD
    0x00000320   0x00000320   0x0000001c   Code   RO         2761    !!handler_zi        c_w.l(__scatter_zi.o)
    0x0000033c   0x0000033c   0x00000000   Code   RO         2506    .ARM.Collect$$_printf_percent$$00000000  c_w.l(_printf_percent.o)
    0x0000033c   0x0000033c   0x00000006   Code   RO         2495    .ARM.Collect$$_printf_percent$$00000001  c_w.l(_printf_n.o)
    0x00000342   0x00000342   0x00000006   Code   RO         2497    .ARM.Collect$$_printf_percent$$00000002  c_w.l(_printf_p.o)
    0x00000348   0x00000348   0x00000006   Code   RO         2502    .ARM.Collect$$_printf_percent$$00000003  c_w.l(_printf_f.o)
    0x0000034e   0x0000034e   0x00000006   Code   RO         2503    .ARM.Collect$$_printf_percent$$00000004  c_w.l(_printf_e.o)
    0x00000354   0x00000354   0x00000006   Code   RO         2504    .ARM.Collect$$_printf_percent$$00000005  c_w.l(_printf_g.o)
    0x0000035a   0x0000035a   0x00000006   Code   RO         2505    .ARM.Collect$$_printf_percent$$00000006  c_w.l(_printf_a.o)
    0x00000360   0x00000360   0x0000000a   Code   RO         2510    .ARM.Collect$$_printf_percent$$00000007  c_w.l(_printf_ll.o)
    0x0000036a   0x0000036a   0x00000006   Code   RO         2499    .ARM.Collect$$_printf_percent$$00000008  c_w.l(_printf_i.o)
    0x00000370   0x00000370   0x00000006   Code   RO         2500    .ARM.Collect$$_printf_percent$$00000009  c_w.l(_printf_d.o)
    0x00000376   0x00000376   0x00000006   Code   RO         2501    .ARM.Collect$$_printf_percent$$0000000A  c_w.l(_printf_u.o)
    0x0000037c   0x0000037c   0x00000006   Code   RO         2498    .ARM.Collect$$_printf_percent$$0000000B  c_w.l(_printf_o.o)
    0x00000382   0x00000382   0x00000006   Code   RO         2496    .ARM.Collect$$_printf_percent$$0000000C  c_w.l(_printf_x.o)
    0x00000388   0x00000388   0x00000006   Code   RO         2507    .ARM.Collect$$_printf_percent$$0000000D  c_w.l(_printf_lli.o)
    0x0000038e   0x0000038e   0x00000006   Code   RO         2508    .ARM.Collect$$_printf_percent$$0000000E  c_w.l(_printf_lld.o)
    0x00000394   0x00000394   0x00000006   Code   RO         2509    .ARM.Collect$$_printf_percent$$0000000F  c_w.l(_printf_llu.o)
    0x0000039a   0x0000039a   0x00000006   Code   RO         2514    .ARM.Collect$$_printf_percent$$00000010  c_w.l(_printf_llo.o)
    0x000003a0   0x000003a0   0x00000006   Code   RO         2515    .ARM.Collect$$_printf_percent$$00000011  c_w.l(_printf_llx.o)
    0x000003a6   0x000003a6   0x0000000a   Code   RO         2511    .ARM.Collect$$_printf_percent$$00000012  c_w.l(_printf_l.o)
    0x000003b0   0x000003b0   0x00000006   Code   RO         2493    .ARM.Collect$$_printf_percent$$00000013  c_w.l(_printf_c.o)
    0x000003b6   0x000003b6   0x00000006   Code   RO         2494    .ARM.Collect$$_printf_percent$$00000014  c_w.l(_printf_s.o)
    0x000003bc   0x000003bc   0x00000006   Code   RO         2512    .ARM.Collect$$_printf_percent$$00000015  c_w.l(_printf_lc.o)
    0x000003c2   0x000003c2   0x00000006   Code   RO         2513    .ARM.Collect$$_printf_percent$$00000016  c_w.l(_printf_ls.o)
    0x000003c8   0x000003c8   0x00000004   Code   RO         2567    .ARM.Collect$$_printf_percent$$00000017  c_w.l(_printf_percent_end.o)
    0x000003cc   0x000003cc   0x00000002   Code   RO         2629    .ARM.Collect$$libinit$$00000000  c_w.l(libinit.o)
    0x000003ce   0x000003ce   0x00000004   Code   RO         2648    .ARM.Collect$$libinit$$00000001  c_w.l(libinit2.o)
    0x000003d2   0x000003d2   0x00000000   Code   RO         2651    .ARM.Collect$$libinit$$00000004  c_w.l(libinit2.o)
    0x000003d2   0x000003d2   0x00000000   Code   RO         2654    .ARM.Collect$$libinit$$0000000A  c_w.l(libinit2.o)
    0x000003d2   0x000003d2   0x00000000   Code   RO         2656    .ARM.Collect$$libinit$$0000000C  c_w.l(libinit2.o)
    0x000003d2   0x000003d2   0x00000000   Code   RO         2658    .ARM.Collect$$libinit$$0000000E  c_w.l(libinit2.o)
    0x000003d2   0x000003d2   0x00000006   Code   RO         2659    .ARM.Collect$$libinit$$0000000F  c_w.l(libinit2.o)
    0x000003d8   0x000003d8   0x00000000   Code   RO         2661    .ARM.Collect$$libinit$$00000011  c_w.l(libinit2.o)
    0x000003d8   0x000003d8   0x0000000c   Code   RO         2662    .ARM.Collect$$libinit$$00000012  c_w.l(libinit2.o)
    0x000003e4   0x000003e4   0x00000000   Code   RO         2663    .ARM.Collect$$libinit$$00000013  c_w.l(libinit2.o)
    0x000003e4   0x000003e4   0x00000000   Code   RO         2665    .ARM.Collect$$libinit$$00000015  c_w.l(libinit2.o)
    0x000003e4   0x000003e4   0x0000000a   Code   RO         2666    .ARM.Collect$$libinit$$00000016  c_w.l(libinit2.o)
    0x000003ee   0x000003ee   0x00000000   Code   RO         2667    .ARM.Collect$$libinit$$00000017  c_w.l(libinit2.o)
    0x000003ee   0x000003ee   0x00000000   Code   RO         2669    .ARM.Collect$$libinit$$00000019  c_w.l(libinit2.o)
    0x000003ee   0x000003ee   0x00000000   Code   RO         2671    .ARM.Collect$$libinit$$0000001B  c_w.l(libinit2.o)
    0x000003ee   0x000003ee   0x00000000   Code   RO         2673    .ARM.Collect$$libinit$$0000001D  c_w.l(libinit2.o)
    0x000003ee   0x000003ee   0x00000000   Code   RO         2675    .ARM.Collect$$libinit$$0000001F  c_w.l(libinit2.o)
    0x000003ee   0x000003ee   0x00000000   Code   RO         2677    .ARM.Collect$$libinit$$00000021  c_w.l(libinit2.o)
    0x000003ee   0x000003ee   0x00000000   Code   RO         2679    .ARM.Collect$$libinit$$00000023  c_w.l(libinit2.o)
    0x000003ee   0x000003ee   0x00000000   Code   RO         2681    .ARM.Collect$$libinit$$00000025  c_w.l(libinit2.o)
    0x000003ee   0x000003ee   0x00000000   Code   RO         2685    .ARM.Collect$$libinit$$0000002C  c_w.l(libinit2.o)
    0x000003ee   0x000003ee   0x00000000   Code   RO         2687    .ARM.Collect$$libinit$$0000002E  c_w.l(libinit2.o)
    0x000003ee   0x000003ee   0x00000000   Code   RO         2689    .ARM.Collect$$libinit$$00000030  c_w.l(libinit2.o)
    0x000003ee   0x000003ee   0x00000000   Code   RO         2691    .ARM.Collect$$libinit$$00000032  c_w.l(libinit2.o)
    0x000003ee   0x000003ee   0x00000002   Code   RO         2692    .ARM.Collect$$libinit$$00000033  c_w.l(libinit2.o)
    0x000003f0   0x000003f0   0x00000002   Code   RO         2728    .ARM.Collect$$libshutdown$$00000000  c_w.l(libshutdown.o)
    0x000003f2   0x000003f2   0x00000000   Code   RO         2738    .ARM.Collect$$libshutdown$$00000002  c_w.l(libshutdown2.o)
    0x000003f2   0x000003f2   0x00000000   Code   RO         2740    .ARM.Collect$$libshutdown$$00000004  c_w.l(libshutdown2.o)
    0x000003f2   0x000003f2   0x00000000   Code   RO         2742    .ARM.Collect$$libshutdown$$00000006  c_w.l(libshutdown2.o)
    0x000003f2   0x000003f2   0x00000000   Code   RO         2745    .ARM.Collect$$libshutdown$$00000009  c_w.l(libshutdown2.o)
    0x000003f2   0x000003f2   0x00000000   Code   RO         2748    .ARM.Collect$$libshutdown$$0000000C  c_w.l(libshutdown2.o)
    0x000003f2   0x000003f2   0x00000000   Code   RO         2750    .ARM.Collect$$libshutdown$$0000000E  c_w.l(libshutdown2.o)
    0x000003f2   0x000003f2   0x00000000   Code   RO         2753    .ARM.Collect$$libshutdown$$00000011  c_w.l(libshutdown2.o)
    0x000003f2   0x000003f2   0x00000002   Code   RO         2754    .ARM.Collect$$libshutdown$$00000012  c_w.l(libshutdown2.o)
    0x000003f4   0x000003f4   0x00000000   Code   RO         2422    .ARM.Collect$$rtentry$$00000000  c_w.l(__rtentry.o)
    0x000003f4   0x000003f4   0x00000000   Code   RO         2538    .ARM.Collect$$rtentry$$00000002  c_w.l(__rtentry2.o)
    0x000003f4   0x000003f4   0x00000006   Code   RO         2550    .ARM.Collect$$rtentry$$00000004  c_w.l(__rtentry4.o)
    0x000003fa   0x000003fa   0x00000000   Code   RO         2540    .ARM.Collect$$rtentry$$00000009  c_w.l(__rtentry2.o)
    0x000003fa   0x000003fa   0x00000004   Code   RO         2541    .ARM.Collect$$rtentry$$0000000A  c_w.l(__rtentry2.o)
    0x000003fe   0x000003fe   0x00000000   Code   RO         2543    .ARM.Collect$$rtentry$$0000000C  c_w.l(__rtentry2.o)
    0x000003fe   0x000003fe   0x00000008   Code   RO         2544    .ARM.Collect$$rtentry$$0000000D  c_w.l(__rtentry2.o)
    0x00000406   0x00000406   0x00000002   Code   RO         2637    .ARM.Collect$$rtexit$$00000000  c_w.l(rtexit.o)
    0x00000408   0x00000408   0x00000000   Code   RO         2694    .ARM.Collect$$rtexit$$00000002  c_w.l(rtexit2.o)
    0x00000408   0x00000408   0x00000004   Code   RO         2695    .ARM.Collect$$rtexit$$00000003  c_w.l(rtexit2.o)
    0x0000040c   0x0000040c   0x00000006   Code   RO         2696    .ARM.Collect$$rtexit$$00000004  c_w.l(rtexit2.o)
    0x00000412   0x00000412   0x00000002   PAD
    0x00000414   0x00000414   0x00000006   Code   RO         1495    .emb_text           driverlib.lib(sysctl.o)
    0x0000041a   0x0000041a   0x00000002   PAD
    0x0000041c   0x0000041c   0x00000026   Code   RO         2380    .emb_text           driverlib.lib(cpu.o)
    0x00000442   0x00000442   0x00000002   PAD
    0x00000444   0x00000444   0x00000018   Code   RO          243    .text               startup_rvmdk.o
    0x0000045c   0x0000045c   0x00000034   Code   RO         2392    .text               c_w.l(vsnprintf.o)
    0x00000490   0x00000490   0x00000080   Code   RO         2394    .text               c_w.l(assert.o)
    0x00000510   0x00000510   0x00000006   Code   RO         2396    .text               c_w.l(heapauxi.o)
    0x00000516   0x00000516   0x0000004e   Code   RO         2425    .text               c_w.l(_printf_pad.o)
    0x00000564   0x00000564   0x00000024   Code   RO         2427    .text               c_w.l(_printf_truncate.o)
    0x00000588   0x00000588   0x00000052   Code   RO         2429    .text               c_w.l(_printf_str.o)
    0x000005da   0x000005da   0x00000002   PAD
    0x000005dc   0x000005dc   0x00000078   Code   RO         2431    .text               c_w.l(_printf_dec.o)
    0x00000654   0x00000654   0x00000028   Code   RO         2433    .text               c_w.l(_printf_charcount.o)
    0x0000067c   0x0000067c   0x00000030   Code   RO         2435    .text               c_w.l(_printf_char_common.o)
    0x000006ac   0x000006ac   0x0000000a   Code   RO         2437    .text               c_w.l(_sputc.o)
    0x000006b6   0x000006b6   0x00000010   Code   RO         2439    .text               c_w.l(_snputc.o)
    0x000006c6   0x000006c6   0x00000002   PAD
    0x000006c8   0x000006c8   0x000000bc   Code   RO         2441    .text               c_w.l(_printf_wctomb.o)
    0x00000784   0x00000784   0x0000007c   Code   RO         2444    .text               c_w.l(_printf_longlong_dec.o)
    0x00000800   0x00000800   0x00000070   Code   RO         2450    .text               c_w.l(_printf_oct_int_ll.o)
    0x00000870   0x00000870   0x00000094   Code   RO         2470    .text               c_w.l(_printf_hex_int_ll_ptr.o)
    0x00000904   0x00000904   0x00000188   Code   RO         2490    .text               c_w.l(__printf_flags_ss_wp.o)
    0x00000a8c   0x00000a8c   0x00000016   Code   RO         2516    .text               c_w.l(abort.o)
    0x00000aa2   0x00000aa2   0x00000014   Code   RO         2518    .text               c_w.l(assert_puts.o)
    0x00000ab6   0x00000ab6   0x0000000e   Code   RO         2533    .text               c_w.l(sys_wrch.o)
    0x00000ac4   0x00000ac4   0x0000000c   Code   RO         2535    .text               c_w.l(sys_exit.o)
    0x00000ad0   0x00000ad0   0x0000008a   Code   RO         2552    .text               c_w.l(lludiv10.o)
    0x00000b5a   0x00000b5a   0x000000b2   Code   RO         2554    .text               c_w.l(_printf_intcommon.o)
    0x00000c0c   0x00000c0c   0x0000041e   Code   RO         2556    .text               c_w.l(_printf_fp_dec.o)
    0x0000102a   0x0000102a   0x00000002   PAD
    0x0000102c   0x0000102c   0x000002fc   Code   RO         2558    .text               c_w.l(_printf_fp_hex.o)
    0x00001328   0x00001328   0x0000002c   Code   RO         2563    .text               c_w.l(_printf_char.o)
    0x00001354   0x00001354   0x0000002c   Code   RO         2565    .text               c_w.l(_printf_wchar.o)
    0x00001380   0x00001380   0x00000040   Code   RO         2568    .text               c_w.l(_wcrtomb.o)
    0x000013c0   0x000013c0   0x0000000e   Code   RO         2570    .text               c_w.l(defsig_abrt_outer.o)
    0x000013ce   0x000013ce   0x00000002   Code   RO         2574    .text               c_w.l(use_no_semi.o)
    0x000013d0   0x000013d0   0x00000000   Code   RO         2576    .text               c_w.l(indicate_semi.o)
    0x000013d0   0x000013d0   0x0000004a   Code   RO         2577    .text               c_w.l(sys_stackheap_outer.o)
    0x0000141a   0x0000141a   0x00000002   PAD
    0x0000141c   0x0000141c   0x00000010   Code   RO         2579    .text               c_w.l(rt_ctype_table.o)
    0x0000142c   0x0000142c   0x00000008   Code   RO         2586    .text               c_w.l(rt_locale_intlibspace.o)
    0x00001434   0x00001434   0x00000080   Code   RO         2588    .text               c_w.l(_printf_fp_infnan.o)
    0x000014b4   0x000014b4   0x000000e4   Code   RO         2590    .text               c_w.l(bigflt0.o)
    0x00001598   0x00001598   0x00000012   Code   RO         2618    .text               c_w.l(exit.o)
    0x000015aa   0x000015aa   0x0000000a   Code   RO         2620    .text               c_w.l(defsig_exit.o)
    0x000015b4   0x000015b4   0x00000030   Code   RO         2622    .text               c_w.l(defsig_abrt_inner.o)
    0x000015e4   0x000015e4   0x00000008   Code   RO         2634    .text               c_w.l(libspace.o)
    0x000015ec   0x000015ec   0x00000032   Code   RO         2644    .text               c_w.l(defsig_general.o)
    0x0000161e   0x0000161e   0x00000002   PAD
    0x00001620   0x00001620   0x00000080   Code   RO         2646    .text               c_w.l(strcmpv7m.o)
    0x000016a0   0x000016a0   0x0000003e   Code   RO         2593    CL$$btod_d2e        c_w.l(btod.o)
    0x000016de   0x000016de   0x00000046   Code   RO         2595    CL$$btod_d2e_denorm_low  c_w.l(btod.o)
    0x00001724   0x00001724   0x00000060   Code   RO         2594    CL$$btod_d2e_norm_op1  c_w.l(btod.o)
    0x00001784   0x00001784   0x00000338   Code   RO         2603    CL$$btod_div_common  c_w.l(btod.o)
    0x00001abc   0x00001abc   0x000000dc   Code   RO         2600    CL$$btod_e2e        c_w.l(btod.o)
    0x00001b98   0x00001b98   0x0000002a   Code   RO         2597    CL$$btod_ediv       c_w.l(btod.o)
    0x00001bc2   0x00001bc2   0x0000002a   Code   RO         2596    CL$$btod_emul       c_w.l(btod.o)
    0x00001bec   0x00001bec   0x00000244   Code   RO         2602    CL$$btod_mult_common  c_w.l(btod.o)
    0x00001e30   0x00001e30   0x000000b4   Code   RO           54    i.ADC0_Handler      main.o
    0x00001ee4   0x00001ee4   0x00000058   Code   RO           55    i.ADC0_Init         main.o
    0x00001f3c   0x00001f3c   0x0000000a   Code   RO          468    i.ADCIntClear       driverlib.lib(adc.o)
    0x00001f46   0x00001f46   0x00000008   Code   RO          473    i.ADCIntEnableEx    driverlib.lib(adc.o)
    0x00001f4e   0x00001f4e   0x0000001a   Code   RO          480    i.ADCProcessorTrigger  driverlib.lib(adc.o)
    0x00001f68   0x00001f68   0x00000060   Code   RO          483    i.ADCSequenceConfigure  driverlib.lib(adc.o)
    0x00001fc8   0x00001fc8   0x00000024   Code   RO          486    i.ADCSequenceDataGet  driverlib.lib(adc.o)
    0x00001fec   0x00001fec   0x00000010   Code   RO          487    i.ADCSequenceDisable  driverlib.lib(adc.o)
    0x00001ffc   0x00001ffc   0x0000000e   Code   RO          488    i.ADCSequenceEnable  driverlib.lib(adc.o)
    0x0000200a   0x0000200a   0x0000009a   Code   RO          491    i.ADCSequenceStepConfigure  driverlib.lib(adc.o)
    0x000020a4   0x000020a4   0x00000020   Code   RO           56    i.BluetoothPrint    main.o
    0x000020c4   0x000020c4   0x00000050   Code   RO           57    i.ConfigureBluetoothUART1  main.o
    0x00002114   0x00002114   0x00000020   Code   RO           58    i.ConfigureGPIOPortE  main.o
    0x00002134   0x00002134   0x00000068   Code   RO           59    i.ConfigureI2C0     main.o
    0x0000219c   0x0000219c   0x0000001c   Code   RO           60    i.ConfigureOutputPort  main.o
    0x000021b8   0x000021b8   0x00000058   Code   RO           61    i.ConfigureUSBUART0  main.o
    0x00002210   0x00002210   0x00000068   Code   RO           62    i.ConvertToC        main.o
    0x00002278   0x00002278   0x00000054   Code   RO           63    i.ConvertToF        main.o
    0x000022cc   0x000022cc   0x00000034   Code   RO           64    i.ConvertToRH       main.o
    0x00002300   0x00002300   0x00000028   Code   RO          740    i.GPIODirModeSet    driverlib.lib(gpio.o)
    0x00002328   0x00002328   0x00000138   Code   RO          752    i.GPIOPadConfigSet  driverlib.lib(gpio.o)
    0x00002460   0x00002460   0x00000044   Code   RO          753    i.GPIOPinConfigure  driverlib.lib(gpio.o)
    0x000024a4   0x000024a4   0x0000001c   Code   RO          763    i.GPIOPinTypeGPIOInput  driverlib.lib(gpio.o)
    0x000024c0   0x000024c0   0x0000001c   Code   RO          764    i.GPIOPinTypeGPIOOutput  driverlib.lib(gpio.o)
    0x000024dc   0x000024dc   0x0000001c   Code   RO          767    i.GPIOPinTypeI2C    driverlib.lib(gpio.o)
    0x000024f8   0x000024f8   0x0000001c   Code   RO          768    i.GPIOPinTypeI2CSCL  driverlib.lib(gpio.o)
    0x00002514   0x00002514   0x0000001c   Code   RO          776    i.GPIOPinTypeUART   driverlib.lib(gpio.o)
    0x00002530   0x00002530   0x00000006   Code   RO          782    i.GPIOPinWrite      driverlib.lib(gpio.o)
    0x00002536   0x00002536   0x00000002   PAD
    0x00002538   0x00002538   0x00000070   Code   RO           65    i.HTU21Receive      main.o
    0x000025a8   0x000025a8   0x00000040   Code   RO           66    i.HTU21Send         main.o
    0x000025e8   0x000025e8   0x0000000c   Code   RO         1052    i.I2CMasterBusBusy  driverlib.lib(i2c.o)
    0x000025f4   0x000025f4   0x0000000c   Code   RO         1053    i.I2CMasterBusy     driverlib.lib(i2c.o)
    0x00002600   0x00002600   0x00000004   Code   RO         1054    i.I2CMasterControl  driverlib.lib(i2c.o)
    0x00002604   0x00002604   0x00000004   Code   RO         1055    i.I2CMasterDataGet  driverlib.lib(i2c.o)
    0x00002608   0x00002608   0x00000004   Code   RO         1056    i.I2CMasterDataPut  driverlib.lib(i2c.o)
    0x0000260c   0x0000260c   0x00000054   Code   RO         1061    i.I2CMasterInitExpClk  driverlib.lib(i2c.o)
    0x00002660   0x00002660   0x00000008   Code   RO         1071    i.I2CMasterSlaveAddrSet  driverlib.lib(i2c.o)
    0x00002668   0x00002668   0x00000064   Code   RO         1380    i.IntEnable         driverlib.lib(interrupt.o)
    0x000026cc   0x000026cc   0x0000000e   Code   RO         1383    i.IntMasterEnable   driverlib.lib(interrupt.o)
    0x000026da   0x000026da   0x00000002   PAD
    0x000026dc   0x000026dc   0x00000044   Code   RO         1384    i.IntPendClear      driverlib.lib(interrupt.o)
    0x00002720   0x00002720   0x00000028   Code   RO         1391    i.IntPrioritySet    driverlib.lib(interrupt.o)
    0x00002748   0x00002748   0x00000034   Code   RO         1392    i.IntRegister       driverlib.lib(interrupt.o)
    0x0000277c   0x0000277c   0x00000034   Code   RO           67    i.ResetTimer0A      main.o
    0x000027b0   0x000027b0   0x000002e4   Code   RO         1497    i.SysCtlClockFreqSet  driverlib.lib(sysctl.o)
    0x00002a94   0x00002a94   0x00000154   Code   RO         1498    i.SysCtlClockGet    driverlib.lib(sysctl.o)
    0x00002be8   0x00002be8   0x00000044   Code   RO         1525    i.SysCtlPeripheralClockGating  driverlib.lib(sysctl.o)
    0x00002c2c   0x00002c2c   0x00000028   Code   RO         1529    i.SysCtlPeripheralEnable  driverlib.lib(sysctl.o)
    0x00002c54   0x00002c54   0x0000002c   Code   RO         1532    i.SysCtlPeripheralPresent  driverlib.lib(sysctl.o)
    0x00002c80   0x00002c80   0x0000002c   Code   RO         1533    i.SysCtlPeripheralReady  driverlib.lib(sysctl.o)
    0x00002cac   0x00002cac   0x0000003c   Code   RO         1534    i.SysCtlPeripheralReset  driverlib.lib(sysctl.o)
    0x00002ce8   0x00002ce8   0x00000028   Code   RO         1535    i.SysCtlPeripheralSleepDisable  driverlib.lib(sysctl.o)
    0x00002d10   0x00002d10   0x00000028   Code   RO         1536    i.SysCtlPeripheralSleepEnable  driverlib.lib(sysctl.o)
    0x00002d38   0x00002d38   0x00000004   Code   RO         1543    i.SysCtlSleep       driverlib.lib(sysctl.o)
    0x00002d3c   0x00002d3c   0x000000a4   Code   RO           68    i.TIMER0A_ISR       main.o
    0x00002de0   0x00002de0   0x00000060   Code   RO         1847    i.TimerConfigure    driverlib.lib(timer.o)
    0x00002e40   0x00002e40   0x00000010   Code   RO         1855    i.TimerDisable      driverlib.lib(timer.o)
    0x00002e50   0x00002e50   0x0000000e   Code   RO         1856    i.TimerEnable       driverlib.lib(timer.o)
    0x00002e5e   0x00002e5e   0x00000004   Code   RO         1857    i.TimerIntClear     driverlib.lib(timer.o)
    0x00002e62   0x00002e62   0x00000008   Code   RO         1859    i.TimerIntEnable    driverlib.lib(timer.o)
    0x00002e6a   0x00002e6a   0x00000002   PAD
    0x00002e6c   0x00002e6c   0x00000030   Code   RO           69    i.TimerInterruptInit  main.o
    0x00002e9c   0x00002e9c   0x00000012   Code   RO         1865    i.TimerLoadSet      driverlib.lib(timer.o)
    0x00002eae   0x00002eae   0x0000000c   Code   RO         2093    i.UARTCharPut       driverlib.lib(uart.o)
    0x00002eba   0x00002eba   0x00000006   Code   RO         2097    i.UARTClockSourceSet  driverlib.lib(uart.o)
    0x00002ec0   0x00002ec0   0x0000006e   Code   RO         2099    i.UARTConfigSetExpClk  driverlib.lib(uart.o)
    0x00002f2e   0x00002f2e   0x00000014   Code   RO         2104    i.UARTEnable        driverlib.lib(uart.o)
    0x00002f42   0x00002f42   0x00000002   PAD
    0x00002f44   0x00002f44   0x00000050   Code   RO          399    i.UARTStdioConfig   uartstdio.o
    0x00002f94   0x00002f94   0x0000001a   Code   RO          402    i.UARTprintf        uartstdio.o
    0x00002fae   0x00002fae   0x00000002   PAD
    0x00002fb0   0x00002fb0   0x00000250   Code   RO          403    i.UARTvprintf       uartstdio.o
    0x00003200   0x00003200   0x00000034   Code   RO          404    i.UARTwrite         uartstdio.o
    0x00003234   0x00003234   0x00000030   Code   RO         2632    i.__ARM_fpclassify  m_wm.l(fpclassify.o)
    0x00003264   0x00003264   0x0000000e   Code   RO         2483    i._is_digit         c_w.l(__printf_wp.o)
    0x00003272   0x00003272   0x00000002   PAD
    0x00003274   0x00003274   0x00000100   Code   RO           70    i.main              main.o
    0x00003374   0x00003374   0x00000050   Code   RO           71    i.print             main.o
    0x000033c4   0x000033c4   0x000000ac   Code   RO          336    i.setColumnRange    ssd1306_utils.o
    0x00003470   0x00003470   0x000000b0   Code   RO          337    i.setPageRange      ssd1306_utils.o
    0x00003520   0x00003520   0x00000016   Code   RO          266    i.ssd1306AdjustContrast  ssd1306.o
    0x00003536   0x00003536   0x00000002   PAD
    0x00003538   0x00003538   0x0000002c   Code   RO          338    i.ssd1306BeginCom   ssd1306_utils.o
    0x00003564   0x00003564   0x00000032   Code   RO          267    i.ssd1306ClearDisplay  ssd1306.o
    0x00003596   0x00003596   0x00000002   PAD
    0x00003598   0x00003598   0x00000020   Code   RO          339    i.ssd1306ContinueCom  ssd1306_utils.o
    0x000035b8   0x000035b8   0x00000024   Code   RO          340    i.ssd1306EndCom     ssd1306_utils.o
    0x000035dc   0x000035dc   0x0000007c   Code   RO          268    i.ssd1306Init       ssd1306.o
    0x00003658   0x00003658   0x000000d4   Code   RO          270    i.ssd1306PrintString  ssd1306.o
    0x0000372c   0x0000372c   0x00000010   Code   RO          271    i.ssd1306SwitchDisplay  ssd1306.o
    0x0000373c   0x0000373c   0x00000060   Code   RO          272    i.ssd1306SwitchLine  ssd1306.o
    0x0000379c   0x0000379c   0x0000011e   Code   RO          273    i.ssd1306TurnOn     ssd1306.o
    0x000038ba   0x000038ba   0x00000002   PAD
    0x000038bc   0x000038bc   0x00000014   Code   RO          341    i.ssd1306WaitBus    ssd1306_utils.o
    0x000038d0   0x000038d0   0x00000014   Code   RO          342    i.ssd1306WaitMaster  ssd1306_utils.o
    0x000038e4   0x000038e4   0x00000048   Code   RO          343    i.ssd1306Write      ssd1306_utils.o
    0x0000392c   0x0000392c   0x0000002c   Code   RO         2616    locale$$code        c_w.l(lc_numeric_c.o)
    0x00003958   0x00003958   0x0000002c   Code   RO         2640    locale$$code        c_w.l(lc_ctype_c.o)
    0x00003984   0x00003984   0x00000150   Code   RO         2400    x$fpl$dadd          fz_wm.l(daddsub_clz.o)
    0x00003ad4   0x00003ad4   0x000002b0   Code   RO         2407    x$fpl$ddiv          fz_wm.l(ddiv.o)
    0x00003d84   0x00003d84   0x0000005a   Code   RO         2410    x$fpl$dfixu         fz_wm.l(dfixu.o)
    0x00003dde   0x00003dde   0x00000026   Code   RO         2414    x$fpl$dfltu         fz_wm.l(dflt_clz.o)
    0x00003e04   0x00003e04   0x00000154   Code   RO         2420    x$fpl$dmul          fz_wm.l(dmul.o)
    0x00003f58   0x00003f58   0x0000009c   Code   RO         2520    x$fpl$dnaninf       fz_wm.l(dnaninf.o)
    0x00003ff4   0x00003ff4   0x0000000c   Code   RO         2522    x$fpl$dretinf       fz_wm.l(dretinf.o)
    0x00004000   0x00004000   0x000001d4   Code   RO         2402    x$fpl$dsub          fz_wm.l(daddsub_clz.o)
    0x000041d4   0x000041d4   0x0000000a   Code   RO         2704    x$fpl$fpinit        fz_wm.l(fpinit.o)
    0x000041de   0x000041de   0x00000004   Code   RO         2524    x$fpl$printf1       fz_wm.l(printf1.o)
    0x000041e2   0x000041e2   0x00000004   Code   RO         2526    x$fpl$printf2       fz_wm.l(printf2.o)
    0x000041e6   0x000041e6   0x00000000   Code   RO         2532    x$fpl$usenofp       fz_wm.l(usenofp.o)
    0x000041e6   0x000041e6   0x00000002   PAD
    0x000041e8   0x000041e8   0x00000304   Data   RO          250    .constdata          oled_font_source_pro.o
    0x000044ec   0x000044ec   0x0000001c   Data   RO          405    .constdata          uartstdio.o
    0x00004508   0x00004508   0x00000228   Data   RO          784    .constdata          driverlib.lib(gpio.o)
    0x00004730   0x00004730   0x0000010c   Data   RO         1396    .constdata          driverlib.lib(interrupt.o)
    0x0000483c   0x0000483c   0x00000254   Data   RO         1551    .constdata          driverlib.lib(sysctl.o)
    0x00004a90   0x00004a90   0x00000008   Data   RO         2442    .constdata          c_w.l(_printf_wctomb.o)
    0x00004a98   0x00004a98   0x00000028   Data   RO         2471    .constdata          c_w.l(_printf_hex_int_ll_ptr.o)
    0x00004ac0   0x00004ac0   0x00000011   Data   RO         2491    .constdata          c_w.l(__printf_flags_ss_wp.o)
    0x00004ad1   0x00004ad1   0x00000026   Data   RO         2559    .constdata          c_w.l(_printf_fp_hex.o)
    0x00004af7   0x00004af7   0x00000001   PAD
    0x00004af8   0x00004af8   0x00000094   Data   RO         2591    .constdata          c_w.l(bigflt0.o)
    0x00004b8c   0x00004b8c   0x00000011   Data   RO          406    .conststring        uartstdio.o
    0x00004b9d   0x00004b9d   0x00000003   PAD
    0x00004ba0   0x00004ba0   0x00000020   Data   RO         2755    Region$$Table       anon$$obj.o
    0x00004bc0   0x00004bc0   0x0000001c   Data   RO         2615    locale$$data        c_w.l(lc_numeric_c.o)
    0x00004bdc   0x00004bdc   0x00000110   Data   RO         2639    locale$$data        c_w.l(lc_ctype_c.o)


    Execution Region ER_RW (Exec base: 0x20000000, Load base: 0x00004cec, Size: 0x00000a6c, Max: 0xffffffff, ABSOLUTE, COMPRESSED[0x000002f0])

    Exec Addr    Load Addr    Size         Type   Attr      Idx    E Section Name        Object

    0x20000000   COMPRESSED   0x00000015   Data   RW           73    .data               main.o
    0x20000015   COMPRESSED   0x00000456   Data   RW          251    .data               oled_font_source_pro.o
    0x2000046b   COMPRESSED   0x00000001   PAD
    0x2000046c   COMPRESSED   0x00000005   Data   RW          407    .data               uartstdio.o
    0x20000471   COMPRESSED   0x0000038f   PAD
    0x20000800   COMPRESSED   0x0000026c   Data   RW         1397    vtable              driverlib.lib(interrupt.o)


    Execution Region ER_ZI (Exec base: 0x20000a6c, Load base: 0x00004fdc, Size: 0x00000274, Max: 0xffffffff, ABSOLUTE)

    Exec Addr    Load Addr    Size         Type   Attr      Idx    E Section Name        Object

    0x20000a6c        -       0x00000100   Zero   RW           72    .bss                main.o
    0x20000b6c        -       0x00000010   Zero   RW          249    .bss                oled_font_source_pro.o
    0x20000b7c        -       0x00000060   Zero   RW         2635    .bss                c_w.l(libspace.o)
    0x20000bdc   0x00004fdc   0x00000004   PAD
    0x20000be0        -       0x00000000   Zero   RW          241    HEAP                startup_rvmdk.o
    0x20000be0        -       0x00000100   Zero   RW          240    STACK               startup_rvmdk.o


==============================================================================

Image component sizes


      Code (inc. data)   RO Data    RW Data    ZI Data      Debug   Object Name

         0          0          0          0          0       5072   i2clib.o
      1648        446          0         21        256       9481   main.o
         0          0        772       1110         16       1068   oled_font_source_pro.o
       806        130          0          0          0       5580   ssd1306.o
       572        250          0          0          0       4819   ssd1306_utils.o
       672        636          0          0        256        484   startup_rvmdk.o
       750         36         45          5          0       4844   uartstdio.o

    ----------------------------------------------------------------------
      4456       1498        852       2048        528      31348   Object Totals
         0          0         32          0          0          0   (incl. Generated)
         8          0          3        912          0          0   (incl. Padding)

    ----------------------------------------------------------------------

      Code (inc. data)   RO Data    RW Data    ZI Data      Debug   Library Member Name

        90          0          0          0          0          0   __dczerorl2.o
         8          0          0          0          0         68   __main.o
       392          4         17          0          0         92   __printf_flags_ss_wp.o
        14          0          0          0          0         68   __printf_wp.o
         0          0          0          0          0          0   __rtentry.o
        12          0          0          0          0          0   __rtentry2.o
         6          0          0          0          0          0   __rtentry4.o
        52          8          0          0          0          0   __scatter.o
        28          0          0          0          0          0   __scatter_zi.o
         6          0          0          0          0          0   _printf_a.o
         6          0          0          0          0          0   _printf_c.o
        44          0          0          0          0        108   _printf_char.o
        48          6          0          0          0         96   _printf_char_common.o
        40          0          0          0          0         68   _printf_charcount.o
         6          0          0          0          0          0   _printf_d.o
       120         16          0          0          0         92   _printf_dec.o
         6          0          0          0          0          0   _printf_e.o
         6          0          0          0          0          0   _printf_f.o
      1054          0          0          0          0        216   _printf_fp_dec.o
       764          8         38          0          0        100   _printf_fp_hex.o
       128         16          0          0          0         84   _printf_fp_infnan.o
         6          0          0          0          0          0   _printf_g.o
       148          4         40          0          0        160   _printf_hex_int_ll_ptr.o
         6          0          0          0          0          0   _printf_i.o
       178          0          0          0          0         88   _printf_intcommon.o
        10          0          0          0          0          0   _printf_l.o
         6          0          0          0          0          0   _printf_lc.o
        10          0          0          0          0          0   _printf_ll.o
         6          0          0          0          0          0   _printf_lld.o
         6          0          0          0          0          0   _printf_lli.o
         6          0          0          0          0          0   _printf_llo.o
         6          0          0          0          0          0   _printf_llu.o
         6          0          0          0          0          0   _printf_llx.o
       124         16          0          0          0         92   _printf_longlong_dec.o
         6          0          0          0          0          0   _printf_ls.o
         6          0          0          0          0          0   _printf_n.o
         6          0          0          0          0          0   _printf_o.o
       112         10          0          0          0        124   _printf_oct_int_ll.o
         6          0          0          0          0          0   _printf_p.o
        78          0          0          0          0        108   _printf_pad.o
         0          0          0          0          0          0   _printf_percent.o
         4          0          0          0          0          0   _printf_percent_end.o
         6          0          0          0          0          0   _printf_s.o
        82          0          0          0          0         80   _printf_str.o
        36          0          0          0          0         84   _printf_truncate.o
         6          0          0          0          0          0   _printf_u.o
        44          0          0          0          0        108   _printf_wchar.o
       188          6          8          0          0         92   _printf_wctomb.o
         6          0          0          0          0          0   _printf_x.o
        16          0          0          0          0         68   _snputc.o
        10          0          0          0          0         68   _sputc.o
        64          0          0          0          0         92   _wcrtomb.o
        22          0          0          0          0         80   abort.o
       128         42          0          0          0         76   assert.o
        20          0          0          0          0         76   assert_puts.o
       228          4        148          0          0         96   bigflt0.o
      1936        128          0          0          0        672   btod.o
        48         34          0          0          0         76   defsig_abrt_inner.o
        14          0          0          0          0         80   defsig_abrt_outer.o
        10          0          0          0          0         68   defsig_exit.o
        50          0          0          0          0         88   defsig_general.o
        18          0          0          0          0         80   exit.o
         6          0          0          0          0        152   heapauxi.o
         0          0          0          0          0          0   indicate_semi.o
        44         10        272          0          0         76   lc_ctype_c.o
        44         10         28          0          0         76   lc_numeric_c.o
         2          0          0          0          0          0   libinit.o
        34          0          0          0          0          0   libinit2.o
         2          0          0          0          0          0   libshutdown.o
         2          0          0          0          0          0   libshutdown2.o
         8          4          0          0         96         68   libspace.o
       138          0          0          0          0         80   lludiv10.o
        16          4          0          0          0         76   rt_ctype_table.o
         8          4          0          0          0         68   rt_locale_intlibspace.o
         2          0          0          0          0          0   rtexit.o
        10          0          0          0          0          0   rtexit2.o
       128          0          0          0          0         68   strcmpv7m.o
        12          4          0          0          0         68   sys_exit.o
        74          0          0          0          0         80   sys_stackheap_outer.o
        14          0          0          0          0         76   sys_wrch.o
         2          0          0          0          0         68   use_no_semi.o
        52          4          0          0          0         80   vsnprintf.o
       360          0          0          0          0       8541   adc.o
        38          0          0          0          0        572   cpu.o
       566          8        552          0          0       6244   gpio.o
       128         12          0          0          0       4483   i2c.o
       274         28        268        620          0       3740   interrupt.o
      1426        110        596          0          0       8950   sysctl.o
       156          8          0          0          0       3078   timer.o
       148          0          0          0          0       2986   uart.o
       804         16          0          0          0        368   daddsub_clz.o
       688        140          0          0          0        256   ddiv.o
        90          4          0          0          0        140   dfixu.o
        38          0          0          0          0        116   dflt_clz.o
       340         12          0          0          0        152   dmul.o
       156          4          0          0          0        140   dnaninf.o
        12          0          0          0          0        116   dretinf.o
        10          0          0          0          0        116   fpinit.o
         4          0          0          0          0        116   printf1.o
         4          0          0          0          0        116   printf2.o
         0          0          0          0          0          0   usenofp.o
        48          0          0          0          0        124   fpclassify.o

    ----------------------------------------------------------------------
     12416        684       1968        620        100      44938   Library Totals
        30          0          1          0          4          0   (incl. Padding)

    ----------------------------------------------------------------------

      Code (inc. data)   RO Data    RW Data    ZI Data      Debug   Library Name

      7096        342        551          0         96       4584   c_w.l
      3096        166       1416        620          0      38594   driverlib.lib
      2146        176          0          0          0       1636   fz_wm.l
        48          0          0          0          0        124   m_wm.l

    ----------------------------------------------------------------------
     12416        684       1968        620        100      44938   Library Totals

    ----------------------------------------------------------------------

==============================================================================


      Code (inc. data)   RO Data    RW Data    ZI Data      Debug   

     16872       2182       2820       2668        628      64638   Grand Totals
     16872       2182       2820        752        628      64638   ELF Image Totals (compressed)
     16872       2182       2820        752          0          0   ROM Totals

==============================================================================

    Total RO  Size (Code + RO Data)                19692 (  19.23kB)
    Total RW  Size (RW Data + ZI Data)              3296 (   3.22kB)
    Total ROM Size (Code + RO Data + RW Data)      20444 (  19.96kB)

==============================================================================

